Godot Engine v4.7.2.stable.official.ed1daf0bf - https://godotengine.org

CONTACT: Terrain_-1_0Physics:<StaticBody3D#140861508262> normal=(-0.1151, 0.988085, -0.10218) point=(-37.13261, 22.31032, 17.03338)
CONTACT: Terrain_-1_0Physics:<StaticBody3D#140861508262> normal=(-0.1151, 0.988085, -0.10218) point=(-37.13276, 22.3103, 17.03343)
ERROR: FAIL: rally grass to road at sample 80 side -1; end=(-35.35241, 22.78719, 16.19907)
   at: push_error (core/variant/variant_utility.cpp:1023)
   GDScript backtrace (most recent call first):
       [0] _check (res://tests/rally_access_smoke.gd:106)
       [1] _run (res://tests/rally_access_smoke.gd:62)
       [2] _frames (res://tests/rally_access_smoke.gd:98)
ERROR: FAIL: rally grass to road at sample 80 side 1; end=(-22.18924, 23.75298, 10.43188)
   at: push_error (core/variant/variant_utility.cpp:1023)
   GDScript backtrace (most recent call first):
       [0] _check (res://tests/rally_access_smoke.gd:106)
       [1] _run (res://tests/rally_access_smoke.gd:62)
       [2] _frames (res://tests/rally_access_smoke.gd:98)
PASS: rally grass to road at sample 115 side -1; end=(-27.18913, 16.91677, -53.2712)
PASS: rally road to grass at sample 115 side -1; end=(-33.98748, 15.81916, -55.30464)
CONTACT: Terrain_-1_-1Physics:<StaticBody3D#140811178378> normal=(-0.117011, 0.988953, -0.090997) point=(-18.8469, 17.6658, -50.31037)
CONTACT: Terrain_-1_-1Physics:<StaticBody3D#140811178378> normal=(-0.117011, 0.988953, -0.090997) point=(-18.84689, 17.6658, -50.31037)
ERROR: FAIL: rally grass to road at sample 115 side 1; end=(-20.79164, 17.84101, -49.78032)
   at: push_error (core/variant/variant_utility.cpp:1023)
   GDScript backtrace (most recent call first):
       [0] _check (res://tests/rally_access_smoke.gd:106)
       [1] _run (res://tests/rally_access_smoke.gd:62)
       [2] _frames (res://tests/rally_access_smoke.gd:98)
PASS: rally grass to road at sample 195 side -1; end=(102.3887, 25.68039, -132.6723)
PASS: rally road to grass at sample 195 side -1; end=(97.91154, 24.92917, -138.1159)
ERROR: FAIL: rally grass to road at sample 195 side 1; end=(107.499, 26.3443, -127.1353)
   at: push_error (core/variant/variant_utility.cpp:1023)
   GDScript backtrace (most recent call first):
       [0] _check (res://tests/rally_access_smoke.gd:106)
       [1] _run (res://tests/rally_access_smoke.gd:62)
       [2] _frames (res://tests/rally_access_smoke.gd:98)
CONTACT: Terrain_2_-4Physics:<StaticBody3D#142321127863> normal=(-0.055408, 0.99824, 0.021154) point=(136.91, 26.82548, -219.09)
CONTACT: Terrain_2_-4Physics:<StaticBody3D#142321127863> normal=(-0.055408, 0.99824, 0.021154) point=(136.91, 26.82548, -219.09)
CONTACT: Terrain_2_-4Physics:<StaticBody3D#142321127863> normal=(-0.055408, 0.99824, 0.021154) point=(136.91, 26.82548, -219.09)
CONTACT: Terrain_2_-4Physics:<StaticBody3D#142321127863> normal=(-0.055408, 0.99824, 0.021154) point=(136.91, 26.82548, -219.09)
CONTACT: Terrain_2_-4Physics:<StaticBody3D#142321127863> normal=(-0.055408, 0.99824, 0.021154) point=(136.91, 26.82548, -219.09)
CONTACT: Terrain_2_-4Physics:<StaticBody3D#142321127863> normal=(-0.055408, 0.99824, 0.021154) point=(136.91, 26.82548, -219.09)
ERROR: FAIL: rally grass to road at sample 245 side -1; end=(137.2918, 27.18256, -218.3526)
   at: push_error (core/variant/variant_utility.cpp:1023)
   GDScript backtrace (most recent call first):
       [0] _check (res://tests/rally_access_smoke.gd:106)
       [1] _run (res://tests/rally_access_smoke.gd:62)
       [2] _frames (res://tests/rally_access_smoke.gd:98)
PASS: rally grass to road at sample 245 side 1; end=(144.5809, 27.74925, -220.0553)
PASS: rally road to grass at sample 245 side 1; end=(151.4413, 27.9777, -221.6383)
CONTACT: Terrain_0_-5Physics:<StaticBody3D#141163498159> normal=(-0.087979, 0.993994, 0.06508) point=(42.94535, 21.91251, -271.734)
CONTACT: Terrain_0_-5Physics:<StaticBody3D#141163498159> normal=(-0.087979, 0.993994, 0.06508) point=(42.94536, 21.91251, -271.7339)
ERROR: FAIL: rally grass to road at sample 315 side -1; end=(42.48187, 22.35357, -273.6533)
   at: push_error (core/variant/variant_utility.cpp:1023)
   GDScript backtrace (most recent call first):
       [0] _check (res://tests/rally_access_smoke.gd:106)
       [1] _run (res://tests/rally_access_smoke.gd:62)
       [2] _frames (res://tests/rally_access_smoke.gd:98)
CONTACT: Gravel_308Physics:<StaticBody3D#143780743933> normal=(-0.433978, 0.02803, -0.900487) point=(36.58947, 22.38348, -284.5195)
CONTACT: Terrain_0_-5Physics:<StaticBody3D#141163498159> normal=(-0.084755, 0.993691, 0.073443) point=(35.64926, 22.44213, -288.3508)
ERROR: FAIL: rally grass to road at sample 315 side 1; end=(36.13963, 22.69827, -286.4476)
   at: push_error (core/variant/variant_utility.cpp:1023)
   GDScript backtrace (most recent call first):
       [0] _check (res://tests/rally_access_smoke.gd:106)
       [1] _run (res://tests/rally_access_smoke.gd:62)
       [2] _frames (res://tests/rally_access_smoke.gd:98)
PASS: rally grass to road at sample 405 side -1; end=(-127.2538, 15.65852, -314.5087)
PASS: rally road to grass at sample 405 side -1; end=(-130.8046, 14.87924, -308.4359)
PASS: rally grass to road at sample 405 side 1; end=(-127.0323, 15.75701, -315.4671)
PASS: rally road to grass at sample 405 side 1; end=(-123.5647, 16.27234, -321.6225)
CONTACT: Terrain_-4_-4Physics:<StaticBody3D#138999238996> normal=(0.05169, 0.995177, 0.083378) point=(-203.1762, 8.685622, -230.3117)
CONTACT: Terrain_-4_-4Physics:<StaticBody3D#138999238996> normal=(0.05169, 0.995177, 0.083378) point=(-203.1761, 8.685617, -230.3118)
ERROR: FAIL: rally grass to road at sample 475 side -1; end=(-205.139, 9.128999, -230.1024)
   at: push_error (core/variant/variant_utility.cpp:1023)
   GDScript backtrace (most recent call first):
       [0] _check (res://tests/rally_access_smoke.gd:106)
       [1] _run (res://tests/rally_access_smoke.gd:62)
       [2] _frames (res://tests/rally_access_smoke.gd:98)
CONTACT: Terrain_-4_-4Physics:<StaticBody3D#138999238996> normal=(0.06873, 0.994056, 0.084433) point=(-221.4446, 9.776497, -230.0341)
CONTACT: Terrain_-4_-4Physics:<StaticBody3D#138999238996> normal=(0.06873, 0.994056, 0.084433) point=(-221.4448, 9.77652, -230.0342)
ERROR: FAIL: rally grass to road at sample 475 side 1; end=(-219.4643, 10.02505, -230.3647)
   at: push_error (core/variant/variant_utility.cpp:1023)
   GDScript backtrace (most recent call first):
       [0] _check (res://tests/rally_access_smoke.gd:106)
       [1] _run (res://tests/rally_access_smoke.gd:62)
       [2] _frames (res://tests/rally_access_smoke.gd:98)
PASS: rally grass to road at sample 555 side -1; end=(-258.5063, 8.5115, -93.36612)
PASS: rally road to grass at sample 555 side -1; end=(-254.1382, 8.161942, -87.84834)
PASS: rally grass to road at sample 555 side 1; end=(-259.2258, 8.5559, -94.00119)
PASS: rally road to grass at sample 555 side 1; end=(-263.6685, 9.11834, -99.47089)
PASS: rally grass to road at sample 635 side -1; end=(-245.8688, 16.82911, 55.34018)
PASS: rally road to grass at sample 635 side -1; end=(-239.1193, 16.56629, 57.45916)
CONTACT: Terrain_-4_0Physics:<StaticBody3D#139200565594> normal=(0.047559, 0.996267, -0.072046) point=(-251.2154, 16.44438, 53.39634)
CONTACT: Terrain_-4_0Physics:<StaticBody3D#139200565594> normal=(0.047559, 0.996267, -0.072046) point=(-251.2156, 16.44439, 53.39629)
CONTACT: Terrain_-4_0Physics:<StaticBody3D#139200565594> normal=(0.047559, 0.996267, -0.072046) point=(-251.2156, 16.44439, 53.39627)
ERROR: FAIL: rally grass to road at sample 635 side 1; end=(-253.1707, 16.87608, 53.10466)
   at: push_error (core/variant/variant_utility.cpp:1023)
   GDScript backtrace (most recent call first):
       [0] _check (res://tests/rally_access_smoke.gd:106)
       [1] _run (res://tests/rally_access_smoke.gd:62)
       [2] _frames (res://tests/rally_access_smoke.gd:98)
PASS: rally grass to road at sample 695 side -1; end=(-326.7351, 26.18619, 141.5436)
EXIT STATE: arrived=false floor=true surface=grama velocity=(0.02717, -0.001436, 0.0)
EXIT CONTACT: Gravel_692Physics:<StaticBody3D#144384723727> normal=(0.077358, 0.995693, 0.051104) point=(-327.1152, 25.9437, 146.2671)
EXIT CONTACT: Gravel_692Physics:<StaticBody3D#144384723727> normal=(0.077358, 0.995693, 0.051104) point=(-327.1154, 25.94371, 146.2671)
ERROR: FAIL: rally road to grass at sample 695 side -1; end=(-326.0993, 26.25475, 145.9329)
   at: push_error (core/variant/variant_utility.cpp:1023)
   GDScript backtrace (most recent call first):
       [0] _check (res://tests/rally_access_smoke.gd:106)
       [1] _run (res://tests/rally_access_smoke.gd:88)
       [2] _frames (res://tests/rally_access_smoke.gd:98)
PASS: rally grass to road at sample 695 side 1; end=(-326.6739, 26.16361, 140.5916)
PASS: rally road to grass at sample 695 side 1; end=(-327.1116, 25.90764, 133.5396)
Rally access: 30 checks, 11 failures
