Godot Engine v4.7.2.stable.official.ed1daf0bf - https://godotengine.org

PASS: rally grass to road at sample 80 side -1; end=(-29.02035, 23.43974, 13.9322)
PASS: rally road to grass at sample 80 side -1; end=(-35.31284, 22.88796, 17.12242)
PASS: rally grass to road at sample 80 side 1; end=(-27.96101, 23.56839, 13.95525)
PASS: rally road to grass at sample 80 side 1; end=(-21.58963, 23.88094, 10.98222)
PASS: rally grass to road at sample 115 side -1; end=(-27.2101, 16.91512, -53.26525)
PASS: rally road to grass at sample 115 side -1; end=(-33.99224, 15.81872, -55.29174)
PASS: rally grass to road at sample 115 side 1; end=(-26.47543, 17.06953, -52.47687)
PASS: rally road to grass at sample 115 side 1; end=(-19.75495, 17.91427, -50.30909)
PASS: rally grass to road at sample 195 side -1; end=(102.3915, 25.68002, -132.6735)
PASS: rally road to grass at sample 195 side -1; end=(97.92474, 24.9305, -138.1115)
PASS: rally grass to road at sample 195 side 1; end=(103.198, 25.77396, -132.0827)
PASS: rally road to grass at sample 195 side 1; end=(107.7691, 26.26265, -126.7056)
PASS: rally grass to road at sample 245 side -1; end=(143.6498, 27.69711, -219.8099)
PASS: rally road to grass at sample 245 side -1; end=(136.7626, 27.14998, -218.2385)
PASS: rally grass to road at sample 245 side 1; end=(144.5543, 27.74859, -220.0489)
PASS: rally road to grass at sample 245 side 1; end=(151.4234, 27.97693, -221.6351)
PASS: rally grass to road at sample 315 side -1; end=(40.00574, 22.70278, -279.8755)
PASS: rally road to grass at sample 315 side -1; end=(43.22427, 22.4148, -273.585)
PASS: rally grass to road at sample 315 side 1; end=(39.71415, 22.74162, -280.7912)
PASS: rally road to grass at sample 315 side 1; end=(36.65396, 22.79009, -287.1051)
PASS: rally grass to road at sample 405 side -1; end=(-127.2517, 15.65943, -314.5191)
PASS: rally road to grass at sample 405 side -1; end=(-130.8174, 14.87771, -308.4323)
PASS: rally grass to road at sample 405 side 1; end=(-127.0257, 15.75847, -315.4755)
PASS: rally road to grass at sample 405 side 1; end=(-123.5781, 16.27061, -321.6044)
PASS: rally grass to road at sample 475 side -1; end=(-211.8604, 9.656262, -230.1227)
PASS: rally road to grass at sample 475 side -1; end=(-204.7903, 9.124056, -230.2889)
PASS: rally grass to road at sample 475 side 1; end=(-212.8177, 9.739124, -230.4157)
PASS: rally road to grass at sample 475 side 1; end=(-219.8606, 10.0513, -230.3802)
PASS: rally grass to road at sample 555 side -1; end=(-258.4962, 8.50896, -93.34913)
PASS: rally road to grass at sample 555 side -1; end=(-254.142, 8.161616, -87.8336)
PASS: rally grass to road at sample 555 side 1; end=(-259.2386, 8.555496, -94.01099)
PASS: rally road to grass at sample 555 side 1; end=(-263.6604, 9.042398, -99.44601)
PASS: rally grass to road at sample 635 side -1; end=(-245.8447, 16.8276, 55.35171)
PASS: rally road to grass at sample 635 side -1; end=(-239.1301, 16.56577, 57.46944)
PASS: rally grass to road at sample 635 side 1; end=(-246.8215, 16.85647, 55.16002)
PASS: rally road to grass at sample 635 side 1; end=(-253.5423, 16.89534, 53.14989)
PASS: rally grass to road at sample 695 side -1; end=(-326.7561, 26.18714, 141.5523)
PASS: rally road to grass at sample 695 side -1; end=(-326.3299, 26.75035, 148.5871)
PASS: rally grass to road at sample 695 side 1; end=(-326.6791, 26.16394, 140.5881)
PASS: rally road to grass at sample 695 side 1; end=(-327.1211, 25.9088, 133.5618)
Rally access: 40 checks, 0 failures
