Godot Engine v4.7.2.stable.official.ed1daf0bf - https://godotengine.org

ERROR: Parcel cannot maintain street clearance at (-136.6465, -138.3707)
   at: push_error (core/variant/variant_utility.cpp:1023)
   GDScript backtrace (most recent call first):
       [0] _safe_site (res://scripts/city/pilot_city_builder.gd:731)
       [1] _blocks (res://scripts/city/pilot_city_builder.gd:270)
       [2] build_city (res://scripts/city/pilot_city_builder.gd:54)
       [3] save_city (res://scripts/city/pilot_city_builder.gd:107)
       [4] _initialize (res://scripts/tools/build_pilot_city.gd:9)
ERROR: Parcel cannot maintain street clearance at (-134.3932, -79.75558)
   at: push_error (core/variant/variant_utility.cpp:1023)
   GDScript backtrace (most recent call first):
       [0] _safe_site (res://scripts/city/pilot_city_builder.gd:731)
       [1] _blocks (res://scripts/city/pilot_city_builder.gd:270)
       [2] build_city (res://scripts/city/pilot_city_builder.gd:54)
       [3] save_city (res://scripts/city/pilot_city_builder.gd:107)
       [4] _initialize (res://scripts/tools/build_pilot_city.gd:9)
ERROR: Parcel cannot maintain street clearance at (-20.66433, -126.5664)
   at: push_error (core/variant/variant_utility.cpp:1023)
   GDScript backtrace (most recent call first):
       [0] _safe_site (res://scripts/city/pilot_city_builder.gd:731)
       [1] _blocks (res://scripts/city/pilot_city_builder.gd:270)
       [2] build_city (res://scripts/city/pilot_city_builder.gd:54)
       [3] save_city (res://scripts/city/pilot_city_builder.gd:107)
       [4] _initialize (res://scripts/tools/build_pilot_city.gd:9)
ERROR: Parcel cannot maintain street clearance at (-62.39635, -86.77924)
   at: push_error (core/variant/variant_utility.cpp:1023)
   GDScript backtrace (most recent call first):
       [0] _safe_site (res://scripts/city/pilot_city_builder.gd:731)
       [1] _blocks (res://scripts/city/pilot_city_builder.gd:270)
       [2] build_city (res://scripts/city/pilot_city_builder.gd:54)
       [3] save_city (res://scripts/city/pilot_city_builder.gd:107)
       [4] _initialize (res://scripts/tools/build_pilot_city.gd:9)
ERROR: Parcel cannot maintain street clearance at (68.89909, -139.8559)
   at: push_error (core/variant/variant_utility.cpp:1023)
   GDScript backtrace (most recent call first):
       [0] _safe_site (res://scripts/city/pilot_city_builder.gd:731)
       [1] _blocks (res://scripts/city/pilot_city_builder.gd:270)
       [2] build_city (res://scripts/city/pilot_city_builder.gd:54)
       [3] save_city (res://scripts/city/pilot_city_builder.gd:107)
       [4] _initialize (res://scripts/tools/build_pilot_city.gd:9)
ERROR: Parcel cannot maintain street clearance at (71.52101, -78.94823)
   at: push_error (core/variant/variant_utility.cpp:1023)
   GDScript backtrace (most recent call first):
       [0] _safe_site (res://scripts/city/pilot_city_builder.gd:731)
       [1] _blocks (res://scripts/city/pilot_city_builder.gd:270)
       [2] build_city (res://scripts/city/pilot_city_builder.gd:54)
       [3] save_city (res://scripts/city/pilot_city_builder.gd:107)
       [4] _initialize (res://scripts/tools/build_pilot_city.gd:9)
ERROR: Parcel cannot maintain street clearance at (182.2104, -125.8965)
   at: push_error (core/variant/variant_utility.cpp:1023)
   GDScript backtrace (most recent call first):
       [0] _safe_site (res://scripts/city/pilot_city_builder.gd:731)
       [1] _blocks (res://scripts/city/pilot_city_builder.gd:270)
       [2] build_city (res://scripts/city/pilot_city_builder.gd:54)
       [3] save_city (res://scripts/city/pilot_city_builder.gd:107)
       [4] _initialize (res://scripts/tools/build_pilot_city.gd:9)
ERROR: Parcel cannot maintain street clearance at (140.1304, -87.25846)
   at: push_error (core/variant/variant_utility.cpp:1023)
   GDScript backtrace (most recent call first):
       [0] _safe_site (res://scripts/city/pilot_city_builder.gd:731)
       [1] _blocks (res://scripts/city/pilot_city_builder.gd:270)
       [2] build_city (res://scripts/city/pilot_city_builder.gd:54)
       [3] save_city (res://scripts/city/pilot_city_builder.gd:107)
       [4] _initialize (res://scripts/tools/build_pilot_city.gd:9)
ERROR: Parcel cannot maintain street clearance at (179.8696, -87.25846)
   at: push_error (core/variant/variant_utility.cpp:1023)
   GDScript backtrace (most recent call first):
       [0] _safe_site (res://scripts/city/pilot_city_builder.gd:731)
       [1] _blocks (res://scripts/city/pilot_city_builder.gd:270)
       [2] build_city (res://scripts/city/pilot_city_builder.gd:54)
       [3] save_city (res://scripts/city/pilot_city_builder.gd:107)
       [4] _initialize (res://scripts/tools/build_pilot_city.gd:9)
ERROR: Parcel cannot maintain street clearance at (264.6767, -135.9054)
   at: push_error (core/variant/variant_utility.cpp:1023)
   GDScript backtrace (most recent call first):
       [0] _safe_site (res://scripts/city/pilot_city_builder.gd:731)
       [1] _blocks (res://scripts/city/pilot_city_builder.gd:270)
       [2] build_city (res://scripts/city/pilot_city_builder.gd:54)
       [3] save_city (res://scripts/city/pilot_city_builder.gd:107)
       [4] _initialize (res://scripts/tools/build_pilot_city.gd:9)
ERROR: Parcel cannot maintain street clearance at (266.5044, -81.15742)
   at: push_error (core/variant/variant_utility.cpp:1023)
   GDScript backtrace (most recent call first):
       [0] _safe_site (res://scripts/city/pilot_city_builder.gd:731)
       [1] _blocks (res://scripts/city/pilot_city_builder.gd:270)
       [2] build_city (res://scripts/city/pilot_city_builder.gd:54)
       [3] save_city (res://scripts/city/pilot_city_builder.gd:107)
       [4] _initialize (res://scripts/tools/build_pilot_city.gd:9)
ERROR: Parcel cannot maintain street clearance at (-236.6119, -28.29964)
   at: push_error (core/variant/variant_utility.cpp:1023)
   GDScript backtrace (most recent call first):
       [0] _safe_site (res://scripts/city/pilot_city_builder.gd:731)
       [1] _blocks (res://scripts/city/pilot_city_builder.gd:270)
       [2] build_city (res://scripts/city/pilot_city_builder.gd:54)
       [3] save_city (res://scripts/city/pilot_city_builder.gd:107)
       [4] _initialize (res://scripts/tools/build_pilot_city.gd:9)
ERROR: Parcel cannot maintain street clearance at (-237.4558, 29.27853)
   at: push_error (core/variant/variant_utility.cpp:1023)
   GDScript backtrace (most recent call first):
       [0] _safe_site (res://scripts/city/pilot_city_builder.gd:731)
       [1] _blocks (res://scripts/city/pilot_city_builder.gd:270)
       [2] build_city (res://scripts/city/pilot_city_builder.gd:54)
       [3] save_city (res://scripts/city/pilot_city_builder.gd:107)
       [4] _initialize (res://scripts/tools/build_pilot_city.gd:9)
ERROR: Parcel cannot maintain street clearance at (-125.8513, 21.22371)
   at: push_error (core/variant/variant_utility.cpp:1023)
   GDScript backtrace (most recent call first):
       [0] _safe_site (res://scripts/city/pilot_city_builder.gd:731)
       [1] _blocks (res://scripts/city/pilot_city_builder.gd:270)
       [2] build_city (res://scripts/city/pilot_city_builder.gd:54)
       [3] save_city (res://scripts/city/pilot_city_builder.gd:107)
       [4] _initialize (res://scripts/tools/build_pilot_city.gd:9)
ERROR: Parcel cannot maintain street clearance at (-29.78391, 30.24779)
   at: push_error (core/variant/variant_utility.cpp:1023)
   GDScript backtrace (most recent call first):
       [0] _safe_site (res://scripts/city/pilot_city_builder.gd:731)
       [1] _blocks (res://scripts/city/pilot_city_builder.gd:270)
       [2] build_city (res://scripts/city/pilot_city_builder.gd:54)
       [3] save_city (res://scripts/city/pilot_city_builder.gd:107)
       [4] _initialize (res://scripts/tools/build_pilot_city.gd:9)
ERROR: Parcel cannot maintain street clearance at (80.47899, -21.75517)
   at: push_error (core/variant/variant_utility.cpp:1023)
   GDScript backtrace (most recent call first):
       [0] _safe_site (res://scripts/city/pilot_city_builder.gd:731)
       [1] _blocks (res://scripts/city/pilot_city_builder.gd:270)
       [2] build_city (res://scripts/city/pilot_city_builder.gd:54)
       [3] save_city (res://scripts/city/pilot_city_builder.gd:107)
       [4] _initialize (res://scripts/tools/build_pilot_city.gd:9)
ERROR: Parcel cannot maintain street clearance at (38.16105, 20.68663)
   at: push_error (core/variant/variant_utility.cpp:1023)
   GDScript backtrace (most recent call first):
       [0] _safe_site (res://scripts/city/pilot_city_builder.gd:731)
       [1] _blocks (res://scripts/city/pilot_city_builder.gd:270)
       [2] build_city (res://scripts/city/pilot_city_builder.gd:54)
       [3] save_city (res://scripts/city/pilot_city_builder.gd:107)
       [4] _initialize (res://scripts/tools/build_pilot_city.gd:9)
ERROR: Parcel cannot maintain street clearance at (172.1304, -29.78147)
   at: push_error (core/variant/variant_utility.cpp:1023)
   GDScript backtrace (most recent call first):
       [0] _safe_site (res://scripts/city/pilot_city_builder.gd:731)
       [1] _blocks (res://scripts/city/pilot_city_builder.gd:270)
       [2] build_city (res://scripts/city/pilot_city_builder.gd:54)
       [3] save_city (res://scripts/city/pilot_city_builder.gd:107)
       [4] _initialize (res://scripts/tools/build_pilot_city.gd:9)
ERROR: Parcel cannot maintain street clearance at (170.9272, 31.33971)
   at: push_error (core/variant/variant_utility.cpp:1023)
   GDScript backtrace (most recent call first):
       [0] _safe_site (res://scripts/city/pilot_city_builder.gd:731)
       [1] _blocks (res://scripts/city/pilot_city_builder.gd:270)
       [2] build_city (res://scripts/city/pilot_city_builder.gd:54)
       [3] save_city (res://scripts/city/pilot_city_builder.gd:107)
       [4] _initialize (res://scripts/tools/build_pilot_city.gd:9)
ERROR: Parcel cannot maintain street clearance at (-230.5442, 87.42364)
   at: push_error (core/variant/variant_utility.cpp:1023)
   GDScript backtrace (most recent call first):
       [0] _safe_site (res://scripts/city/pilot_city_builder.gd:731)
       [1] _blocks (res://scripts/city/pilot_city_builder.gd:270)
       [2] build_city (res://scripts/city/pilot_city_builder.gd:54)
       [3] save_city (res://scripts/city/pilot_city_builder.gd:107)
       [4] _initialize (res://scripts/tools/build_pilot_city.gd:9)
ERROR: Parcel cannot maintain street clearance at (-269.4565, 132.5765)
   at: push_error (core/variant/variant_utility.cpp:1023)
   GDScript backtrace (most recent call first):
       [0] _safe_site (res://scripts/city/pilot_city_builder.gd:731)
       [1] _blocks (res://scripts/city/pilot_city_builder.gd:270)
       [2] build_city (res://scripts/city/pilot_city_builder.gd:54)
       [3] save_city (res://scripts/city/pilot_city_builder.gd:107)
       [4] _initialize (res://scripts/tools/build_pilot_city.gd:9)
ERROR: Parcel cannot maintain street clearance at (-135.5487, 78.72304)
   at: push_error (core/variant/variant_utility.cpp:1023)
   GDScript backtrace (most recent call first):
       [0] _safe_site (res://scripts/city/pilot_city_builder.gd:731)
       [1] _blocks (res://scripts/city/pilot_city_builder.gd:270)
       [2] build_city (res://scripts/city/pilot_city_builder.gd:54)
       [3] save_city (res://scripts/city/pilot_city_builder.gd:107)
       [4] _initialize (res://scripts/tools/build_pilot_city.gd:9)
ERROR: Parcel cannot maintain street clearance at (-135.5493, 141.2771)
   at: push_error (core/variant/variant_utility.cpp:1023)
   GDScript backtrace (most recent call first):
       [0] _safe_site (res://scripts/city/pilot_city_builder.gd:731)
       [1] _blocks (res://scripts/city/pilot_city_builder.gd:270)
       [2] build_city (res://scripts/city/pilot_city_builder.gd:54)
       [3] save_city (res://scripts/city/pilot_city_builder.gd:107)
       [4] _initialize (res://scripts/tools/build_pilot_city.gd:9)
ERROR: Parcel cannot maintain street clearance at (70.16105, 77.58458)
   at: push_error (core/variant/variant_utility.cpp:1023)
   GDScript backtrace (most recent call first):
       [0] _safe_site (res://scripts/city/pilot_city_builder.gd:731)
       [1] _blocks (res://scripts/city/pilot_city_builder.gd:270)
       [2] build_city (res://scripts/city/pilot_city_builder.gd:54)
       [3] save_city (res://scripts/city/pilot_city_builder.gd:107)
       [4] _initialize (res://scripts/tools/build_pilot_city.gd:9)
ERROR: Parcel cannot maintain street clearance at (70.16105, 142.4154)
   at: push_error (core/variant/variant_utility.cpp:1023)
   GDScript backtrace (most recent call first):
       [0] _safe_site (res://scripts/city/pilot_city_builder.gd:731)
       [1] _blocks (res://scripts/city/pilot_city_builder.gd:270)
       [2] build_city (res://scripts/city/pilot_city_builder.gd:54)
       [3] save_city (res://scripts/city/pilot_city_builder.gd:107)
       [4] _initialize (res://scripts/tools/build_pilot_city.gd:9)
ERROR: Parcel cannot maintain street clearance at (181.0728, 88.71354)
   at: push_error (core/variant/variant_utility.cpp:1023)
   GDScript backtrace (most recent call first):
       [0] _safe_site (res://scripts/city/pilot_city_builder.gd:731)
       [1] _blocks (res://scripts/city/pilot_city_builder.gd:270)
       [2] build_city (res://scripts/city/pilot_city_builder.gd:54)
       [3] save_city (res://scripts/city/pilot_city_builder.gd:107)
       [4] _initialize (res://scripts/tools/build_pilot_city.gd:9)
ERROR: Parcel cannot maintain street clearance at (138.9266, 131.2867)
   at: push_error (core/variant/variant_utility.cpp:1023)
   GDScript backtrace (most recent call first):
       [0] _safe_site (res://scripts/city/pilot_city_builder.gd:731)
       [1] _blocks (res://scripts/city/pilot_city_builder.gd:270)
       [2] build_city (res://scripts/city/pilot_city_builder.gd:54)
       [3] save_city (res://scripts/city/pilot_city_builder.gd:107)
       [4] _initialize (res://scripts/tools/build_pilot_city.gd:9)
ERROR: Parcel cannot maintain street clearance at (265.5756, 80.64708)
   at: push_error (core/variant/variant_utility.cpp:1023)
   GDScript backtrace (most recent call first):
       [0] _safe_site (res://scripts/city/pilot_city_builder.gd:731)
       [1] _blocks (res://scripts/city/pilot_city_builder.gd:270)
       [2] build_city (res://scripts/city/pilot_city_builder.gd:54)
       [3] save_city (res://scripts/city/pilot_city_builder.gd:107)
       [4] _initialize (res://scripts/tools/build_pilot_city.gd:9)
ERROR: Parcel cannot maintain street clearance at (265.5749, 139.3531)
   at: push_error (core/variant/variant_utility.cpp:1023)
   GDScript backtrace (most recent call first):
       [0] _safe_site (res://scripts/city/pilot_city_builder.gd:731)
       [1] _blocks (res://scripts/city/pilot_city_builder.gd:270)
       [2] build_city (res://scripts/city/pilot_city_builder.gd:54)
       [3] save_city (res://scripts/city/pilot_city_builder.gd:107)
       [4] _initialize (res://scripts/tools/build_pilot_city.gd:9)
ERROR: Parcel cannot maintain street clearance at (177.8333, -179.2639)
   at: push_error (core/variant/variant_utility.cpp:1023)
   GDScript backtrace (most recent call first):
       [0] _safe_site (res://scripts/city/pilot_city_builder.gd:731)
       [1] _outer_frontages (res://scripts/city/pilot_city_builder.gd:753)
       [2] build_city (res://scripts/city/pilot_city_builder.gd:55)
       [3] save_city (res://scripts/city/pilot_city_builder.gd:107)
       [4] _initialize (res://scripts/tools/build_pilot_city.gd:9)
Pilot city: Invalid data, output res://scenes/city/pilot/pilot_city.tscn
