Godot Engine v4.7.2.stable.official.ed1daf0bf - https://godotengine.org

PASS: one connected street network encloses eighteen blocks
PASS: pilot city is the default menu destination
PASS: menu enters the connected pilot city
PASS: saved district contains all eighteen connected blocks
PASS: physical terrain area is exactly three times the original district
PASS: district fills both street frontages with homes and parked vehicles
PASS: saved home, workshop and park footprints never overlap
PASS: expanded terrain includes baked meadow grass beyond the private gardens
PASS: all authored streets offer at least eleven and a half metres of paved width
PASS: player spawns and resets on the authored sloping street
PASS: pilot uses the existing arcade vehicle without a new handling profile
PASS: all forty-five streets and their joins have real collision matching the terrain heights
PASS: street centre and both lanes remain clear of building footprints, walls and balconies
PASS: street network offers measurable low town and hillside relief
Pilot route: arrived=true offset=0.88 support=1.0000 paved=1.0000 position=(-290.1642, 3.693742, 158.9262)
PASS: outer outward completes a closed drive with real inputs
PASS: closed drive maintains support and stays on paved streets through slopes and junctions
Pilot route: arrived=true offset=1.26 support=1.0000 paved=1.0000 position=(-288.8067, 3.701896, 159.4678)
PASS: outer return completes a closed drive with real inputs
PASS: closed drive maintains support and stays on paved streets through slopes and junctions
Pilot route: arrived=true offset=0.75 support=1.0000 paved=1.0000 position=(-189.4055, 7.482816, 42.0051)
PASS: centre outward completes a closed drive with real inputs
PASS: closed drive maintains support and stays on paved streets through slopes and junctions
Pilot route: arrived=true offset=1.68 support=1.0000 paved=1.0000 position=(-187.4968, 7.471384, 42.35812)
PASS: centre return completes a closed drive with real inputs
PASS: closed drive maintains support and stays on paved streets through slopes and junctions
Pilot route: arrived=true offset=1.22 support=1.0000 paved=1.0000 position=(-5.851419, 6.376313, -164.1825)
PASS: hill outward completes a closed drive with real inputs
PASS: closed drive maintains support and stays on paved streets through slopes and junctions
Pilot route: arrived=true offset=0.65 support=0.9999 paved=1.0000 position=(-5.194997, 6.39309, -165.9744)
PASS: hill return completes a closed drive with real inputs
PASS: closed drive maintains support and stays on paved streets through slopes and junctions
Pilot route: arrived=true offset=0.01 support=1.0000 paved=1.0000 position=(-23.86363, 4.573608, 110.8475)
PASS: square driveway is physically accessible from street
Pilot route: arrived=true offset=0.01 support=1.0000 paved=1.0000 position=(-27.57339, 4.02232, 156.4463)
PASS: square driveway is physically accessible back to street
Pilot route: arrived=true offset=0.06 support=1.0000 paved=1.0000 position=(289.2716, 7.843434, 3.508883)
PASS: workshop driveway is physically accessible from street
Pilot route: arrived=true offset=0.04 support=1.0000 paved=1.0000 position=(293.1147, 7.725632, 2.88147)
PASS: workshop driveway is physically accessible back to street
PASS: one car, camera and HUD persist throughout every city route
PASS: reset returns to the original city spawn with support
PASS: existing hood camera works in the pilot city
PASS: pause freezes the pilot vehicle
PASS: pilot returns to menu and clears pause
Pilot city smoke: 35 checks, 0 failures; data /tmp/wave-pack-access.A6izng/data/godot/app_userdata/Wave
