......
----------------------------------------------------------------------
Ran 6 tests in 0.352s

OK
....
----------------------------------------------------------------------
Ran 4 tests in 0.012s

OK
Godot Engine v4.7.2.stable.official.ed1daf0bf - https://godotengine.org

[   0% ] [90m[1mfirst_scan_filesystem[22m | Started Project initialization (5 steps)[39m[0m
[   0% ] [90m[1mfirst_scan_filesystem[22m | Scanning file structure...[39m[0m
[  16% ] [90m[1mfirst_scan_filesystem[22m | Loading global class names...[39m[0m
[  33% ] [90m[1mfirst_scan_filesystem[22m | Verifying GDExtensions...[39m[0m
[  50% ] [90m[1mfirst_scan_filesystem[22m | Creating autoload scripts...[39m[0m
[  66% ] [90m[1mfirst_scan_filesystem[22m | Initializing plugins...[39m[0m
[  83% ] [90m[1mfirst_scan_filesystem[22m | Starting file scan...[39m[0m
[92m[ DONE ][39m [1mfirst_scan_filesystem[22m
[0m
[   0% ] [90m[1mupdate_scripts_classes[22m | Started Registering global classes... (11 steps)[39m[0m
[   0% ] [90m[1mupdate_scripts_classes[22m | [39m[0m
[   8% ] [90m[1mupdate_scripts_classes[22m | [39m[0m
[  16% ] [90m[1mupdate_scripts_classes[22m | [39m[0m
[  25% ] [90m[1mupdate_scripts_classes[22m | [39m[0m
[  33% ] [90m[1mupdate_scripts_classes[22m | InputSetup[39m[0m
[  41% ] [90m[1mupdate_scripts_classes[22m | PlayerCar[39m[0m
[  50% ] [90m[1mupdate_scripts_classes[22m | [39m[0m
[  58% ] [90m[1mupdate_scripts_classes[22m | [39m[0m
[  66% ] [90m[1mupdate_scripts_classes[22m | [39m[0m
[  75% ] [90m[1mupdate_scripts_classes[22m | [39m[0m
[  83% ] [90m[1mupdate_scripts_classes[22m | [39m[0m
[92m[ DONE ][39m [1mupdate_scripts_classes[22m
[0m
[   0% ] [90m[1mloading_editor_layout[22m | Started Loading editor (5 steps)[39m[0m
[   0% ] [90m[1mloading_editor_layout[22m | Loading editor layout...[39m[0m
[  16% ] [90m[1mloading_editor_layout[22m | Loading docks...[39m[0m
[  33% ] [90m[1mloading_editor_layout[22m | Reopening scenes...[39m[0m
[  50% ] [90m[1mloading_editor_layout[22m | Loading central editor layout...[39m[0m
[  66% ] [90m[1mloading_editor_layout[22m | Loading plugin window layout...[39m[0m
[  83% ] [90m[1mloading_editor_layout[22m | Editor layout ready.[39m[0m
[92m[ DONE ][39m [1mloading_editor_layout[22m
[0m
Godot Engine v4.7.2.stable.official.ed1daf0bf - https://godotengine.org

PASS: input setup is idempotent
PASS: analog throttle accepts a second controller
PASS: three seconds of throttle builds speed progressively at the reduced acceleration
PASS: straight driving remains straight
PASS: field of view expands slightly with speed
PASS: releasing the pedal coasts gradually
PASS: partial throttle applies torque above the old half-speed target
PASS: full throttle accelerates faster than partial throttle
PASS: partial reverse pedal adds torque above half reverse speed
PASS: brake stops the car before selecting reverse
PASS: holding brake engages limited reverse
PASS: right input turns right while driving forward
PASS: keyboard steering ramps up smoothly
PASS: steering angle decreases at high speed
PASS: steering reverses naturally when backing up
PASS: handbrake allows lateral sliding in a turn
PASS: tires recover grip after releasing handbrake
PASS: car does not pass through the test obstacle
PASS: collision removes forward speed
PASS: car climbs the practice ramp
PASS: car lands stably after leaving the ramp
PASS: camera arm retracts against a wall
PASS: camera stays in front of the wall
PASS: rear view switches to the front of the car
PASS: reset clears vehicle momentum
PASS: reset snaps the camera to the car
PASS: falling below the track resets the car
PASS: Escape opens the pause menu
PASS: pause freezes vehicle physics
PASS: Escape resumes driving
PASS: pause menu reset returns to driving
PASS: practice hill supports ascent, crest and continuous descent
PASS: practice bank is accessible from its low edge and aligns the car
Driving smoke test: 33 checks, 0 failures
Godot Engine v4.7.2.stable.official.ed1daf0bf - https://godotengine.org

PASS: four-wheel car ascends a continuous ramp
PASS: body and collider follow ramp pitch within two degrees
PASS: ascending car retains road contact
PASS: reverse descends the ramp along its plane
PASS: reverse preserves terrain alignment
PASS: cross slope tilts both the car and collider
PASS: suspension remains within travel limits
PASS: car crosses and descends a 12 cm curb
PASS: curb traversal raises the car without launching it
PASS: step traversal cannot climb a tall barrier
PASS: airborne car preserves horizontal launch momentum
PASS: airborne steering cannot rotate the car and gravity acts
PASS: reset clears terrain orientation and momentum
PASS: gravity reduces coasting speed uphill
PASS: gravity increases coasting speed downhill
PASS: speedometer reports speed along the slope
PASS: handbrake holds a stationary car on a hill
PASS: unbraked car rolls backward on a sufficiently steep hill
PASS: car crosses a curb in reverse
PASS: car crosses a curb diagonally with staggered wheel contact
PASS: diagonal curb crossing does not create an excessive roll
Terrain smoke test: 21 checks, 0 failures
Godot Engine v4.7.2.stable.official.ed1daf0bf - https://godotengine.org

PASS: 12 cm sidewalk at heading 0, simulation=false crosses every seam and exits at 1.2 m/s; end=(0.0, 0.350111, -19.01239)
PASS: sidewalk traversal does not launch the body
PASS: 12 cm sidewalk at heading -30, simulation=false crosses every seam and exits at 1.2 m/s; end=(12.01978, 0.350111, -19.00337)
PASS: sidewalk traversal does not launch the body
PASS: 12 cm sidewalk at heading 180, simulation=false crosses every seam and exits at 1.2 m/s; end=(0.0, 0.350114, -1.9938)
PASS: sidewalk traversal does not launch the body
PASS: 20 cm sidewalk at heading 0, simulation=false crosses every seam and exits at 1.2 m/s; end=(0.0, 0.350115, -19.00843)
PASS: sidewalk traversal does not launch the body
PASS: 20 cm sidewalk at heading -30, simulation=false crosses every seam and exits at 1.2 m/s; end=(12.72104, 0.350111, -19.00705)
PASS: sidewalk traversal does not launch the body
PASS: 20 cm sidewalk at heading 180, simulation=false crosses every seam and exits at 1.2 m/s; end=(0.0, 0.35012, -1.988103)
PASS: sidewalk traversal does not launch the body
PASS: 28 cm sidewalk at heading 0, simulation=false crosses every seam and exits at 1.2 m/s; end=(0.0, 0.350116, -19.01971)
PASS: sidewalk traversal does not launch the body
PASS: 28 cm sidewalk at heading -30, simulation=false crosses every seam and exits at 1.2 m/s; end=(14.35436, 0.350491, -19.00967)
PASS: sidewalk traversal does not launch the body
PASS: 28 cm sidewalk at heading 180, simulation=false crosses every seam and exits at 1.2 m/s; end=(0.0, 0.350995, -1.987973)
PASS: sidewalk traversal does not launch the body
PASS: 30 cm sidewalk at heading 0, simulation=false crosses every seam and exits at 1.2 m/s; end=(0.0, 0.350116, -19.035)
PASS: sidewalk traversal does not launch the body
PASS: 30 cm sidewalk at heading -30, simulation=false crosses every seam and exits at 1.2 m/s; end=(15.37974, 0.350111, -19.00474)
PASS: sidewalk traversal does not launch the body
PASS: 30 cm sidewalk at heading 180, simulation=false crosses every seam and exits at 1.2 m/s; end=(0.0, 0.350228, -1.986165)
PASS: sidewalk traversal does not launch the body
PASS: 28 cm sidewalk at heading 0, simulation=true crosses every seam and exits at 1.2 m/s; end=(0.0, 0.35094, -19.02205)
PASS: sidewalk traversal does not launch the body
PASS: 28 cm sidewalk at heading 0, simulation=false crosses every seam and exits at 18.0 m/s; end=(0.0, 0.356634, -19.25975)
PASS: sidewalk traversal does not launch the body
PASS: sidewalk crossing preserves speed; minimum=17.73 m/s
PASS: 28 cm sidewalk at heading -30, simulation=false crosses every seam and exits at 18.0 m/s; end=(11.8127, 0.351658, -19.08972)
PASS: sidewalk traversal does not launch the body
PASS: sidewalk crossing preserves speed; minimum=17.83 m/s
PASS: coarse continuous hill climbs and descends without catching; end=(-0.000711, 0.350117, -600.1589) stalled=0
Ground navigation: 33 checks, 0 failures
Godot Engine v4.7.2.stable.official.ed1daf0bf - https://godotengine.org

PASS: actual avenue sidewalk from x=3.5 to x=7.9 traverses its 28 cm lip without stopping or a guard hold; end=(7.916694, 0.480118, -62.0)
PASS: sidewalk crossing remains grounded and aligned
PASS: actual avenue sidewalk from x=7.9 to x=3.5 traverses its 28 cm lip without stopping or a guard hold; end=(3.478678, 0.350108, -62.0)
PASS: sidewalk crossing remains grounded and aligned
PASS: actual avenue sidewalk from x=-3.5 to x=-7.9 traverses its 28 cm lip without stopping or a guard hold; end=(-7.91654, 0.480112, -62.0)
PASS: sidewalk crossing remains grounded and aligned
PASS: actual avenue sidewalk from x=-7.9 to x=-3.5 traverses its 28 cm lip without stopping or a guard hold; end=(-3.484474, 0.350434, -62.0)
PASS: sidewalk crossing remains grounded and aligned
Curb access: 8 checks, 0 failures
Godot Engine v4.7.2.stable.official.ed1daf0bf - https://godotengine.org

PASS: test_track.tscn crosses ground transition (-33.0, 0.36, 30.0) -> (-33.0, 0.36, -18.0); end=(-33.0, 0.350115, -18.01177)
PASS: crossing keeps physical ground contact without streaming holds
PASS: test_track.tscn crosses ground transition (-33.0, 0.36, -18.0) -> (-33.0, 0.36, 30.0); end=(-33.0, 0.350115, 30.00607)
PASS: crossing keeps physical ground contact without streaming holds
PASS: drive_neighborhood.tscn crosses ground transition (5.0, 0.36, -34.0) -> (10.0, 0.36, -34.0); end=(10.03834, 0.51138, -34.0)
PASS: crossing keeps physical ground contact without streaming holds
PASS: drive_neighborhood.tscn crosses ground transition (10.0, 0.36, -34.0) -> (5.0, 0.36, -34.0); end=(4.974425, 0.349273, -34.0)
PASS: crossing keeps physical ground contact without streaming holds
PASS: drive_neighborhood.tscn crosses ground transition (-5.0, 0.36, -34.0) -> (-10.0, 0.36, -34.0); end=(-10.03843, 0.511374, -34.0)
PASS: crossing keeps physical ground contact without streaming holds
PASS: drive_neighborhood.tscn crosses ground transition (-10.0, 0.36, -34.0) -> (-5.0, 0.36, -34.0); end=(-4.974607, 0.349274, -34.0)
PASS: crossing keeps physical ground contact without streaming holds
PASS: drive_corridor.tscn crosses ground transition (3.5, 0.36, -62.0) -> (7.9, 0.36, -62.0); end=(7.901607, 0.480375, -62.0)
PASS: crossing keeps physical ground contact without streaming holds
PASS: drive_corridor.tscn crosses ground transition (7.9, 0.36, -62.0) -> (3.5, 0.36, -62.0); end=(3.459725, 0.350367, -62.0)
PASS: crossing keeps physical ground contact without streaming holds
PASS: drive_corridor.tscn crosses ground transition (-3.5, 0.36, -62.0) -> (-7.9, 0.36, -62.0); end=(-7.901619, 0.48038, -62.0)
PASS: crossing keeps physical ground contact without streaming holds
PASS: drive_corridor.tscn crosses ground transition (-7.9, 0.36, -62.0) -> (-3.5, 0.36, -62.0); end=(-3.465722, 0.35094, -62.0)
PASS: crossing keeps physical ground contact without streaming holds
PASS: drive_streamed_corridor.tscn crosses ground transition (3.5, 0.36, -62.0) -> (7.9, 0.36, -62.0); end=(7.901631, 0.480413, -62.0)
PASS: crossing keeps physical ground contact without streaming holds
PASS: drive_streamed_corridor.tscn crosses ground transition (7.9, 0.36, -62.0) -> (3.5, 0.36, -62.0); end=(3.459728, 0.350435, -62.0)
PASS: crossing keeps physical ground contact without streaming holds
PASS: drive_streamed_corridor.tscn crosses ground transition (-3.5, 0.36, -62.0) -> (-7.9, 0.36, -62.0); end=(-7.901619, 0.48038, -62.0)
PASS: crossing keeps physical ground contact without streaming holds
PASS: drive_streamed_corridor.tscn crosses ground transition (-7.9, 0.36, -62.0) -> (-3.5, 0.36, -62.0); end=(-3.466251, 0.350857, -62.0)
PASS: crossing keeps physical ground contact without streaming holds
PASS: drive_intercity.tscn crosses ground transition (3.5, 0.36, -62.0) -> (7.9, 0.36, -62.0); end=(7.901631, 0.480413, -62.0)
PASS: crossing keeps physical ground contact without streaming holds
PASS: drive_intercity.tscn crosses ground transition (7.9, 0.36, -62.0) -> (3.5, 0.36, -62.0); end=(3.459728, 0.350435, -62.0)
PASS: crossing keeps physical ground contact without streaming holds
PASS: drive_intercity.tscn crosses ground transition (-3.5, 0.36, -62.0) -> (-7.9, 0.36, -62.0); end=(-7.901619, 0.48038, -62.0)
PASS: crossing keeps physical ground contact without streaming holds
PASS: drive_intercity.tscn crosses ground transition (-7.9, 0.36, -62.0) -> (-3.5, 0.36, -62.0); end=(-3.462489, 0.350282, -62.0)
PASS: crossing keeps physical ground contact without streaming holds
PASS: drive_intercity.tscn crosses ground transition (3.5, 0.36, -1130.0) -> (7.9, 0.36, -1130.0); end=(7.92762, 0.460115, -1130.0)
PASS: crossing keeps physical ground contact without streaming holds
PASS: drive_intercity.tscn crosses ground transition (7.9, 0.36, -1130.0) -> (3.5, 0.36, -1130.0); end=(3.468856, 0.350116, -1130.0)
PASS: crossing keeps physical ground contact without streaming holds
PASS: drive_intercity.tscn crosses ground transition (-3.5, 0.36, -1130.0) -> (-7.9, 0.36, -1130.0); end=(-7.91762, 0.460115, -1130.0)
PASS: crossing keeps physical ground contact without streaming holds
PASS: drive_intercity.tscn crosses ground transition (-7.9, 0.36, -1130.0) -> (-3.5, 0.36, -1130.0); end=(-3.468198, 0.350116, -1130.0)
PASS: crossing keeps physical ground contact without streaming holds
PASS: drive_intercity.tscn crosses ground transition (13.19909, 0.36, -480.0) -> (6.699088, 0.36, -480.0); end=(6.698289, 0.350115, -480.0)
PASS: crossing keeps physical ground contact without streaming holds
PASS: drive_intercity.tscn crosses ground transition (6.699088, 0.36, -480.0) -> (13.19909, 0.36, -480.0); end=(13.1999, 0.350941, -480.0)
PASS: crossing keeps physical ground contact without streaming holds
PASS: drive_intercity.tscn crosses ground transition (20.19909, 0.36, -480.0) -> (26.69909, 0.36, -480.0); end=(26.69989, 0.350113, -480.0)
PASS: crossing keeps physical ground contact without streaming holds
PASS: drive_intercity.tscn crosses ground transition (26.69909, 0.36, -480.0) -> (20.19909, 0.36, -480.0); end=(20.19831, 0.3501, -480.0)
PASS: crossing keeps physical ground contact without streaming holds
PASS: drive_intercity.tscn crosses ground transition (-10.91424, 0.36, -850.0) -> (-17.41424, 0.36, -850.0); end=(-17.41501, 0.350509, -850.0)
PASS: crossing keeps physical ground contact without streaming holds
PASS: drive_intercity.tscn crosses ground transition (-17.41424, 0.36, -850.0) -> (-10.91424, 0.36, -850.0); end=(-10.91345, 0.350114, -850.0)
PASS: crossing keeps physical ground contact without streaming holds
PASS: drive_intercity.tscn crosses ground transition (-3.91424, 0.36, -850.0) -> (2.58576, 0.36, -850.0); end=(2.586554, 0.350942, -850.0)
PASS: crossing keeps physical ground contact without streaming holds
PASS: drive_intercity.tscn crosses ground transition (2.58576, 0.36, -850.0) -> (-3.91424, 0.36, -850.0); end=(-3.915038, 0.350114, -850.0)
PASS: crossing keeps physical ground contact without streaming holds
PASS: drive_race.tscn crosses ground transition (40.03663, 0.36, 386.2051) -> (40.12057, 0.36, 377.2055); end=(40.12078, 0.349213, 377.1757)
PASS: crossing keeps physical ground contact without streaming holds
PASS: drive_race.tscn crosses ground transition (40.12057, 0.36, 377.2055) -> (40.03663, 0.36, 386.2051); end=(40.03646, 0.349274, 386.2352)
PASS: crossing keeps physical ground contact without streaming holds
PASS: drive_race.tscn crosses ground transition (39.96202, 0.36, 394.2047) -> (39.87809, 0.36, 403.2043); end=(39.87786, 0.350652, 403.2342)
PASS: crossing keeps physical ground contact without streaming holds
PASS: drive_race.tscn crosses ground transition (39.87809, 0.36, 403.2043) -> (39.96202, 0.36, 394.2047); end=(39.96221, 0.349274, 394.1749)
PASS: crossing keeps physical ground contact without streaming holds
PASS: drive_race.tscn crosses ground transition (482.275, 0.36, -118.0719) -> (474.043, 0.36, -114.434); end=(474.0159, 0.349275, -114.4219)
PASS: crossing keeps physical ground contact without streaming holds
PASS: drive_race.tscn crosses ground transition (474.043, 0.36, -114.434) -> (482.275, 0.36, -118.0719); end=(482.3029, 0.350584, -118.084)
PASS: crossing keeps physical ground contact without streaming holds
PASS: drive_race.tscn crosses ground transition (489.5923, 0.36, -121.3056) -> (497.8243, 0.36, -124.9436); end=(497.8519, 0.349253, -124.9556)
PASS: crossing keeps physical ground contact without streaming holds
PASS: drive_race.tscn crosses ground transition (497.8243, 0.36, -124.9436) -> (489.5923, 0.36, -121.3056); end=(489.5648, 0.350357, -121.2935)
PASS: crossing keeps physical ground contact without streaming holds
PASS: drive_race.tscn crosses ground transition (-188.5462, 0.36, -360.711) -> (-189.9236, 0.36, -351.817); end=(-189.9281, 0.350941, -351.7871)
PASS: crossing keeps physical ground contact without streaming holds
PASS: drive_race.tscn crosses ground transition (-189.9236, 0.36, -351.817) -> (-188.5462, 0.36, -360.711); end=(-188.5419, 0.350937, -360.7408)
PASS: crossing keeps physical ground contact without streaming holds
PASS: drive_race.tscn crosses ground transition (-187.322, 0.36, -368.6168) -> (-185.9446, 0.36, -377.5107); end=(-185.9402, 0.350306, -377.5403)
PASS: crossing keeps physical ground contact without streaming holds
PASS: drive_race.tscn crosses ground transition (-185.9446, 0.36, -377.5107) -> (-187.322, 0.36, -368.6168); end=(-187.3266, 0.35094, -368.5876)
PASS: crossing keeps physical ground contact without streaming holds
PASS: drive_elevation.tscn crosses ground transition (8.27506, 13.44591, -230.0) -> (1.77506, 13.44591, -230.0); end=(1.767419, 13.43081, -229.9365)
PASS: crossing keeps physical ground contact without streaming holds
PASS: drive_elevation.tscn crosses ground transition (1.77506, 13.44591, -230.0) -> (8.27506, 13.44591, -230.0); end=(8.282708, 13.43127, -229.9395)
PASS: crossing keeps physical ground contact without streaming holds
PASS: drive_elevation.tscn crosses ground transition (15.27506, 13.44591, -230.0) -> (21.77506, 13.44591, -230.0); end=(21.78273, 13.43118, -229.9387)
PASS: crossing keeps physical ground contact without streaming holds
PASS: drive_elevation.tscn crosses ground transition (21.77506, 13.44591, -230.0) -> (15.27506, 13.44591, -230.0); end=(15.26739, 13.43122, -229.9391)
PASS: crossing keeps physical ground contact without streaming holds
PASS: drive_elevation.tscn crosses ground transition (-7.050436, 5.915849, -425.0) -> (-13.55044, 5.915849, -425.0); end=(-13.55105, 5.901098, -425.063)
PASS: crossing keeps physical ground contact without streaming holds
PASS: drive_elevation.tscn crosses ground transition (-13.55044, 5.915849, -425.0) -> (-7.050436, 5.915849, -425.0); end=(-7.049836, 5.901114, -425.0633)
PASS: crossing keeps physical ground contact without streaming holds
PASS: drive_elevation.tscn crosses ground transition (-0.050437, 5.915849, -425.0) -> (6.449564, 5.915849, -425.0); end=(6.450172, 5.901186, -425.0625)
PASS: crossing keeps physical ground contact without streaming holds
PASS: drive_elevation.tscn crosses ground transition (6.449564, 5.915849, -425.0) -> (-0.050437, 5.915849, -425.0); end=(-0.051031, 5.901276, -425.0617)
PASS: crossing keeps physical ground contact without streaming holds
Map ground access: 100 checks, 0 failures
Godot Engine v4.7.2.stable.official.ed1daf0bf - https://godotengine.org

PASS (arcade): 24 cm curb is traversable at walking speed
PASS (arcade): tall barriers still stop the vehicle
PASS (arcade): curb descent in reverse preserves support
PASS (arcade): 24 cm curb also works diagonally
PASS (arcade): parking brake holds a 17 degree hill
PASS (arcade): motor launches uphill despite a small rollback
PASS (arcade): half brake decelerates progressively without instant stopping
PASS (arcade): full brake is stronger and remains traction limited
PASS (arcade): handbrake develops a controllable sideways slide
PASS (arcade): sliding recovers smoothly after the handbrake is released
PASS (arcade): speed governor holds a low limit under sustained throttle
PASS (arcade): overspeed removes engine torque without abrupt automatic braking
PASS (arcade): low grip limits engine traction in both handling profiles
PASS (arcade): pressing both pedals respects the low-grip braking limit
PASS (arcade): real launch gains about forty percent of the previous speed with the same throttle
Launch comparison: previous=32.32 km/h reduced=12.97 km/h ratio=0.401
PASS (arcade): eight seconds of powered cornering stays planted instead of sustaining a drift
PASS (arcade): grip correction preserves useful cornering speed and ground support
PASS (arcade): releasing steering recovers a straight line under throttle
PASS (arcade): holding the handbrake stops pure sideways momentum
PASS (arcade): short handbrake input still initiates a deliberate slide
PASS (arcade): handbrake slide settles even when throttle and steering remain held
PASS (arcade): reset clears rotation inertia as well as momentum
PASS (simulation): 24 cm curb is traversable at walking speed
PASS (simulation): tall barriers still stop the vehicle
PASS (simulation): curb descent in reverse preserves support
PASS (simulation): 24 cm curb also works diagonally
PASS (simulation): parking brake holds a 17 degree hill
PASS (simulation): motor launches uphill despite a small rollback
PASS (simulation): half brake decelerates progressively without instant stopping
PASS (simulation): full brake is stronger and remains traction limited
PASS (simulation): handbrake develops a controllable sideways slide
PASS (simulation): sliding recovers smoothly after the handbrake is released
PASS (simulation): speed governor holds a low limit under sustained throttle
PASS (simulation): overspeed removes engine torque without abrupt automatic braking
PASS (simulation): low grip limits engine traction in both handling profiles
PASS (simulation): pressing both pedals respects the low-grip braking limit
Handling checks: 36 passed / 0 failed
Godot Engine v4.7.2.stable.official.ed1daf0bf - https://godotengine.org

PASS: default car allows 220 km/h
PASS: map footprint is five times the previous area
PASS: real 0–100 acceleration follows the sixty-percent reduction
Measured 0–100: 8.00 s
PASS: full throttle sustains a 220 km/h cruise on the real map
PASS: long outer avenue is continuous at maximum speed
PASS: actual travel speed agrees with the 220 km/h speedometer
PASS: high-speed coasting loses speed progressively
PASS: brakes stop the car from high speed within the available straight
PASS: 220 km/h collision does not tunnel through a thin barrier
PASS: reduced acceleration still reaches 220 km/h under engine power
Measured powered 0–220: 35.48 s
PASS: high-speed steering respects the tire-force limit
PASS: full steering at 220 km/h produces a stable broad turn
PASS: tires cannot erase a large lateral slip in one physics frame
PASS: reset clears high-speed momentum and steering
High speed smoke test: 14 checks, 0 failures
Godot Engine v4.7.2.stable.official.ed1daf0bf - https://godotengine.org

PASS: saved body normals remain finite and normalized for lighting
PASS: common vehicle starts with luminous lenses and two working headlights
PASS: headlight command disables both beams and lens emission
PASS: holding the headlight command never toggles repeatedly
PASS: headlight command leaves other cars' lights unchanged
PASS: vehicle reset preserves the chosen headlight state
PASS: next headlight command restores beams and lens emission together
PASS: saved car carries independent brake and reverse optics
PASS: brake pedal illuminates both rear brake lenses
PASS: braking never changes another car's shared mesh material
PASS: backward motion enables reverse optics without holding brake lights
PASS: braking backward with the forward pedal also lights the brake lenses
PASS: reset immediately clears the reverse lights
Car visuals: 13 checks, 0 failures
Godot Engine v4.7.2.stable.official.ed1daf0bf - https://godotengine.org

PASS: camera gamepad bindings are idempotent
PASS: mouse motion rotates the camera horizontally and vertically
PASS: camera holds its angle briefly after manual input
PASS: return starts gradually rather than snapping
PASS: inactivity restores the automatic chase view
PASS: vertical mouse orbit cannot move the chase camera below the car
PASS: right-stick drift inside the deadzone leaves the camera centered
PASS: right stick controls the camera on a second controller
PASS: R3 starts a smooth return without waiting for the idle delay
PASS: menu mouse motion never rotates the paused camera
PASS: Circle closes the pause menu
PASS: Circle cancels pause without also resetting the vehicle
PASS: Square switches to the hood camera
PASS: mouse also looks around from the hood camera
PASS: Triangle overrides the orbit with a direct rear view
PASS: releasing rear view restores the manual orbit
PASS: vehicle reset clears manual camera offsets
PASS: a fresh Circle press while driving still resets the vehicle
PASS: R2, L2 and left stick remain independent analog driving controls
PASS: Cross selects the default pilot-city menu action
Camera and gamepad: 20 checks, 0 failures
Godot Engine v4.7.2.stable.official.ed1daf0bf - https://godotengine.org

PASS: neighborhood spawn is clear and grounded
PASS: HUD identifies the current world
PASS: serialized render geometry matches the floor and buildings: 
PASS: validation detects collision parent displaced from visible geometry
PASS: validation accepts a shared world transform for geometry and colliders
PASS: saving and reloading the map preserves all render placements
Map geometry: 2540 batches, 21514 primitive instances, 321824 triangles (excluding text, car, shadows)
PASS: north-south street -70.0 is continuous through intersections
PASS: east-west street -70.0 is continuous through intersections
PASS: north-south street 0.0 is continuous through intersections
PASS: east-west street 0.0 is continuous through intersections
PASS: north-south street 70.0 is continuous through intersections
PASS: east-west street 70.0 is continuous through intersections
PASS: expanded outer north-south street -210.0 spans 460 m
PASS: expanded outer east-west street -210.0 spans 460 m
PASS: expanded outer north-south street 210.0 spans 460 m
PASS: expanded outer east-west street 210.0 spans 460 m
PASS: driveway admits the car without a curb blocking access
PASS: garage facade blocks the car
PASS: road-end barrier prevents leaving the neighborhood
PASS: reset returns to the neighborhood spawn
PASS: F3 displays performance diagnostics
PASS: F3 hides performance diagnostics
PASS: pause menu changes from neighborhood to test track
PASS: pause menu returns to the neighborhood
PASS: world transitions restore active gameplay
PASS: world transitions do not duplicate input bindings
Neighborhood smoke test: 26 checks, 0 failures
Godot Engine v4.7.2.stable.official.ed1daf0bf - https://godotengine.org

PASS: race spawn is grounded behind the start line
PASS: closed circuit has at least 3 km of continuous driving
PASS: circuit closes with sixteen ordered checkpoints
PASS: spatial lookup preserves exact road distance on asphalt and off track
PASS: crossing finish in reverse cannot start or finish a lap
PASS: crossing beside the track cannot count as a checkpoint
PASS: a full lap driven with the real controller completes all checkpoints
PASS: full-lap test remains on asphalt without gaps or obstructing rails
PASS: lap timer stores the completed lap and best time
PASS: teleport cannot award a lap
PASS: leaving the asphalt invalidates the current lap
PASS: reset clears current run while preserving session best
PASS: pause freezes the race timer
PASS: race pause menu returns to the neighborhood
PASS: neighborhood pause menu opens the circuit
Race smoke test: 15 checks, 0 failures, max route error 2.39 m
Godot Engine v4.7.2.stable.official.ed1daf0bf - https://godotengine.org

PASS: braking and cornering share the friction circle
PASS: front-wheel traction limits acceleration more on gravel
PASS: acceleration transfers load away from the driven front axle
PASS: braking transfers load toward the front axle
PASS: steering develops tire force and angular acceleration
PASS: yaw inertia delays the turning response
PASS: reset clears tire and yaw state
PASS: stationary steering injects no movement
PASS: reverse steering reverses the yaw response
PASS: rear handbrake reduces lateral recovery on gravel
PASS: tire and yaw integration are stable across time steps
PASS: rally starts grounded with the new handling profile
PASS: 220 km/h limit and reduced motor torque remain configured
PASS: complete 1.5 km point-to-point stage has ordered controls
PASS: stage has substantial real elevation changes
PASS: wheel rays identify starting asphalt
PASS: traction-based launch is progressive, below 100 km/h after three seconds
PASS: physically crossing the start activates the stage clock
Rally route: waypoint=738/746 frames=8706 floor=1.000 max waypoint distance=6.43 surface=cascalho
PASS: car drives the complete asphalt/gravel stage through elevation and bends
PASS: suspension contact remains stable through the stage
PASS: ordered physical crossings finish the timed stage
PASS: clean physical stage records the best time
PASS: gravel contacts switch tire adhesion
PASS: car follows the actual terrain angle
PASS: tiny rollback on a hill cannot repeatedly lock the reverse delay
PASS: V selects the hood camera
PASS: reset restores the chase view and a fresh run
PASS: pausing stops the stage clock
PASS: quality preset selects 1080p with shadows and MSAA
PASS: quality preset enables ambient occlusion in the rally
PASS: economy preset disables additional rally effects
Rally checks: 31 passed / 0 failed
Godot Engine v4.7.2.stable.official.ed1daf0bf - https://godotengine.org

PASS: rally grass to road at sample 80 side -1; end=(-29.02035, 23.43974, 13.9322)
PASS: rally road to grass at sample 80 side -1; end=(-35.31284, 22.88796, 17.12242)
PASS: rally grass to road at sample 80 side 1; end=(-27.96101, 23.56839, 13.95525)
PASS: rally road to grass at sample 80 side 1; end=(-21.58963, 23.88094, 10.98222)
PASS: rally grass to road at sample 115 side -1; end=(-27.2101, 16.91512, -53.26525)
PASS: rally road to grass at sample 115 side -1; end=(-33.99224, 15.81872, -55.29174)
PASS: rally grass to road at sample 115 side 1; end=(-26.47543, 17.06953, -52.47687)
PASS: rally road to grass at sample 115 side 1; end=(-19.75495, 17.91427, -50.30909)
PASS: rally grass to road at sample 195 side -1; end=(102.3915, 25.68002, -132.6735)
PASS: rally road to grass at sample 195 side -1; end=(97.92474, 24.9305, -138.1115)
PASS: rally grass to road at sample 195 side 1; end=(103.198, 25.77396, -132.0827)
PASS: rally road to grass at sample 195 side 1; end=(107.7691, 26.26265, -126.7056)
PASS: rally grass to road at sample 245 side -1; end=(143.6498, 27.69711, -219.8099)
PASS: rally road to grass at sample 245 side -1; end=(136.7626, 27.14998, -218.2385)
PASS: rally grass to road at sample 245 side 1; end=(144.5543, 27.74859, -220.0489)
PASS: rally road to grass at sample 245 side 1; end=(151.4234, 27.97693, -221.6351)
PASS: rally grass to road at sample 315 side -1; end=(40.00574, 22.70278, -279.8755)
PASS: rally road to grass at sample 315 side -1; end=(43.22427, 22.4148, -273.585)
PASS: rally grass to road at sample 315 side 1; end=(39.71415, 22.74162, -280.7912)
PASS: rally road to grass at sample 315 side 1; end=(36.65396, 22.79009, -287.1051)
PASS: rally grass to road at sample 405 side -1; end=(-127.2517, 15.65943, -314.5191)
PASS: rally road to grass at sample 405 side -1; end=(-130.8174, 14.87771, -308.4323)
PASS: rally grass to road at sample 405 side 1; end=(-127.0257, 15.75847, -315.4755)
PASS: rally road to grass at sample 405 side 1; end=(-123.5781, 16.27061, -321.6044)
PASS: rally grass to road at sample 475 side -1; end=(-211.8604, 9.656262, -230.1227)
PASS: rally road to grass at sample 475 side -1; end=(-204.7903, 9.124056, -230.2889)
PASS: rally grass to road at sample 475 side 1; end=(-212.8177, 9.739124, -230.4157)
PASS: rally road to grass at sample 475 side 1; end=(-219.8606, 10.0513, -230.3802)
PASS: rally grass to road at sample 555 side -1; end=(-258.4962, 8.50896, -93.34913)
PASS: rally road to grass at sample 555 side -1; end=(-254.142, 8.161616, -87.8336)
PASS: rally grass to road at sample 555 side 1; end=(-259.2386, 8.555496, -94.01099)
PASS: rally road to grass at sample 555 side 1; end=(-263.6604, 9.042398, -99.44601)
PASS: rally grass to road at sample 635 side -1; end=(-245.8447, 16.8276, 55.35171)
PASS: rally road to grass at sample 635 side -1; end=(-239.1301, 16.56577, 57.46944)
PASS: rally grass to road at sample 635 side 1; end=(-246.8215, 16.85647, 55.16002)
PASS: rally road to grass at sample 635 side 1; end=(-253.5423, 16.89534, 53.14989)
PASS: rally grass to road at sample 695 side -1; end=(-326.7561, 26.18714, 141.5523)
PASS: rally road to grass at sample 695 side -1; end=(-326.3299, 26.75035, 148.5871)
PASS: rally grass to road at sample 695 side 1; end=(-326.6791, 26.16394, 140.5881)
PASS: rally road to grass at sample 695 side 1; end=(-327.1211, 25.9088, 133.5618)
Rally access: 40 checks, 0 failures
Godot Engine v4.7.2.stable.official.ed1daf0bf - https://godotengine.org

PASS: every tree retains both close volume and a distant representation
PASS: saved LOD dependencies pair the same sectors without missing crowns/trunks
PASS: distant trees use one silhouette card without alpha-shadow passes
PASS: grass fades before its sector cutoff rather than rendering hundreds of meters away
PASS: billboard rotation has conservative saved culling bounds
PASS: terrain uses authored UV density without three texture projections
PASS: road material receives continuous lateral coordinates for tracks and natural shoulders
PASS: visual LOD leaves road and terrain collision adhesion intact
PASS: cullable road chunks preserve all route bands without missing sections
PASS: all terrain tiles retain detailed near geometry and multiple distant LODs
PASS: 3D textures use mip chains and GPU compression across circuit and rally
PASS: a rotating billboard remains inside its bounds from every viewing direction
PASS: GPU frame timing uses actual time even when engine delta is capped
PASS: pause/resume excludes the paused gap from measured frames
PASS: stopped capture does not accumulate frames
Rally visual checks: 15 passed / 0 failed
Godot Engine v4.7.2.stable.official.ed1daf0bf - https://godotengine.org

PASS: Engine starts with real audio data
PASS: Engine loops with a valid sample range
PASS: Ambience starts with real audio data
PASS: Ambience loops with a valid sample range
PASS: Music starts with real audio data
PASS: Music loops with a valid sample range
PASS: engine pitch responds to driving
PASS: reset restores idle engine pitch
PASS: pause suspends every audio layer
PASS: pause opens the audio options
PASS: audio options focus the first slider for keyboard/controller
PASS: engine slider changes its separate bus
PASS: zero music volume mutes the music bus
PASS: music mute leaves the engine enabled
PASS: Escape returns from audio options to the pause menu
PASS: resuming restores audio playback
PASS: saved volume reloads from the configuration file
PASS: saved mute is reapplied to the bus
Audio smoke test: 18 checks, 0 failures
Godot Engine v4.7.2.stable.official.ed1daf0bf - https://godotengine.org

PASS: engine volume survives restarting the game
PASS: music mute survives restarting the game
Audio smoke test: 2 checks, 0 failures
Godot Engine v4.7.2.stable.official.ed1daf0bf - https://godotengine.org

PASS: project starts at the main menu
PASS: main menu focuses the pilot city for keyboard and controller
PASS: pilot city is the first driving option and visible without scrolling
PASS: main menu opens audio settings
PASS: Escape closes audio and restores focus
PASS: graphics settings open with focus
PASS: fullscreen preference disables window resolution selection
PASS: window resolution selection changes preferences
PASS: invalid graphic values are rejected
PASS: FPS limit selection updates the graphics preference
PASS: invalid FPS limits cannot replace a valid selection
PASS: Escape returns from graphics to main menu
PASS: Drive starts the neighborhood
PASS: antialiasing option updates saved graphics preferences
PASS: shadow option updates the current world while paused
PASS: Escape from graphics keeps the world paused
PASS: graphics reload reapplies saved values to the world
PASS: graphics settings carry over to the test track
PASS: return to main menu clears pause and driving audio
PASS: new driving session retains graphic preferences
PASS: headless mode refuses to report rendered performance
PASS: balanced mode keeps shadows and MSAA with lightweight rally effects
PASS: balanced mode synchronizes its effects control
PASS: high profile uses 1080p without requiring Forward+ effects
PASS: legacy profile targets native 720p and updates the paused world
PASS: legacy profile synchronizes visible resolution
PASS: presets retain the Compatibility renderer
PASS: economy mode applies the lightweight windowed profile
PASS: economy mode synchronizes the visible controls
Menu smoke test: 29 checks, 0 failures
Godot Engine v4.7.2.stable.official.ed1daf0bf - https://godotengine.org

PASS: graphics preferences survive restarting the process
Menu smoke test: 1 checks, 0 failures
Godot Engine v4.7.2.stable.official.ed1daf0bf - https://godotengine.org

PASS: one connected street network encloses eighteen blocks
PASS: pilot generator saves into isolated user data
PASS: offline regeneration preserves terrain, streets, UVs, placements and all collision
PASS: pilot city is the default menu destination
PASS: menu enters the connected pilot city
PASS: saved district contains all eighteen connected blocks
PASS: physical terrain area is exactly three times the original district
PASS: district fills both street frontages with homes and parked vehicles
PASS: saved home, workshop and park footprints never overlap
PASS: expanded terrain includes baked meadow grass beyond the private gardens
PASS: all authored streets offer at least eleven and a half metres of paved width
PASS: player spawns and resets on the authored sloping street
PASS: pilot uses the existing arcade vehicle without a new handling profile
PASS: all forty-five streets and their joins have real collision matching the terrain heights
PASS: street centre and both lanes remain clear of building footprints, walls and balconies
PASS: street network offers measurable low town and hillside relief
Pilot route: arrived=true offset=0.88 support=1.0000 paved=1.0000 position=(-290.1642, 3.693742, 158.9262)
PASS: outer outward completes a closed drive with real inputs
PASS: closed drive maintains support and stays on paved streets through slopes and junctions
Pilot route: arrived=true offset=1.26 support=1.0000 paved=1.0000 position=(-288.8067, 3.701896, 159.4678)
PASS: outer return completes a closed drive with real inputs
PASS: closed drive maintains support and stays on paved streets through slopes and junctions
Pilot route: arrived=true offset=0.75 support=1.0000 paved=1.0000 position=(-189.4055, 7.482816, 42.0051)
PASS: centre outward completes a closed drive with real inputs
PASS: closed drive maintains support and stays on paved streets through slopes and junctions
Pilot route: arrived=true offset=1.68 support=1.0000 paved=1.0000 position=(-187.4968, 7.471384, 42.35812)
PASS: centre return completes a closed drive with real inputs
PASS: closed drive maintains support and stays on paved streets through slopes and junctions
Pilot route: arrived=true offset=1.22 support=1.0000 paved=1.0000 position=(-5.851419, 6.376313, -164.1825)
PASS: hill outward completes a closed drive with real inputs
PASS: closed drive maintains support and stays on paved streets through slopes and junctions
Pilot route: arrived=true offset=0.65 support=0.9999 paved=1.0000 position=(-5.194997, 6.39309, -165.9744)
PASS: hill return completes a closed drive with real inputs
PASS: closed drive maintains support and stays on paved streets through slopes and junctions
Pilot route: arrived=true offset=0.01 support=1.0000 paved=1.0000 position=(-23.86363, 4.573608, 110.8475)
PASS: square driveway is physically accessible from street
Pilot route: arrived=true offset=0.01 support=1.0000 paved=1.0000 position=(-27.57339, 4.02232, 156.4463)
PASS: square driveway is physically accessible back to street
Pilot route: arrived=true offset=0.06 support=1.0000 paved=1.0000 position=(289.2716, 7.843434, 3.508883)
PASS: workshop driveway is physically accessible from street
Pilot route: arrived=true offset=0.04 support=1.0000 paved=1.0000 position=(293.1147, 7.725632, 2.88147)
PASS: workshop driveway is physically accessible back to street
PASS: one car, camera and HUD persist throughout every city route
PASS: reset returns to the original city spawn with support
PASS: existing hood camera works in the pilot city
PASS: pause freezes the pilot vehicle
PASS: pilot returns to menu and clears pause
Pilot city smoke: 37 checks, 0 failures; data /tmp/wave-check.93DfvB/pilot_city/godot/app_userdata/Wave
Godot Engine v4.7.2.stable.official.ed1daf0bf - https://godotengine.org

Curb result: { "edge": "0-1", "side": -1.0, "returning": false, "reverse": false, "speed": 1.2, "arrived": true, "stalled_frames": 0, "air_frames": 0, "max_clearance": 0.42983579157342, "max_height_jump": 0.00713732620971, "minimum_speed": 1.19006037712097, "end": "(-280.6925, 4.255364, -170.6966)" }
PASS: actual curved hillside sidewalk traverses without catching: 0-1 side -1.0 reverse false speed 1.2
PASS: sidewalk transition preserves support without launching the vehicle
PASS: sidewalk contact changes height progressively rather than stepping the body upward
Curb result: { "edge": "0-1", "side": -1.0, "returning": true, "reverse": true, "speed": 2.5, "arrived": true, "stalled_frames": 0, "air_frames": 0, "max_clearance": 0.38917338299412, "max_height_jump": 0.01334810856559, "minimum_speed": 2.49923992156982, "end": "(-279.1134, 4.379629, -162.8222)" }
PASS: actual curved hillside sidewalk traverses without catching: 0-1 side -1.0 reverse true speed 2.5
PASS: sidewalk transition preserves support without launching the vehicle
PASS: sidewalk contact changes height progressively rather than stepping the body upward
Curb result: { "edge": "0-1", "side": 1.0, "returning": false, "reverse": false, "speed": 1.2, "arrived": true, "stalled_frames": 0, "air_frames": 0, "max_clearance": 0.51016697307433, "max_height_jump": 0.00703289830164, "minimum_speed": 1.19002199172974, "end": "(-282.4857, 4.469105, -147.7411)" }
PASS: actual curved hillside sidewalk traverses without catching: 0-1 side 1.0 reverse false speed 1.2
PASS: sidewalk transition preserves support without launching the vehicle
PASS: sidewalk contact changes height progressively rather than stepping the body upward
Curb result: { "edge": "0-1", "side": 1.0, "returning": true, "reverse": true, "speed": 2.5, "arrived": true, "stalled_frames": 0, "air_frames": 0, "max_clearance": 0.51752498166768, "max_height_jump": 0.01352162080318, "minimum_speed": 2.49060082435608, "end": "(-279.5733, 4.452908, -155.3036)" }
PASS: actual curved hillside sidewalk traverses without catching: 0-1 side 1.0 reverse true speed 2.5
PASS: sidewalk transition preserves support without launching the vehicle
PASS: sidewalk contact changes height progressively rather than stepping the body upward
Curb result: { "edge": "8-9", "side": -1.0, "returning": false, "reverse": false, "speed": 1.2, "arrived": true, "stalled_frames": 0, "air_frames": 0, "max_clearance": 0.41152189890716, "max_height_jump": 0.00439471132948, "minimum_speed": 1.18958377838135, "end": "(-176.9684, 6.252762, -77.73322)" }
PASS: actual curved hillside sidewalk traverses without catching: 8-9 side -1.0 reverse false speed 1.2
PASS: sidewalk transition preserves support without launching the vehicle
PASS: sidewalk contact changes height progressively rather than stepping the body upward
Curb result: { "edge": "8-9", "side": -1.0, "returning": true, "reverse": true, "speed": 2.5, "arrived": true, "stalled_frames": 0, "air_frames": 0, "max_clearance": 0.47055134278072, "max_height_jump": 0.01430072182099, "minimum_speed": 2.49003839492798, "end": "(-176.1347, 6.419652, -69.73695)" }
PASS: actual curved hillside sidewalk traverses without catching: 8-9 side -1.0 reverse true speed 2.5
PASS: sidewalk transition preserves support without launching the vehicle
PASS: sidewalk contact changes height progressively rather than stepping the body upward
Curb result: { "edge": "8-9", "side": 1.0, "returning": false, "reverse": false, "speed": 1.2, "arrived": true, "stalled_frames": 0, "air_frames": 0, "max_clearance": 0.50864919778687, "max_height_jump": 0.00571311743912, "minimum_speed": 1.19021010398865, "end": "(-181.0513, 6.75121, -53.04882)" }
PASS: actual curved hillside sidewalk traverses without catching: 8-9 side 1.0 reverse false speed 1.2
PASS: sidewalk transition preserves support without launching the vehicle
PASS: sidewalk contact changes height progressively rather than stepping the body upward
Curb result: { "edge": "8-9", "side": 1.0, "returning": true, "reverse": true, "speed": 2.5, "arrived": true, "stalled_frames": 0, "air_frames": 0, "max_clearance": 0.51652971054839, "max_height_jump": 0.01611172778925, "minimum_speed": 2.48939275741577, "end": "(-177.6513, 6.610927, -60.28308)" }
PASS: actual curved hillside sidewalk traverses without catching: 8-9 side 1.0 reverse true speed 2.5
PASS: sidewalk transition preserves support without launching the vehicle
PASS: sidewalk contact changes height progressively rather than stepping the body upward
Curb result: { "edge": "4-5", "side": -1.0, "returning": false, "reverse": false, "speed": 1.2, "arrived": true, "stalled_frames": 0, "air_frames": 0, "max_clearance": 0.51049797851418, "max_height_jump": 0.00712311152033, "minimum_speed": 1.19012987613678, "end": "(122.9529, 12.54978, -152.8166)" }
PASS: actual curved hillside sidewalk traverses without catching: 4-5 side -1.0 reverse false speed 1.2
PASS: sidewalk transition preserves support without launching the vehicle
PASS: sidewalk contact changes height progressively rather than stepping the body upward
Curb result: { "edge": "4-5", "side": -1.0, "returning": true, "reverse": true, "speed": 2.5, "arrived": true, "stalled_frames": 0, "air_frames": 0, "max_clearance": 0.5195093387345, "max_height_jump": 0.01452022052272, "minimum_speed": 2.48947310447693, "end": "(121.4323, 12.74102, -144.8968)" }
PASS: actual curved hillside sidewalk traverses without catching: 4-5 side -1.0 reverse true speed 2.5
PASS: sidewalk transition preserves support without launching the vehicle
PASS: sidewalk contact changes height progressively rather than stepping the body upward
Curb result: { "edge": "4-5", "side": 1.0, "returning": false, "reverse": false, "speed": 1.2, "arrived": true, "stalled_frames": 0, "air_frames": 0, "max_clearance": 0.5126342685857, "max_height_jump": 0.00843513523071, "minimum_speed": 1.19081330299377, "end": "(113.182, 12.69977, -131.9675)" }
PASS: actual curved hillside sidewalk traverses without catching: 4-5 side 1.0 reverse false speed 1.2
PASS: sidewalk transition preserves support without launching the vehicle
PASS: sidewalk contact changes height progressively rather than stepping the body upward
Curb result: { "edge": "4-5", "side": 1.0, "returning": true, "reverse": true, "speed": 2.5, "arrived": true, "stalled_frames": 0, "air_frames": 0, "max_clearance": 0.51791015541433, "max_height_jump": 0.0144881983118, "minimum_speed": 2.49000072479248, "end": "(118.4911, 12.80012, -138.1386)" }
PASS: actual curved hillside sidewalk traverses without catching: 4-5 side 1.0 reverse true speed 2.5
PASS: sidewalk transition preserves support without launching the vehicle
PASS: sidewalk contact changes height progressively rather than stepping the body upward
Curb result: { "edge": "25-26", "side": -1.0, "returning": false, "reverse": false, "speed": 1.2, "arrived": true, "stalled_frames": 0, "air_frames": 0, "max_clearance": 0.50878897103703, "max_height_jump": 0.007030826536, "minimum_speed": 1.19052374362946, "end": "(157.6306, 5.771043, 165.5036)" }
PASS: actual curved hillside sidewalk traverses without catching: 25-26 side -1.0 reverse false speed 1.2
PASS: sidewalk transition preserves support without launching the vehicle
PASS: sidewalk contact changes height progressively rather than stepping the body upward
Curb result: { "edge": "25-26", "side": -1.0, "returning": true, "reverse": true, "speed": 2.5, "arrived": true, "stalled_frames": 0, "air_frames": 0, "max_clearance": 0.51726576252313, "max_height_jump": 0.01352649965388, "minimum_speed": 2.49102258682251, "end": "(161.9745, 5.741614, 172.2959)" }
PASS: actual curved hillside sidewalk traverses without catching: 25-26 side -1.0 reverse true speed 2.5
PASS: sidewalk transition preserves support without launching the vehicle
PASS: sidewalk contact changes height progressively rather than stepping the body upward
Curb result: { "edge": "25-26", "side": 1.0, "returning": false, "reverse": false, "speed": 1.2, "arrived": true, "stalled_frames": 0, "air_frames": 0, "max_clearance": 0.50776588614228, "max_height_jump": 0.00637209032629, "minimum_speed": 1.19011402130127, "end": "(163.9896, 5.563014, 187.6373)" }
PASS: actual curved hillside sidewalk traverses without catching: 25-26 side 1.0 reverse false speed 1.2
PASS: sidewalk transition preserves support without launching the vehicle
PASS: sidewalk contact changes height progressively rather than stepping the body upward
Curb result: { "edge": "25-26", "side": 1.0, "returning": true, "reverse": true, "speed": 2.5, "arrived": true, "stalled_frames": 0, "air_frames": 0, "max_clearance": 0.51747674980794, "max_height_jump": 0.01525798436369, "minimum_speed": 2.48886585235596, "end": "(164.034, 5.672239, 179.6053)" }
PASS: actual curved hillside sidewalk traverses without catching: 25-26 side 1.0 reverse true speed 2.5
PASS: sidewalk transition preserves support without launching the vehicle
PASS: sidewalk contact changes height progressively rather than stepping the body upward
Curb result: { "edge": "4-5", "side": 1.0, "returning": false, "reverse": false, "speed": 10.0, "arrived": true, "stalled_frames": 0, "air_frames": 0, "max_clearance": 0.50665032846059, "max_height_jump": 0.02524790110587, "minimum_speed": 9.98118019104004, "end": "(113.3954, 12.71204, -131.7393)" }
PASS: actual curved hillside sidewalk traverses without catching: 4-5 side 1.0 reverse false speed 10.0
PASS: sidewalk transition preserves support without launching the vehicle
PASS: sidewalk contact changes height progressively rather than stepping the body upward
PASS: urban-speed crossing retains at least seventy percent of approach speed
Curb result: { "edge": "25-26", "side": 1.0, "returning": false, "reverse": false, "speed": 10.0, "arrived": true, "stalled_frames": 0, "air_frames": 0, "max_clearance": 0.5058667270406, "max_height_jump": 0.02492286914368, "minimum_speed": 9.97196578979492, "end": "(164.0289, 5.564022, 187.7491)" }
PASS: actual curved hillside sidewalk traverses without catching: 25-26 side 1.0 reverse false speed 10.0
PASS: sidewalk transition preserves support without launching the vehicle
PASS: sidewalk contact changes height progressively rather than stepping the body upward
PASS: urban-speed crossing retains at least seventy percent of approach speed
Pilot curb: 56 checks, 0 failures; /tmp/wave-check.93DfvB/pilot_curb/godot/app_userdata/Wave
Godot Engine v4.7.2.stable.official.ed1daf0bf - https://godotengine.org

PASS: empty capture has no fabricated FPS
PASS: statistics preserve chronological frame order
PASS: average FPS uses frame count divided by actual duration
PASS: percentiles and worst frame expose different pacing properties
PASS: 1 percent low and hitch counts expose an isolated slow frame
PASS: 1 percent tail rounds up and averages the slowest intervals
PASS: short captures handle a one-frame percentile safely
PASS: normal capture avoids blocking GPU timestamp queries on legacy drivers
Performance capture: /tmp/wave-check.93DfvB/performance/godot/app_userdata/Wave/performance/2026-10-09T21-10-44-431
PASS: memory diagnostics inspect retained capture counts without altering saved intervals
PASS: capture writes all artifacts and stops recording
PASS: capture preserves unfocused intervals instead of silently discarding them
PASS: JSON preserves captured configuration and route identity
PASS: unavailable monitors remain null rather than zero cost
PASS: raw frame CSV retains hitch location and chronological intervals
PASS: finishing twice does not overwrite completed capture
Performance capture: /tmp/wave-check.93DfvB/performance/godot/app_userdata/Wave/performance/2026-10-09T21-10-44-432
PASS: manual resizing ends capture before mixing resolutions
PASS: old preferences survive with a safe default for new optional effects
PASS: graphics presets preserve the chosen FPS limit
PASS: unknown preset cannot change saved graphics
Performance smoke test: 19 checks, 0 failures
Godot Engine v4.7.2.stable.official.ed1daf0bf - https://godotengine.org

PASS: offline corridor preserves deterministic placements and colliders after saving
PASS: same seed and authored layout reproduce the corridor
PASS: corridor records 600 metres and seed
PASS: both authored landmarks persist in the generated scene
PASS: static corridor signs avoid the measured first-use cost of runtime 3D fonts
PASS: billboards keep conservative rotating visibility bounds
Corridor inventory: 515 nodes, 1729 batched instances, 851 box colliders
PASS: main menu opens the visual corridor
PASS: corridor spawn is clear and grounded
PASS: avenue is continuously driveable through both intersections
PASS: cheap Legacy contact shadow follows the car without altering physics
PASS: side street connects across the avenue without blocking curbs
PASS: workshop forecourt is accessible and the closed facade stops the car
PASS: reset retains the corridor spawn and camera contract
PASS: return to menu releases corridor audio and pause
Corridor smoke test: 14 checks, 0 failures
Godot Engine v4.7.2.stable.official.ed1daf0bf - https://godotengine.org

PASS: offline cell pipeline writes independent cells and shared resources into an isolated directory
PASS: cell ownership preserves every original batched prop, collider and landmark in world coordinates
PASS: offline regeneration reproduces all cell placements/collisions
PASS: clipping preserves the area of ground, road, patches, wires and vertex-occlusion surfaces without duplicating geometry
PASS: serialized generated surfaces preserve deterministic geometry areas
PASS: all standalone surfaces are clipped to their owning cell boundaries
Corridor cells smoke test: 6 checks, 0 failures
Godot Engine v4.7.2.stable.official.ed1daf0bf - https://godotengine.org

PASS: offline manifest contains exactly three independently stored cells
PASS: cell vale-0 owns a bounded floor and local colliders
PASS: cell vale-1 owns a bounded floor and local colliders
PASS: cell vale-2 owns a bounded floor and local colliders
PASS: partition preserves 850 props and replaces one global floor with three touching floors
PASS: cells share external materials rather than embedding complete independent palettes
PASS: startup observer retains chronological entry intervals and stops only after support is ready
PASS: stationary spawn activates only its supporting cell; preload expands with movement
PASS: 220 km/h outward traversal crosses both seams without missing support or a safety hold
PASS: far first cell releases nodes/resources while the ending cell remains supported
PASS: player camera and HUD identities survive cell transitions
PASS: return drive reloads the first cell and crosses both seams with continuous support
PASS: resident set respects the configured three-cell cap
PASS: serialized cell floor seams have real collision support on both sides
PASS: boundary reversal uses hysteresis without load/unload cycling
PASS: reset reactivates original support before driving resumes
PASS: injected slow I/O holds motion while no supporting cell exists
PASS: pause freezes activation and movement even if threaded I/O completes
PASS: obsolete first-cell result is drained without activation after teleport
PASS: delayed teleport resumes only after destination support is registered
ERROR: Cannot open file 'user://missing-cell.tscn'.
   at: load (scene/resources/resource_format_text.cpp:1442)
ERROR: Failed loading resource: user://missing-cell.tscn.
   at: _load (core/io/resource_loader.cpp:317)
WARNING: Streaming: Threaded load failed
     at: push_warning (core/variant/variant_utility.cpp:1033)
     GDScript backtrace (most recent call first):
         [0] _fail (res://scripts/world/world_streamer.gd:342)
         [1] _poll (res://scripts/world/world_streamer.gd:178)
         [2] _process (res://scripts/world/world_streamer.gd:129)
PASS: missing resource fails once and cannot drop the car or retry every frame
WARNING: Streaming: Cell root must be Node3D
     at: push_warning (core/variant/variant_utility.cpp:1033)
     GDScript backtrace (most recent call first):
         [0] _fail (res://scripts/world/world_streamer.gd:342)
         [1] _activate_one (res://scripts/world/world_streamer.gd:207)
         [2] _process (res://scripts/world/world_streamer.gd:132)
PASS: invalid root activation is rejected and released safely
WARNING: Streaming: Cell lacks the declared collision support
     at: push_warning (core/variant/variant_utility.cpp:1033)
     GDScript backtrace (most recent call first):
         [0] _fail (res://scripts/world/world_streamer.gd:342)
         [1] _activate_one (res://scripts/world/world_streamer.gd:212)
         [2] _process (res://scripts/world/world_streamer.gd:132)
PASS: a Node3D cell without the promised collision floor cannot authorize movement
WARNING: Streaming: Unknown neighboring cell
     at: push_warning (core/variant/variant_utility.cpp:1033)
     GDScript backtrace (most recent call first):
         [0] _fail (res://scripts/world/world_streamer.gd:342)
         [1] _read_manifest (res://scripts/world/world_streamer.gd:87)
         [2] _ready (res://scripts/world/world_streamer.gd:63)
         [3] _open (res://tests/streaming_smoke.gd:203)
         [4] _run (res://tests/streaming_smoke.gd:155)
         [5] _close (res://tests/streaming_smoke.gd:213)
         [6] _frames (res://tests/streaming_smoke.gd:233)
PASS: invalid manifest neighbors fail before any load request
PASS: outstanding loader result is consumed before shutdown
PASS: world destruction with a pending load frees streamer/audio and drains without a callback to freed nodes
PASS: Enter on the selected legacy streaming action opens the city walk
PASS: HUD returns from streamed world to menu and releases audio even during loading
Streaming smoke test: 28 checks, 0 failures
Godot Engine v4.7.2.stable.official.ed1daf0bf - https://godotengine.org

PASS: offline pipeline saves exactly one distant group per corridor cell
PASS: regeneration preserves merged geometry colors and tree placements exactly
PASS: distant groups use two render batches without opaque textures shadows or collision support
PASS: three distant groups preserve authored silhouettes with 1324 total triangles including trees
PASS: distant artifact cannot preload or pin any detailed cell scene
PASS: spawn draws detailed current cell and distant unloaded neighbors without overlapping representations
PASS: preloaded neighbor becomes detailed inside the entry distance
PASS: distant rendering leaves actual resident floor collision and streamer support intact
PASS: hysteresis preserves the previous representation through reversals inside its band
PASS: released starting cell retains its distant silhouette while destination supports motion
PASS: A/B diagnostic disables proxies and restores every resident detailed visual
PASS: closing world releases all distant representation nodes
HLOD smoke test: 12 checks, 0 failures
Godot Engine v4.7.2.stable.official.ed1daf0bf - https://godotengine.org

PASS: four-cell route reuses the authored urban cell unchanged
PASS: urban, rural, highway and town boundaries are contiguous with reciprocal neighbors
PASS: route generator saves independently into isolated user data
PASS: cell 1 preserves serialized geometry, placement, UVs and collision on regeneration
PASS: cell 2 preserves serialized geometry, placement, UVs and collision on regeneration
PASS: cell 3 preserves serialized geometry, placement, UVs and collision on regeneration
PASS: the new menu action opens the continuous journey
PASS: normal vehicle inputs traverse urban, rural curves, highway and town with stable support
PASS: outward traversal has no streaming safety holds or load failures
PASS: town arrival unloads the urban cell under the existing three-cell residency cap
PASS: all three joins have real collision across the full road width
PASS: return drive reloads the urban cell without a gap or safety hold
PASS: car, camera and HUD identities persist through four regions
PASS: resident set stays bounded as total world cells increase
PASS: reset restores the original urban spawn with registered collision
PASS: journey returns to the menu and restores pause state
Intercity smoke test: 16 checks, 0 failures; data /tmp/wave-check.93DfvB/intercity/godot/app_userdata/Wave
Godot Engine v4.7.2.stable.official.ed1daf0bf - https://godotengine.org

Access avenue to square through the open curb: arrived=true deviation=0.000 end=(-27.02975, 0.350535, -1240.0)
PASS: avenue to square through the open curb is physically drivable
PASS: avenue to square through the open curb maintains support without streaming holds
Access square back to avenue: arrived=true deviation=0.000 end=(3.529695, 0.350942, -1240.0)
PASS: square back to avenue is physically drivable
PASS: square back to avenue maintains support without streaming holds
Access crossroad to the eastern side street: arrived=true deviation=0.000 end=(45.02317, 0.350117, -1180.0)
PASS: crossroad to the eastern side street is physically drivable
PASS: crossroad to the eastern side street maintains support without streaming holds
Access road to rural stop through its fence opening: arrived=true deviation=0.000 end=(-21.05912, 0.350117, -300.0)
PASS: road to rural stop through its fence opening is physically drivable
PASS: road to rural stop through its fence opening maintains support without streaming holds
Access rural stop back to road: arrived=true deviation=0.000 end=(6.251516, 0.350117, -300.0)
PASS: rural stop back to road is physically drivable
PASS: rural stop back to road maintains support without streaming holds
Access highway to roadside refuge through its fence opening: arrived=true deviation=0.000 end=(20.03942, 0.350941, -810.0)
PASS: highway to roadside refuge through its fence opening is physically drivable
PASS: highway to roadside refuge through its fence opening maintains support without streaming holds
Access roadside refuge back to highway: arrived=true deviation=0.000 end=(-8.482551, 0.350941, -810.0)
PASS: roadside refuge back to highway is physically drivable
PASS: roadside refuge back to highway maintains support without streaming holds
PASS: town exploration preserves the bounded resident set
Town access smoke test: 15 checks, 0 failures
Godot Engine v4.7.2.stable.official.ed1daf0bf - https://godotengine.org

PASS: rural stop outward brakes from 80 km/h, turns into the entrance and stops
PASS: rural stop outward maintains ground support throughout the approach and turn
Maneuver rural stop outward: turn entry 15.0 km/h, stopped at (-23.28574, 0.350941, -300.0002), exit (8.60874, 0.350116, -329.1524)
PASS: rural stop outward returns to its travel lane using vehicle inputs
PASS: rural stop returning brakes from 80 km/h, turns into the entrance and stops
PASS: rural stop returning maintains ground support throughout the approach and turn
Maneuver rural stop returning: turn entry 13.9 km/h, stopped at (-22.53772, 0.350941, -299.9997), exit (-2.465859, 0.350116, -270.8731)
PASS: rural stop returning returns to its travel lane using vehicle inputs
PASS: highway refuge outward brakes from 80 km/h, turns into the entrance and stops
PASS: highway refuge outward maintains ground support throughout the approach and turn
Maneuver highway refuge outward: turn entry 13.9 km/h, stopped at (19.952, 0.350218, -810.0006), exit (-5.161229, 0.350211, -839.1265)
PASS: highway refuge outward returns to its travel lane using vehicle inputs
PASS: highway refuge returning brakes from 80 km/h, turns into the entrance and stops
PASS: highway refuge returning maintains ground support throughout the approach and turn
Maneuver highway refuge returning: turn entry 14.1 km/h, stopped at (19.34656, 0.349277, -809.9994), exit (-18.14791, 0.350909, -780.848)
PASS: highway refuge returning returns to its travel lane using vehicle inputs
PASS: town square outward brakes from 80 km/h, turns into the entrance and stops
PASS: town square outward maintains ground support throughout the approach and turn
Maneuver town square outward: turn entry 19.1 km/h, stopped at (-26.34871, 0.350941, -1239.999), exit (3.445086, 0.35014, -1269.12)
PASS: town square outward returns to its travel lane using vehicle inputs
PASS: town square returning brakes from 80 km/h, turns into the entrance and stops
PASS: town square returning maintains ground support throughout the approach and turn
Maneuver town square returning: turn entry 19.1 km/h, stopped at (-27.06458, 0.349957, -1240.001), exit (-3.561155, 0.350942, -1210.88)
PASS: town square returning returns to its travel lane using vehicle inputs
PASS: six stop maneuvers preserve bounded streaming without load failures
Stop maneuver smoke test: 19 checks, 0 failures
Godot Engine v4.7.2.stable.official.ed1daf0bf - https://godotengine.org

PASS: offline terrain regenerates into isolated user data
PASS: cell 0 preserves saved meshes, normals, UVs and collision on regeneration
PASS: cell 1 preserves saved meshes, normals, UVs and collision on regeneration
PASS: cell 2 preserves saved meshes, normals, UVs and collision on regeneration
PASS: cell 3 preserves saved meshes, normals, UVs and collision on regeneration
PASS: tree placements survive headless generation and loading of saved scenes
PASS: distant ridge meshes regenerate without introducing physics support
PASS: saved asphalt, shoulders and paint have matching positions and UVs at every cell join
PASS: menu opens the isolated elevation lab
PASS: spawn has registered physical support
PASS: real steering inputs follow the bends while climbing and descending the 18 m hill
PASS: normal outward trip needs no safety hold
PASS: four-cell trip releases terrain under the three-cell cap
PASS: all elevation joins have real support across road and shoulders
PASS: return follows the curves and reloads the first cell without holds
ERROR: FAIL: right shoulder supports a real drive through bends, crest and two cell seams
   at: push_error (core/variant/variant_utility.cpp:1023)
   GDScript backtrace (most recent call first):
       [0] _check (res://tests/elevation_smoke.gd:260)
       [1] _run (res://tests/elevation_smoke.gd:90)
       [2] _drive (res://tests/elevation_smoke.gd:214)
       [3] _frames (res://tests/elevation_smoke.gd:229)
ERROR: FAIL: left shoulder supports the opposite-direction drive through the hill
   at: push_error (core/variant/variant_utility.cpp:1023)
   GDScript backtrace (most recent call first):
       [0] _check (res://tests/elevation_smoke.gd:260)
       [1] _run (res://tests/elevation_smoke.gd:96)
       [2] _drive (res://tests/elevation_smoke.gd:214)
       [3] _frames (res://tests/elevation_smoke.gd:229)
PASS: car, camera and HUD persist across terrain changes
PASS: reset restores the flat spawn with real support
PASS: missing physical collision freezes motion even when the cell is resident
PASS: restoring collision releases the safety hold
PASS: a missing terrain triangle is rejected before activation
PASS: delayed terrain load holds an elevated seam teleport
PASS: delayed seam releases only after both physical surfaces register
WARNING: Streaming: Cell lacks the declared collision support
     at: push_warning (core/variant/variant_utility.cpp:1033)
     GDScript backtrace (most recent call first):
         [0] _fail (res://scripts/world/world_streamer.gd:342)
         [1] _activate_one (res://scripts/world/world_streamer.gd:212)
         [2] _process (res://scripts/world/world_streamer.gd:132)
PASS: invalid terrain fails activation and holds the car without attaching an unsafe cell
PASS: lab returns to menu and clears pause
Elevation smoke: 26 checks, 2 failures; target_kmh=64.8 outward={ "arrived": true, "grounded": true, "air_frames": 0, "max_height": 18.3517456054688, "max_pitch": 0.1400525867939, "max_offset": 1.31003103900127, "end": (3.49486, 0.350117, -740.0832) } return={ "arrived": true, "grounded": true, "air_frames": 0, "max_height": 18.351806640625, "max_pitch": 0.14032088220119, "max_offset": 1.19246275045586, "end": (3.473709, 0.350117, -14.99796) } shoulder={ "arrived": true, "grounded": true, "air_frames": 0, "max_height": 18.3510894775391, "max_pitch": 0.14023737609386, "max_offset": 6.96389305649851, "end": (-2.054679, 2.068173, -460.059) } left_shoulder={ "arrived": true, "grounded": true, "air_frames": 0, "max_height": 18.3511276245117, "max_pitch": 0.14015778899193, "max_offset": 1.09541864987469, "end": (-3.076874, 2.979791, -149.8939) }
