Godot Engine v4.7.2.stable.official.ed1daf0bf - https://godotengine.org

PASS: lookout entrance is drivable through the open shoulder
PASS: lookout entrance preserves contact without a streaming hold
PASS: lookout exit is drivable through the open shoulder
PASS: lookout exit preserves contact without a streaming hold
PASS: shelter pillar has real obstacle collision outside the parking path
PASS: distant scenery cannot authorize driving beyond the support bounds
PASS: lookout exploration respects the existing residency cap
Elevation access: 7 checks, 0 failures
Godot Engine v4.7.2.stable.official.ed1daf0bf - https://godotengine.org

PASS: entering the lab starts a fresh optional trip
PASS: trip panel stays on screen without overlapping telemetry
PASS: real driving crosses the first two ordered route gates
PASS: passing the crest requests parking without awarding roadside arrival
PASS: entering the destination while moving does not complete the trip
PASS: standing in the parking area starts the arrival dwell
PASS: missing physical support cancels dwell without awarding arrival
PASS: restored support starts a fresh arrival dwell
PASS: pause freezes the arrival dwell
PASS: two seconds parked completes the trip and updates the HUD
PASS: the live trip holds only for the deliberately removed floor
PASS: exploration after arrival preserves the completed trip
PASS: R restarts both car and trip
PASS: jumping directly to the parking area cannot award a trip
PASS: pause-menu reset restarts the activity and resumes play
PASS: driving outside the road cannot skip the first route gate
PASS: returning to menu frees the activity and clears pause
PASS: a new visit begins a fresh session trip
Lookout trip: 18 checks, 0 failures
Godot Engine v4.7.2.stable.official.ed1daf0bf - https://godotengine.org

Neighborhood saved to user://neighborhood-generated.tscn
Serialized render transforms, visibility bounds and floor/buildings validated.
Godot Engine v4.7.2.stable.official.ed1daf0bf - https://godotengine.org

Circuit: 3241 m, 649 route samples; saved OK
Godot Engine v4.7.2.stable.official.ed1daf0bf - https://godotengine.org

Rally: 1516 m / 746 samples; saved OK
Godot Engine v4.7.2.stable.official.ed1daf0bf - https://godotengine.org

PASS: placements in separate spatial sectors produce separate batches
PASS: finishing twice cannot duplicate saved placements
PASS: new cell does not inherit old batches or colliders
PASS: new build does not mutate the previous cell palette
PASS: each cell assigns ownership to its own packed root
PASS: offline neighborhood artifacts are available
PASS: regenerated neighborhood preserves nodes, placements, collision shapes, materials and visibility: []
PASS: offline race artifacts are available
PASS: regenerated race preserves nodes, placements, collision shapes, materials and visibility: []
PASS: offline rally artifacts are available
PASS: regenerated rally preserves nodes, placements, collision shapes, materials and visibility: []
Offline assembly smoke test: 11 checks, 0 failures
