Godot Engine v4.7.2.stable.official.ed1daf0bf - https://godotengine.org

Access avenue to square through the open curb: arrived=true deviation=0.000 end=(-27.02975, 0.350535, -1240.0)
PASS: avenue to square through the open curb is physically drivable
PASS: avenue to square through the open curb maintains support without streaming holds
Access square back to avenue: arrived=true deviation=0.000 end=(3.529695, 0.350942, -1240.0)
PASS: square back to avenue is physically drivable
PASS: square back to avenue maintains support without streaming holds
Access crossroad to the eastern side street: arrived=true deviation=0.000 end=(45.02317, 0.350117, -1180.0)
PASS: crossroad to the eastern side street is physically drivable
PASS: crossroad to the eastern side street maintains support without streaming holds
Access road to rural stop through its fence opening: arrived=true deviation=0.000 end=(-21.05912, 0.350117, -300.0)
PASS: road to rural stop through its fence opening is physically drivable
PASS: road to rural stop through its fence opening maintains support without streaming holds
Access rural stop back to road: arrived=true deviation=0.000 end=(6.251516, 0.350117, -300.0)
PASS: rural stop back to road is physically drivable
PASS: rural stop back to road maintains support without streaming holds
Access highway to roadside refuge through its fence opening: arrived=true deviation=0.000 end=(20.03942, 0.350941, -810.0)
PASS: highway to roadside refuge through its fence opening is physically drivable
PASS: highway to roadside refuge through its fence opening maintains support without streaming holds
Access roadside refuge back to highway: arrived=true deviation=0.000 end=(-8.482551, 0.350941, -810.0)
PASS: roadside refuge back to highway is physically drivable
PASS: roadside refuge back to highway maintains support without streaming holds
PASS: town exploration preserves the bounded resident set
Town access smoke test: 15 checks, 0 failures
