Godot Engine v4.7.2.stable.official.ed1daf0bf - https://godotengine.org

PASS: rural stop outward brakes from 80 km/h, turns into the entrance and stops
PASS: rural stop outward maintains ground support throughout the approach and turn
Maneuver rural stop outward: turn entry 16.5 km/h, stopped at (-23.13736, 0.350115, -299.9998), exit (8.620866, 0.350116, -329.1575)
PASS: rural stop outward returns to its travel lane using vehicle inputs
PASS: rural stop returning brakes from 80 km/h, turns into the entrance and stops
PASS: rural stop returning maintains ground support throughout the approach and turn
Maneuver rural stop returning: turn entry 14.9 km/h, stopped at (-23.13147, 0.350941, -300.0002), exit (-2.434258, 0.350941, -270.8927)
PASS: rural stop returning returns to its travel lane using vehicle inputs
PASS: highway refuge outward brakes from 80 km/h, turns into the entrance and stops
PASS: highway refuge outward maintains ground support throughout the approach and turn
Maneuver highway refuge outward: turn entry 19.3 km/h, stopped at (19.50806, 0.350941, -810.0004), exit (-5.192034, 0.350604, -839.1526)
PASS: highway refuge outward returns to its travel lane using vehicle inputs
PASS: highway refuge returning brakes from 80 km/h, turns into the entrance and stops
PASS: highway refuge returning maintains ground support throughout the approach and turn
Maneuver highway refuge returning: turn entry 20.5 km/h, stopped at (20.02065, 0.350941, -809.9998), exit (-18.16147, 0.350941, -780.8309)
PASS: highway refuge returning returns to its travel lane using vehicle inputs
PASS: town square outward brakes from 80 km/h, turns into the entrance and stops
PASS: town square outward maintains ground support throughout the approach and turn
Maneuver town square outward: turn entry 22.1 km/h, stopped at (-27.10237, 0.349275, -1239.998), exit (3.472075, 0.350213, -1269.103)
PASS: town square outward returns to its travel lane using vehicle inputs
PASS: town square returning brakes from 80 km/h, turns into the entrance and stops
PASS: town square returning maintains ground support throughout the approach and turn
Maneuver town square returning: turn entry 22.1 km/h, stopped at (-27.35428, 0.350187, -1239.999), exit (-3.527435, 0.35094, -1210.896)
PASS: town square returning returns to its travel lane using vehicle inputs
PASS: six stop maneuvers preserve bounded streaming without load failures
Stop maneuver smoke test: 19 checks, 0 failures
