Godot Engine v4.7.2.stable.official.ed1daf0bf - https://godotengine.org

ERROR: FAIL: driving captures the mouse
   at: push_error (core/variant/variant_utility.cpp:1023)
   GDScript backtrace (most recent call first):
       [0] _check (res://tests/camera_input_smoke.gd:132)
       [1] _run (res://tests/camera_input_smoke.gd:18)
       [2] _frames (res://tests/camera_input_smoke.gd:124)
PASS: camera gamepad bindings are idempotent
ERROR: FAIL: mouse motion rotates the camera horizontally and vertically
   at: push_error (core/variant/variant_utility.cpp:1023)
   GDScript backtrace (most recent call first):
       [0] _check (res://tests/camera_input_smoke.gd:132)
       [1] _run (res://tests/camera_input_smoke.gd:24)
       [2] _frames (res://tests/camera_input_smoke.gd:124)
PASS: camera holds its angle briefly after manual input
ERROR: FAIL: return starts gradually rather than snapping
   at: push_error (core/variant/variant_utility.cpp:1023)
   GDScript backtrace (most recent call first):
       [0] _check (res://tests/camera_input_smoke.gd:132)
       [1] _run (res://tests/camera_input_smoke.gd:29)
       [2] _frames (res://tests/camera_input_smoke.gd:124)
PASS: inactivity restores the automatic chase view
PASS: vertical mouse orbit cannot move the chase camera below the car
PASS: right-stick drift inside the deadzone leaves the camera centered
PASS: right stick controls the camera on a second controller
PASS: R3 starts a smooth return without waiting for the idle delay
PASS: pause releases the cursor for menus
PASS: menu mouse motion never rotates the paused camera
ERROR: FAIL: Circle closes pause and restores mouse control
   at: push_error (core/variant/variant_utility.cpp:1023)
   GDScript backtrace (most recent call first):
       [0] _check (res://tests/camera_input_smoke.gd:132)
       [1] _run (res://tests/camera_input_smoke.gd:62)
       [2] _frames (res://tests/camera_input_smoke.gd:124)
PASS: Square switches to the hood camera
ERROR: FAIL: mouse also looks around from the hood camera
   at: push_error (core/variant/variant_utility.cpp:1023)
   GDScript backtrace (most recent call first):
       [0] _check (res://tests/camera_input_smoke.gd:132)
       [1] _run (res://tests/camera_input_smoke.gd:70)
       [2] _frames (res://tests/camera_input_smoke.gd:124)
PASS: Triangle overrides the orbit with a direct rear view
PASS: releasing rear view restores the manual orbit
PASS: vehicle reset clears manual camera offsets
PASS: R2, L2 and left stick remain independent analog driving controls
PASS: returning to the main menu releases the cursor
PASS: Cross selects the default pilot-city menu action
Camera and gamepad: 21 checks, 5 failures
WARNING: 6 ObjectDB instances were leaked at exit (run with `--verbose` for details).
   at: cleanup (core/object/object.cpp:2536)
