Godot Engine v4.7.2.stable.official.ed1daf0bf - https://godotengine.org

PASS: access validation uses the exported resource package
Godot Engine v4.7.2.stable.official.ed1daf0bf - https://godotengine.org

PASS: rally grass to road at sample 80 side -1; end=(-29.02035, 23.43974, 13.9322)
PASS: rally road to grass at sample 80 side -1; end=(-35.31284, 22.88796, 17.12242)
PASS: rally grass to road at sample 80 side 1; end=(-27.96101, 23.56839, 13.95525)
PASS: rally road to grass at sample 80 side 1; end=(-21.58963, 23.88094, 10.98222)
PASS: rally grass to road at sample 115 side -1; end=(-27.2101, 16.91512, -53.26525)
PASS: rally road to grass at sample 115 side -1; end=(-33.99224, 15.81872, -55.29174)
PASS: rally grass to road at sample 115 side 1; end=(-26.47543, 17.06953, -52.47687)
PASS: rally road to grass at sample 115 side 1; end=(-19.75495, 17.91427, -50.30909)
PASS: rally grass to road at sample 195 side -1; end=(102.3915, 25.68002, -132.6735)
PASS: rally road to grass at sample 195 side -1; end=(97.92474, 24.9305, -138.1115)
PASS: rally grass to road at sample 195 side 1; end=(103.198, 25.77396, -132.0827)
PASS: rally road to grass at sample 195 side 1; end=(107.7691, 26.26265, -126.7056)
PASS: rally grass to road at sample 245 side -1; end=(143.6498, 27.69711, -219.8099)
PASS: rally road to grass at sample 245 side -1; end=(136.7626, 27.14998, -218.2385)
PASS: rally grass to road at sample 245 side 1; end=(144.5543, 27.74859, -220.0489)
PASS: rally road to grass at sample 245 side 1; end=(151.4234, 27.97693, -221.6351)
PASS: rally grass to road at sample 315 side -1; end=(40.00574, 22.70278, -279.8755)
PASS: rally road to grass at sample 315 side -1; end=(43.22427, 22.4148, -273.585)
PASS: rally grass to road at sample 315 side 1; end=(39.71415, 22.74162, -280.7912)
PASS: rally road to grass at sample 315 side 1; end=(36.65396, 22.79009, -287.1051)
PASS: rally grass to road at sample 405 side -1; end=(-127.2517, 15.65943, -314.5191)
PASS: rally road to grass at sample 405 side -1; end=(-130.8174, 14.87771, -308.4323)
PASS: rally grass to road at sample 405 side 1; end=(-127.0257, 15.75847, -315.4755)
PASS: rally road to grass at sample 405 side 1; end=(-123.5781, 16.27061, -321.6044)
PASS: rally grass to road at sample 475 side -1; end=(-211.8604, 9.656262, -230.1227)
PASS: rally road to grass at sample 475 side -1; end=(-204.7903, 9.124056, -230.2889)
PASS: rally grass to road at sample 475 side 1; end=(-212.8177, 9.739124, -230.4157)
PASS: rally road to grass at sample 475 side 1; end=(-219.8606, 10.0513, -230.3802)
PASS: rally grass to road at sample 555 side -1; end=(-258.4962, 8.50896, -93.34913)
PASS: rally road to grass at sample 555 side -1; end=(-254.142, 8.161616, -87.8336)
PASS: rally grass to road at sample 555 side 1; end=(-259.2386, 8.555496, -94.01099)
PASS: rally road to grass at sample 555 side 1; end=(-263.6604, 9.042398, -99.44601)
PASS: rally grass to road at sample 635 side -1; end=(-245.8447, 16.8276, 55.35171)
PASS: rally road to grass at sample 635 side -1; end=(-239.1301, 16.56577, 57.46944)
PASS: rally grass to road at sample 635 side 1; end=(-246.8215, 16.85647, 55.16002)
PASS: rally road to grass at sample 635 side 1; end=(-253.5423, 16.89534, 53.14989)
PASS: rally grass to road at sample 695 side -1; end=(-326.7561, 26.18714, 141.5523)
PASS: rally road to grass at sample 695 side -1; end=(-326.3299, 26.75035, 148.5871)
PASS: rally grass to road at sample 695 side 1; end=(-326.6791, 26.16394, 140.5881)
PASS: rally road to grass at sample 695 side 1; end=(-327.1211, 25.9088, 133.5618)
Rally access: 40 checks, 0 failures
Godot Engine v4.7.2.stable.official.ed1daf0bf - https://godotengine.org

PASS: test_track.tscn crosses ground transition (-33.0, 0.36, 30.0) -> (-33.0, 0.36, -18.0); end=(-33.0, 0.350115, -18.01177)
PASS: crossing keeps physical ground contact without streaming holds
PASS: test_track.tscn crosses ground transition (-33.0, 0.36, -18.0) -> (-33.0, 0.36, 30.0); end=(-33.0, 0.350115, 30.00607)
PASS: crossing keeps physical ground contact without streaming holds
PASS: drive_neighborhood.tscn crosses ground transition (5.0, 0.36, -34.0) -> (10.0, 0.36, -34.0); end=(10.03834, 0.51138, -34.0)
PASS: crossing keeps physical ground contact without streaming holds
PASS: drive_neighborhood.tscn crosses ground transition (10.0, 0.36, -34.0) -> (5.0, 0.36, -34.0); end=(4.974425, 0.349273, -34.0)
PASS: crossing keeps physical ground contact without streaming holds
PASS: drive_neighborhood.tscn crosses ground transition (-5.0, 0.36, -34.0) -> (-10.0, 0.36, -34.0); end=(-10.03843, 0.511374, -34.0)
PASS: crossing keeps physical ground contact without streaming holds
PASS: drive_neighborhood.tscn crosses ground transition (-10.0, 0.36, -34.0) -> (-5.0, 0.36, -34.0); end=(-4.974607, 0.349274, -34.0)
PASS: crossing keeps physical ground contact without streaming holds
PASS: drive_corridor.tscn crosses ground transition (3.5, 0.36, -62.0) -> (7.9, 0.36, -62.0); end=(7.901607, 0.480375, -62.0)
PASS: crossing keeps physical ground contact without streaming holds
PASS: drive_corridor.tscn crosses ground transition (7.9, 0.36, -62.0) -> (3.5, 0.36, -62.0); end=(3.459725, 0.350367, -62.0)
PASS: crossing keeps physical ground contact without streaming holds
PASS: drive_corridor.tscn crosses ground transition (-3.5, 0.36, -62.0) -> (-7.9, 0.36, -62.0); end=(-7.901619, 0.48038, -62.0)
PASS: crossing keeps physical ground contact without streaming holds
PASS: drive_corridor.tscn crosses ground transition (-7.9, 0.36, -62.0) -> (-3.5, 0.36, -62.0); end=(-3.465722, 0.35094, -62.0)
PASS: crossing keeps physical ground contact without streaming holds
PASS: drive_streamed_corridor.tscn crosses ground transition (3.5, 0.36, -62.0) -> (7.9, 0.36, -62.0); end=(7.901631, 0.480413, -62.0)
PASS: crossing keeps physical ground contact without streaming holds
PASS: drive_streamed_corridor.tscn crosses ground transition (7.9, 0.36, -62.0) -> (3.5, 0.36, -62.0); end=(3.459728, 0.350435, -62.0)
PASS: crossing keeps physical ground contact without streaming holds
PASS: drive_streamed_corridor.tscn crosses ground transition (-3.5, 0.36, -62.0) -> (-7.9, 0.36, -62.0); end=(-7.901619, 0.48038, -62.0)
PASS: crossing keeps physical ground contact without streaming holds
PASS: drive_streamed_corridor.tscn crosses ground transition (-7.9, 0.36, -62.0) -> (-3.5, 0.36, -62.0); end=(-3.462489, 0.350282, -62.0)
PASS: crossing keeps physical ground contact without streaming holds
PASS: drive_intercity.tscn crosses ground transition (3.5, 0.36, -62.0) -> (7.9, 0.36, -62.0); end=(7.901631, 0.480413, -62.0)
PASS: crossing keeps physical ground contact without streaming holds
PASS: drive_intercity.tscn crosses ground transition (7.9, 0.36, -62.0) -> (3.5, 0.36, -62.0); end=(3.468549, 0.350584, -62.0)
PASS: crossing keeps physical ground contact without streaming holds
PASS: drive_intercity.tscn crosses ground transition (-3.5, 0.36, -62.0) -> (-7.9, 0.36, -62.0); end=(-7.901619, 0.48038, -62.0)
PASS: crossing keeps physical ground contact without streaming holds
PASS: drive_intercity.tscn crosses ground transition (-7.9, 0.36, -62.0) -> (-3.5, 0.36, -62.0); end=(-3.466251, 0.350857, -62.0)
PASS: crossing keeps physical ground contact without streaming holds
ERROR: unimplemented base type encountered in renderer scene cull
   at: instance_set_base (servers/rendering/renderer_scene_cull.cpp:705)
   GDScript backtrace (most recent call first):
       [0] _activate_one (res://scripts/world/world_streamer.gd:201)
       [1] _process (res://scripts/world/world_streamer.gd:132)
PASS: drive_intercity.tscn crosses ground transition (3.5, 0.36, -1130.0) -> (7.9, 0.36, -1130.0); end=(7.92762, 0.460115, -1130.0)
PASS: crossing keeps physical ground contact without streaming holds
PASS: drive_intercity.tscn crosses ground transition (7.9, 0.36, -1130.0) -> (3.5, 0.36, -1130.0); end=(3.468856, 0.350116, -1130.0)
PASS: crossing keeps physical ground contact without streaming holds
PASS: drive_intercity.tscn crosses ground transition (-3.5, 0.36, -1130.0) -> (-7.9, 0.36, -1130.0); end=(-7.91762, 0.460115, -1130.0)
PASS: crossing keeps physical ground contact without streaming holds
PASS: drive_intercity.tscn crosses ground transition (-7.9, 0.36, -1130.0) -> (-3.5, 0.36, -1130.0); end=(-3.468198, 0.350116, -1130.0)
PASS: crossing keeps physical ground contact without streaming holds
PASS: drive_intercity.tscn crosses ground transition (13.19909, 0.36, -480.0) -> (6.699088, 0.36, -480.0); end=(6.698289, 0.350115, -480.0)
PASS: crossing keeps physical ground contact without streaming holds
PASS: drive_intercity.tscn crosses ground transition (6.699088, 0.36, -480.0) -> (13.19909, 0.36, -480.0); end=(13.1999, 0.350941, -480.0)
PASS: crossing keeps physical ground contact without streaming holds
PASS: drive_intercity.tscn crosses ground transition (20.19909, 0.36, -480.0) -> (26.69909, 0.36, -480.0); end=(26.69989, 0.350113, -480.0)
PASS: crossing keeps physical ground contact without streaming holds
PASS: drive_intercity.tscn crosses ground transition (26.69909, 0.36, -480.0) -> (20.19909, 0.36, -480.0); end=(20.19831, 0.3501, -480.0)
PASS: crossing keeps physical ground contact without streaming holds
PASS: drive_intercity.tscn crosses ground transition (-10.91424, 0.36, -850.0) -> (-17.41424, 0.36, -850.0); end=(-17.41501, 0.350509, -850.0)
PASS: crossing keeps physical ground contact without streaming holds
PASS: drive_intercity.tscn crosses ground transition (-17.41424, 0.36, -850.0) -> (-10.91424, 0.36, -850.0); end=(-10.91345, 0.350114, -850.0)
PASS: crossing keeps physical ground contact without streaming holds
PASS: drive_intercity.tscn crosses ground transition (-3.91424, 0.36, -850.0) -> (2.58576, 0.36, -850.0); end=(2.586554, 0.350942, -850.0)
PASS: crossing keeps physical ground contact without streaming holds
PASS: drive_intercity.tscn crosses ground transition (2.58576, 0.36, -850.0) -> (-3.91424, 0.36, -850.0); end=(-3.915038, 0.350114, -850.0)
PASS: crossing keeps physical ground contact without streaming holds
PASS: drive_race.tscn crosses ground transition (40.03663, 0.36, 386.2051) -> (40.12057, 0.36, 377.2055); end=(40.12078, 0.349213, 377.1757)
PASS: crossing keeps physical ground contact without streaming holds
PASS: drive_race.tscn crosses ground transition (40.12057, 0.36, 377.2055) -> (40.03663, 0.36, 386.2051); end=(40.03646, 0.349274, 386.2352)
PASS: crossing keeps physical ground contact without streaming holds
PASS: drive_race.tscn crosses ground transition (39.96202, 0.36, 394.2047) -> (39.87809, 0.36, 403.2043); end=(39.87786, 0.350652, 403.2342)
PASS: crossing keeps physical ground contact without streaming holds
PASS: drive_race.tscn crosses ground transition (39.87809, 0.36, 403.2043) -> (39.96202, 0.36, 394.2047); end=(39.96221, 0.349274, 394.1749)
PASS: crossing keeps physical ground contact without streaming holds
PASS: drive_race.tscn crosses ground transition (482.275, 0.36, -118.0719) -> (474.043, 0.36, -114.434); end=(474.0159, 0.349275, -114.4219)
PASS: crossing keeps physical ground contact without streaming holds
PASS: drive_race.tscn crosses ground transition (474.043, 0.36, -114.434) -> (482.275, 0.36, -118.0719); end=(482.3029, 0.350584, -118.084)
PASS: crossing keeps physical ground contact without streaming holds
PASS: drive_race.tscn crosses ground transition (489.5923, 0.36, -121.3056) -> (497.8243, 0.36, -124.9436); end=(497.8519, 0.349253, -124.9556)
PASS: crossing keeps physical ground contact without streaming holds
PASS: drive_race.tscn crosses ground transition (497.8243, 0.36, -124.9436) -> (489.5923, 0.36, -121.3056); end=(489.5648, 0.350357, -121.2935)
PASS: crossing keeps physical ground contact without streaming holds
PASS: drive_race.tscn crosses ground transition (-188.5462, 0.36, -360.711) -> (-189.9236, 0.36, -351.817); end=(-189.9281, 0.350941, -351.7871)
PASS: crossing keeps physical ground contact without streaming holds
PASS: drive_race.tscn crosses ground transition (-189.9236, 0.36, -351.817) -> (-188.5462, 0.36, -360.711); end=(-188.5419, 0.350937, -360.7408)
PASS: crossing keeps physical ground contact without streaming holds
PASS: drive_race.tscn crosses ground transition (-187.322, 0.36, -368.6168) -> (-185.9446, 0.36, -377.5107); end=(-185.9402, 0.350306, -377.5403)
PASS: crossing keeps physical ground contact without streaming holds
PASS: drive_race.tscn crosses ground transition (-185.9446, 0.36, -377.5107) -> (-187.322, 0.36, -368.6168); end=(-187.3266, 0.35094, -368.5876)
PASS: crossing keeps physical ground contact without streaming holds
PASS: drive_elevation.tscn crosses ground transition (8.27506, 13.44591, -230.0) -> (1.77506, 13.44591, -230.0); end=(1.767419, 13.43081, -229.9365)
PASS: crossing keeps physical ground contact without streaming holds
PASS: drive_elevation.tscn crosses ground transition (1.77506, 13.44591, -230.0) -> (8.27506, 13.44591, -230.0); end=(8.282708, 13.43127, -229.9395)
PASS: crossing keeps physical ground contact without streaming holds
PASS: drive_elevation.tscn crosses ground transition (15.27506, 13.44591, -230.0) -> (21.77506, 13.44591, -230.0); end=(21.78273, 13.43118, -229.9387)
PASS: crossing keeps physical ground contact without streaming holds
PASS: drive_elevation.tscn crosses ground transition (21.77506, 13.44591, -230.0) -> (15.27506, 13.44591, -230.0); end=(15.26739, 13.43122, -229.9391)
PASS: crossing keeps physical ground contact without streaming holds
PASS: drive_elevation.tscn crosses ground transition (-7.050436, 5.915849, -425.0) -> (-13.55044, 5.915849, -425.0); end=(-13.55105, 5.901098, -425.063)
PASS: crossing keeps physical ground contact without streaming holds
PASS: drive_elevation.tscn crosses ground transition (-13.55044, 5.915849, -425.0) -> (-7.050436, 5.915849, -425.0); end=(-7.049836, 5.901114, -425.0633)
PASS: crossing keeps physical ground contact without streaming holds
PASS: drive_elevation.tscn crosses ground transition (-0.050437, 5.915849, -425.0) -> (6.449564, 5.915849, -425.0); end=(6.450172, 5.901186, -425.0625)
PASS: crossing keeps physical ground contact without streaming holds
PASS: drive_elevation.tscn crosses ground transition (6.449564, 5.915849, -425.0) -> (-0.050437, 5.915849, -425.0); end=(-0.051031, 5.901276, -425.0617)
PASS: crossing keeps physical ground contact without streaming holds
Map ground access: 100 checks, 0 failures
ERROR: 1 RID allocations of type 'N13RendererDummy11MeshStorage14DummyMultiMeshE' were leaked at exit.
Godot Engine v4.7.2.stable.official.ed1daf0bf - https://godotengine.org

PASS: avenue to square through the open curb is physically drivable
PASS: avenue to square through the open curb maintains support without streaming holds
PASS: square back to avenue is physically drivable
PASS: square back to avenue maintains support without streaming holds
ERROR: FAIL: crossroad to the eastern side street is physically drivable
   at: push_error (core/variant/variant_utility.cpp:1023)
   GDScript backtrace (most recent call first):
       [0] _check (/tmp/wave-pack-access.yixagd/town_access_smoke.gd:86)
       [1] _run (/tmp/wave-pack-access.yixagd/town_access_smoke.gd:52)
       [2] _frames (/tmp/wave-pack-access.yixagd/town_access_smoke.gd:77)
PASS: crossroad to the eastern side street maintains support without streaming holds
PASS: road to rural stop through its fence opening is physically drivable
PASS: road to rural stop through its fence opening maintains support without streaming holds
PASS: rural stop back to road is physically drivable
PASS: rural stop back to road maintains support without streaming holds
PASS: highway to roadside refuge through its fence opening is physically drivable
PASS: highway to roadside refuge through its fence opening maintains support without streaming holds
PASS: roadside refuge back to highway is physically drivable
PASS: roadside refuge back to highway maintains support without streaming holds
PASS: town exploration preserves the bounded resident set
Town access smoke test: 15 checks, 1 failures
