Godot Engine v4.7.2.stable.official.ed1daf0bf - https://godotengine.org
Invalid value (0) for DRI_PRIME. Should be > 0
OpenGL API 4.6 (Core Profile) Mesa 25.0.7-2+deb13u1 - Compatibility - Using Device: Intel - Mesa Intel(R) HD Graphics 4400 (HSW GT2)

PASS: default car allows 220 km/h
PASS: map footprint is five times the previous area
PASS: high-speed benchmark confirms native window size
PASS: real 0–100 acceleration is slower while top speed remains available
Measured 0–100: 3.22 s
PASS: full throttle reaches 220 km/h on the real map
PASS: long outer avenue is continuous at maximum speed
PASS: actual travel speed agrees with the 220 km/h speedometer
PASS: high-speed coasting loses speed progressively
Performance capture: /tmp/wave-m0-reference-intel-final/speed/data/godot/app_userdata/Wave/performance/2026-10-05T19-18-23-35899
PASS: brakes stop the car from high speed within the available straight
PASS: 220 km/h collision does not tunnel through a thin barrier
PASS: high-speed steering respects the tire-force limit
PASS: full steering at 220 km/h produces a stable broad turn
PASS: tires cannot erase a large lateral slip in one physics frame
PASS: reset clears high-speed momentum and steering
High speed smoke test: 14 checks, 0 failures
