Godot Engine v4.7.2.stable.official.ed1daf0bf - https://godotengine.org

PASS: input setup is idempotent
PASS: analog throttle accepts a second controller
PASS: acceleration reaches the speed limit
PASS: straight driving remains straight
PASS: field of view expands slightly with speed
PASS: releasing the pedal coasts gradually
PASS: partial throttle applies torque above the old half-speed target
PASS: full throttle accelerates faster than partial throttle
PASS: partial reverse pedal adds torque above half reverse speed
PASS: brake stops the car before selecting reverse
PASS: holding brake engages limited reverse
PASS: right input turns right while driving forward
PASS: keyboard steering ramps up smoothly
PASS: steering angle decreases at high speed
PASS: steering reverses naturally when backing up
PASS: handbrake allows lateral sliding in a turn
PASS: tires recover grip after releasing handbrake
PASS: car does not pass through the test obstacle
PASS: collision removes forward speed
PASS: car climbs the practice ramp
PASS: car lands stably after leaving the ramp
PASS: camera arm retracts against a wall
PASS: camera stays in front of the wall
PASS: rear view switches to the front of the car
PASS: reset clears vehicle momentum
PASS: reset snaps the camera to the car
PASS: falling below the track resets the car
PASS: Escape opens the pause menu
PASS: pause freezes vehicle physics
PASS: Escape resumes driving
PASS: pause menu reset returns to driving
PASS: practice hill supports ascent, crest and continuous descent
PASS: practice bank is accessible from its low edge and aligns the car
Driving smoke test: 33 checks, 0 failures
Godot Engine v4.7.2.stable.official.ed1daf0bf - https://godotengine.org

PASS: 12 cm sidewalk at heading 0, simulation=false crosses every seam and exits at 1.2 m/s; end=(0.0, 0.350111, -19.01747)
PASS: sidewalk traversal does not launch the body
PASS: 12 cm sidewalk at heading -30, simulation=false crosses every seam and exits at 1.2 m/s; end=(12.03761, 0.350111, -19.00898)
PASS: sidewalk traversal does not launch the body
PASS: 12 cm sidewalk at heading 180, simulation=false crosses every seam and exits at 1.2 m/s; end=(0.0, 0.350114, -1.992375)
PASS: sidewalk traversal does not launch the body
PASS: 20 cm sidewalk at heading 0, simulation=false crosses every seam and exits at 1.2 m/s; end=(0.0, 0.350115, -19.01071)
PASS: sidewalk traversal does not launch the body
PASS: 20 cm sidewalk at heading -30, simulation=false crosses every seam and exits at 1.2 m/s; end=(12.6956, 0.350111, -19.01105)
PASS: sidewalk traversal does not launch the body
PASS: 20 cm sidewalk at heading 180, simulation=false crosses every seam and exits at 1.2 m/s; end=(0.0, 0.350127, -1.985005)
PASS: sidewalk traversal does not launch the body
PASS: 28 cm sidewalk at heading 0, simulation=false crosses every seam and exits at 1.2 m/s; end=(0.0, 0.350116, -19.00897)
PASS: sidewalk traversal does not launch the body
PASS: 28 cm sidewalk at heading -30, simulation=false crosses every seam and exits at 1.2 m/s; end=(14.46065, 0.35051, -19.01087)
PASS: sidewalk traversal does not launch the body
PASS: 28 cm sidewalk at heading 180, simulation=false crosses every seam and exits at 1.2 m/s; end=(0.0, 0.350211, -1.986231)
PASS: sidewalk traversal does not launch the body
PASS: 30 cm sidewalk at heading 0, simulation=false crosses every seam and exits at 1.2 m/s; end=(0.0, 0.350116, -19.04568)
PASS: sidewalk traversal does not launch the body
PASS: 30 cm sidewalk at heading -30, simulation=false crosses every seam and exits at 1.2 m/s; end=(15.56761, 0.350111, -19.01534)
PASS: sidewalk traversal does not launch the body
PASS: 30 cm sidewalk at heading 180, simulation=false crosses every seam and exits at 1.2 m/s; end=(0.0, 0.350196, -1.987062)
PASS: sidewalk traversal does not launch the body
PASS: 28 cm sidewalk at heading 0, simulation=true crosses every seam and exits at 1.2 m/s; end=(0.0, 0.35094, -19.02205)
PASS: sidewalk traversal does not launch the body
PASS: 28 cm sidewalk at heading 0, simulation=false crosses every seam and exits at 18.0 m/s; end=(0.0, 0.360659, -19.00371)
PASS: sidewalk traversal does not launch the body
PASS: sidewalk crossing preserves speed; minimum=17.73 m/s
PASS: 28 cm sidewalk at heading -30, simulation=false crosses every seam and exits at 18.0 m/s; end=(11.81171, 0.351939, -19.08922)
PASS: sidewalk traversal does not launch the body
PASS: sidewalk crossing preserves speed; minimum=17.83 m/s
PASS: coarse continuous hill climbs and descends without catching; end=(-0.002888, 0.350117, -600.0807) stalled=0
Ground navigation: 33 checks, 0 failures
Godot Engine v4.7.2.stable.official.ed1daf0bf - https://godotengine.org

PASS: project starts at the main menu
PASS: main menu focuses the pilot city for keyboard and controller
PASS: pilot city is the first driving option and visible without scrolling
PASS: main menu opens audio settings
PASS: Escape closes audio and restores focus
PASS: graphics settings open with focus
PASS: fullscreen preference disables window resolution selection
PASS: window resolution selection changes preferences
PASS: invalid graphic values are rejected
PASS: FPS limit selection updates the graphics preference
PASS: invalid FPS limits cannot replace a valid selection
PASS: Escape returns from graphics to main menu
PASS: Drive starts the neighborhood
PASS: antialiasing option updates saved graphics preferences
PASS: shadow option updates the current world while paused
PASS: Escape from graphics keeps the world paused
PASS: graphics reload reapplies saved values to the world
PASS: graphics settings carry over to the test track
PASS: return to main menu clears pause and driving audio
PASS: new driving session retains graphic preferences
PASS: headless mode refuses to report rendered performance
PASS: balanced mode keeps shadows and MSAA with lightweight rally effects
PASS: balanced mode synchronizes its effects control
PASS: high profile uses 1080p without requiring Forward+ effects
PASS: legacy profile targets native 720p and updates the paused world
PASS: legacy profile synchronizes visible resolution
PASS: presets retain the Compatibility renderer
PASS: economy mode applies the lightweight windowed profile
PASS: economy mode synchronizes the visible controls
Menu smoke test: 29 checks, 0 failures
