Godot Engine v4.7.2.stable.official.ed1daf0bf - https://godotengine.org

[   0% ] [90m[1mfirst_scan_filesystem[22m | Started Project initialization (5 steps)[39m[0m
[   0% ] [90m[1mfirst_scan_filesystem[22m | Scanning file structure...[39m[0m
[  16% ] [90m[1mfirst_scan_filesystem[22m | Loading global class names...[39m[0m
[  33% ] [90m[1mfirst_scan_filesystem[22m | Verifying GDExtensions...[39m[0m
[  50% ] [90m[1mfirst_scan_filesystem[22m | Creating autoload scripts...[39m[0m
[  66% ] [90m[1mfirst_scan_filesystem[22m | Initializing plugins...[39m[0m
[  83% ] [90m[1mfirst_scan_filesystem[22m | Starting file scan...[39m[0m
[92m[ DONE ][39m [1mfirst_scan_filesystem[22m
[0m
[   0% ] [90m[1msavepack[22m | Started Packing (102 steps)[39m[0m
[   1% ] [90m[1msavepack[22m | Storing File: res://.godot/imported/wave-engine.wav-5612f6f155f8eeebdfd7dbe8bf5e2979.sample[39m[0m
[   1% ] [90m[1msavepack[22m | Storing File: res://assets/audio/wave-engine.wav.import[39m[0m
[   1% ] [90m[1msavepack[22m | Storing File: res://.godot/imported/wave-evening.wav-f4ed2c6c7acf6aee329f70988ed0670c.sample[39m[0m
[   1% ] [90m[1msavepack[22m | Storing File: res://assets/audio/wave-evening.wav.import[39m[0m
[   2% ] [90m[1msavepack[22m | Storing File: res://.godot/imported/wave-sunset.wav-6aeb644867867e0bb9b7326c27fcdac0.sample[39m[0m
[   2% ] [90m[1msavepack[22m | Storing File: res://assets/audio/wave-sunset.wav.import[39m[0m
[   2% ] [90m[1msavepack[22m | Storing File: res://.godot/exported/133200997/export-b30d755426ee09a4f7613e51ce2e2bcd-body.res[39m[0m
[   3% ] [90m[1msavepack[22m | Storing File: res://.godot/exported/133200997/export-fa80559d112f66e6096b89685ace3321-wheel.res[39m[0m
[   3% ] [90m[1msavepack[22m | Storing File: res://.godot/exported/133200997/export-51c362cc66cf5a760e36bb9b472833ba-body.res[39m[0m
[   4% ] [90m[1msavepack[22m | Storing File: res://.godot/exported/133200997/export-ed617b37b58e696c1484d444313f2d99-wheel.res[39m[0m
[   4% ] [90m[1msavepack[22m | Storing File: res://assets/shaders/corridor/contact_shadow.gdshader[39m[0m
[   5% ] [90m[1msavepack[22m | Storing File: res://assets/shaders/rally/gravel_road.gdshader[39m[0m
[   5% ] [90m[1msavepack[22m | Storing File: res://assets/shaders/car_contact_shadow.gdshader[39m[0m
[   6% ] [90m[1msavepack[22m | Storing File: res://.godot/imported/facades-v1.png-05cea8e5102b871ace4d2ea0b0a318f9.s3tc.ctex[39m[0m
[   6% ] [90m[1msavepack[22m | Storing File: res://assets/textures/corridor/facades-v1.png.import[39m[0m
[   6% ] [90m[1msavepack[22m | Storing File: res://assets/textures/corridor/provenance.json[39m[0m
[   7% ] [90m[1msavepack[22m | Storing File: res://.godot/imported/signs.png-b287665279a8de077693e82643e8f32d.s3tc.ctex[39m[0m
[   7% ] [90m[1msavepack[22m | Storing File: res://assets/textures/corridor/signs.png.import[39m[0m
[   7% ] [90m[1msavepack[22m | Storing File: res://.godot/imported/street-tree-v1.png-08a4bdd120d89f0df5f62c5699f88744.s3tc.ctex[39m[0m
[   7% ] [90m[1msavepack[22m | Storing File: res://assets/textures/corridor/street-tree-v1.png.import[39m[0m
[   8% ] [90m[1msavepack[22m | Storing File: res://assets/textures/intercity/provenance.json[39m[0m
[   8% ] [90m[1msavepack[22m | Storing File: res://.godot/imported/wayfinding.png-80592ed8440a8712e412b66c56822e90.s3tc.ctex[39m[0m
[   8% ] [90m[1msavepack[22m | Storing File: res://assets/textures/intercity/wayfinding.png.import[39m[0m
[   9% ] [90m[1msavepack[22m | Storing File: res://.godot/imported/afternoon-sky-v1.png-0f7d4b9358ebb577d321af2f87d9ad98.ctex[39m[0m
[   9% ] [90m[1msavepack[22m | Storing File: res://assets/textures/neighborhood/afternoon-sky-v1.png.import[39m[0m
[   9% ] [90m[1msavepack[22m | Storing File: res://assets/textures/neighborhood/afternoon-sky-v1.provenance.json[39m[0m
[  10% ] [90m[1msavepack[22m | Storing File: res://.godot/imported/asphalt-realism-v1.png-0921fb50b357d0a7101e2a3c2fe577ad.s3tc.ctex[39m[0m
[  10% ] [90m[1msavepack[22m | Storing File: res://assets/textures/neighborhood/asphalt-realism-v1.png.import[39m[0m
[  10% ] [90m[1msavepack[22m | Storing File: res://.godot/imported/lawn-realism-v1.png-e67e9c2ccb0bafda8d9bcde33ee1ecee.s3tc.ctex[39m[0m
[  10% ] [90m[1msavepack[22m | Storing File: res://assets/textures/neighborhood/lawn-realism-v1.png.import[39m[0m
[  11% ] [90m[1msavepack[22m | Storing File: res://.godot/imported/leaf-cluster-v1.png-cc9558e46a38d3403fc1ae7b060c274e.s3tc.ctex[39m[0m
[  11% ] [90m[1msavepack[22m | Storing File: res://assets/textures/neighborhood/leaf-cluster-v1.png.import[39m[0m
[  11% ] [90m[1msavepack[22m | Storing File: res://assets/textures/neighborhood/limestone-albedo.res[39m[0m
[  12% ] [90m[1msavepack[22m | Storing File: res://assets/textures/neighborhood/limestone-normal.res[39m[0m
[  12% ] [90m[1msavepack[22m | Storing File: res://assets/textures/neighborhood/paving-albedo.res[39m[0m
[  13% ] [90m[1msavepack[22m | Storing File: res://assets/textures/neighborhood/paving-normal.res[39m[0m
[  13% ] [90m[1msavepack[22m | Storing File: res://assets/textures/neighborhood/stucco-albedo.res[39m[0m
[  14% ] [90m[1msavepack[22m | Storing File: res://assets/textures/neighborhood/stucco-normal.res[39m[0m
[  14% ] [90m[1msavepack[22m | Storing File: res://assets/textures/neighborhood/timber-albedo.res[39m[0m
[  15% ] [90m[1msavepack[22m | Storing File: res://assets/textures/neighborhood/timber-normal.res[39m[0m
[  15% ] [90m[1msavepack[22m | Storing File: res://.godot/imported/asphalt.png-8a3f4a136dd4c3993f2bcf5e033c0e17.s3tc.ctex[39m[0m
[  15% ] [90m[1msavepack[22m | Storing File: res://assets/textures/race/asphalt.png.import[39m[0m
[  16% ] [90m[1msavepack[22m | Storing File: res://.godot/imported/asphalt_normal.png-fb4eeaac5e3b61707e4efe46ef0f4418.s3tc.ctex[39m[0m
[  16% ] [90m[1msavepack[22m | Storing File: res://assets/textures/race/asphalt_normal.png.import[39m[0m
[  16% ] [90m[1msavepack[22m | Storing File: res://.godot/imported/brick.png-1ab76d616e3b5723440c516bf01f06f0.s3tc.ctex[39m[0m
[  16% ] [90m[1msavepack[22m | Storing File: res://assets/textures/race/brick.png.import[39m[0m
[  17% ] [90m[1msavepack[22m | Storing File: res://.godot/imported/brick_normal.png-8439c4cf96fdf35480a00b229016de06.s3tc.ctex[39m[0m
[  17% ] [90m[1msavepack[22m | Storing File: res://assets/textures/race/brick_normal.png.import[39m[0m
[  18% ] [90m[1msavepack[22m | Storing File: res://.godot/imported/concrete.png-4b5bb45a2b7ee56cfc519dd08df8e55c.s3tc.ctex[39m[0m
[  18% ] [90m[1msavepack[22m | Storing File: res://assets/textures/race/concrete.png.import[39m[0m
[  18% ] [90m[1msavepack[22m | Storing File: res://.godot/imported/concrete_normal.png-02daf72625c649ad4b1e654dab16c7a2.s3tc.ctex[39m[0m
[  18% ] [90m[1msavepack[22m | Storing File: res://assets/textures/race/concrete_normal.png.import[39m[0m
[  19% ] [90m[1msavepack[22m | Storing File: res://.godot/imported/foliage.png-43ff9642437c1cfe95446dba7975f6ee.s3tc.ctex[39m[0m
[  19% ] [90m[1msavepack[22m | Storing File: res://assets/textures/race/foliage.png.import[39m[0m
[  19% ] [90m[1msavepack[22m | Storing File: res://.godot/imported/grass.png-6680cbf4546f9ee0bad0982a6839a984.s3tc.ctex[39m[0m
[  19% ] [90m[1msavepack[22m | Storing File: res://assets/textures/race/grass.png.import[39m[0m
[  20% ] [90m[1msavepack[22m | Storing File: res://.godot/imported/grass_normal.png-c9a37fcc2f767eb1191c7b97fb2ac2f8.s3tc.ctex[39m[0m
[  20% ] [90m[1msavepack[22m | Storing File: res://assets/textures/race/grass_normal.png.import[39m[0m
[  20% ] [90m[1msavepack[22m | Storing File: res://.godot/imported/metal.png-6cad72b766dc7b5afa6f11c6445bca8b.s3tc.ctex[39m[0m
[  20% ] [90m[1msavepack[22m | Storing File: res://assets/textures/race/metal.png.import[39m[0m
[  21% ] [90m[1msavepack[22m | Storing File: res://.godot/imported/metal_normal.png-e3cf2c278605614d36610993beafc0ed.s3tc.ctex[39m[0m
[  21% ] [90m[1msavepack[22m | Storing File: res://assets/textures/race/metal_normal.png.import[39m[0m
[  21% ] [90m[1msavepack[22m | Storing File: res://.godot/imported/bark.png-bb43cb61a3d454fdf1d433b84f17d788.s3tc.ctex[39m[0m
[  21% ] [90m[1msavepack[22m | Storing File: res://assets/textures/rally/bark.png.import[39m[0m
[  22% ] [90m[1msavepack[22m | Storing File: res://.godot/imported/bark_normal.png-35f5a5b2cf55057a5172e37932e64560.s3tc.ctex[39m[0m
[  22% ] [90m[1msavepack[22m | Storing File: res://assets/textures/rally/bark_normal.png.import[39m[0m
[  22% ] [90m[1msavepack[22m | Storing File: res://.godot/imported/conifer.png-06e2dbab7269592d124f2b1015048b41.s3tc.ctex[39m[0m
[  22% ] [90m[1msavepack[22m | Storing File: res://assets/textures/rally/conifer.png.import[39m[0m
[  23% ] [90m[1msavepack[22m | Storing File: res://.godot/imported/gravel.png-4e4092e5eba798163e5216f1671e2738.s3tc.ctex[39m[0m
[  23% ] [90m[1msavepack[22m | Storing File: res://assets/textures/rally/gravel.png.import[39m[0m
[  23% ] [90m[1msavepack[22m | Storing File: res://.godot/imported/gravel_normal.png-091729a8e5a5e973bec8f46dd6800398.s3tc.ctex[39m[0m
[  23% ] [90m[1msavepack[22m | Storing File: res://assets/textures/rally/gravel_normal.png.import[39m[0m
[  24% ] [90m[1msavepack[22m | Storing File: res://.godot/imported/pine-realistic.png-042df8151d7299366ee8e33e54e0a2c3.s3tc.ctex[39m[0m
[  24% ] [90m[1msavepack[22m | Storing File: res://assets/textures/rally/pine-realistic.png.import[39m[0m
[  24% ] [90m[1msavepack[22m | Storing File: res://.godot/imported/rock.png-4be6feaab81db8c3cfbd1c069c80c31f.s3tc.ctex[39m[0m
[  24% ] [90m[1msavepack[22m | Storing File: res://assets/textures/rally/rock.png.import[39m[0m
[  25% ] [90m[1msavepack[22m | Storing File: res://.godot/imported/rock_normal.png-a590f780c36fa0edb37ad3df37b2d2cf.s3tc.ctex[39m[0m
[  25% ] [90m[1msavepack[22m | Storing File: res://assets/textures/rally/rock_normal.png.import[39m[0m
[  25% ] [90m[1msavepack[22m | Storing File: res://scripts/vehicle/tire_dynamics.gdc[39m[0m
[  26% ] [90m[1msavepack[22m | Storing File: res://.godot/exported/133200997/export-2c55563ede1b199ce5eea87a037264e5-chase_camera.scn[39m[0m
[  26% ] [90m[1msavepack[22m | Storing File: res://.godot/exported/133200997/export-4e133547b8ba57e7661e65d8bcb7e5dd-player_car.scn[39m[0m
[  27% ] [90m[1msavepack[22m | Storing File: res://.godot/exported/133200997/export-e9c119da235f6231374c0888df0e16ca-pilot_city.scn[39m[0m
[  27% ] [90m[1msavepack[22m | Storing File: res://.godot/exported/133200997/export-2094e7ba4bb43597e3cb1028ab80a087-drive_neighborhood.scn[39m[0m
[  28% ] [90m[1msavepack[22m | Storing File: res://.godot/exported/133200997/export-d320c060055a9cdd79cb69e7dde23489-drive_pilot_city.scn[39m[0m
[  28% ] [90m[1msavepack[22m | Storing File: res://.godot/exported/133200997/export-f2955fa44727424b7ca3787ce0441f31-neighborhood_map.scn[39m[0m
[  29% ] [90m[1msavepack[22m | Storing File: res://.godot/exported/133200997/export-4f0d7b32ea182d7f4341c0ccfd9e9e79-corridor_map.scn[39m[0m
[  29% ] [90m[1msavepack[22m | Storing File: res://.godot/exported/133200997/export-e20eb4da49da3e310d7f92bb14a3690d-drive_corridor.scn[39m[0m
[  30% ] [90m[1msavepack[22m | Storing File: res://.godot/exported/133200997/export-a3d1fd8bee9ac22ace7400ef8ff9c98a-drive_race.scn[39m[0m
[  30% ] [90m[1msavepack[22m | Storing File: res://.godot/exported/133200997/export-7431d144a92d41e0ef5b2086337e503d-race_map.scn[39m[0m
[  31% ] [90m[1msavepack[22m | Storing File: res://.godot/exported/133200997/export-3f41f2ea0c0d26c20c90ca6a5c694e38-drive_rally.scn[39m[0m
[  31% ] [90m[1msavepack[22m | Storing File: res://.godot/exported/133200997/export-18a56ec6c555ef7f6e524d38205b6d0e-rally_map.scn[39m[0m
[  32% ] [90m[1msavepack[22m | Storing File: res://.godot/exported/133200997/export-02fff833f35aae52d550eeceaa4ae990-practice_area.scn[39m[0m
[  32% ] [90m[1msavepack[22m | Storing File: res://.godot/exported/133200997/export-79dd3ab530fc0aed4f9ba21f09ab2efd-main_menu.scn[39m[0m
[  33% ] [90m[1msavepack[22m | Storing File: res://.godot/exported/133200997/export-a7741bccb8ee6dde9f43107b052a6ae4-prototype_hud.scn[39m[0m
[  33% ] [90m[1msavepack[22m | Storing File: res://.godot/exported/133200997/export-4baf5aa1b70f81edfaddc92d70170f30-cell-0.scn[39m[0m
[  33% ] [90m[1msavepack[22m | Storing File: res://.godot/exported/133200997/export-568c1988973666c8323b505a271c7b10-cell-1.scn[39m[0m
[  34% ] [90m[1msavepack[22m | Storing File: res://.godot/exported/133200997/export-8f10c9d3df566896dfac187faed40428-cell-2.scn[39m[0m
[  34% ] [90m[1msavepack[22m | Storing File: res://.godot/exported/133200997/export-c55e4da9978187217a0fb6f7e914fc41-cell-3.scn[39m[0m
[  35% ] [90m[1msavepack[22m | Storing File: res://.godot/exported/133200997/export-cfb2898345a219df09ab49ffba2f6d27-horizon.scn[39m[0m
[  35% ] [90m[1msavepack[22m | Storing File: res://scenes/world/cells/elevation/manifest.json[39m[0m
[  36% ] [90m[1msavepack[22m | Storing File: res://.godot/exported/133200997/export-181eef97c66a9728f6e5b2681c455da1-material-000.res[39m[0m
[  36% ] [90m[1msavepack[22m | Storing File: res://.godot/exported/133200997/export-db7a7644a04b92fc128bf2eab2bb19d2-material-001.res[39m[0m
[  37% ] [90m[1msavepack[22m | Storing File: res://.godot/exported/133200997/export-b3047f57fc49408e32eb4115789b6def-material-002.res[39m[0m
[  37% ] [90m[1msavepack[22m | Storing File: res://.godot/exported/133200997/export-98594fc97055058ffc967bfc25ba715b-material-003.res[39m[0m
[  38% ] [90m[1msavepack[22m | Storing File: res://.godot/exported/133200997/export-b9d9ca6cf43e8df2c02432e20ef6119f-material-005.res[39m[0m
[  38% ] [90m[1msavepack[22m | Storing File: res://.godot/exported/133200997/export-728c25552d9b3bdb733b277e39a46104-material-006.res[39m[0m
[  39% ] [90m[1msavepack[22m | Storing File: res://.godot/exported/133200997/export-ead86bd39e120c32793c9a227eb7c3b3-material-008.res[39m[0m
[  39% ] [90m[1msavepack[22m | Storing File: res://.godot/exported/133200997/export-776411d308d3d8bda83d7a6ec29501c5-material-009.res[39m[0m
[  40% ] [90m[1msavepack[22m | Storing File: res://.godot/exported/133200997/export-3b11eeac6f245e0af4572dca5a51b9c0-material-010.res[39m[0m
[  40% ] [90m[1msavepack[22m | Storing File: res://.godot/exported/133200997/export-16ecec154f5864a06cc21008390a0070-material-012.res[39m[0m
[  41% ] [90m[1msavepack[22m | Storing File: res://.godot/exported/133200997/export-c2bc3c944706f1148415bc3f08827e9f-material-013.res[39m[0m
[  41% ] [90m[1msavepack[22m | Storing File: res://.godot/exported/133200997/export-9934576e5e31ca4b9d43cf665e96ed2e-material-014.res[39m[0m
[  42% ] [90m[1msavepack[22m | Storing File: res://.godot/exported/133200997/export-7b392558aaaed76614aa426cc271f190-material-015.res[39m[0m
[  42% ] [90m[1msavepack[22m | Storing File: res://.godot/exported/133200997/export-9a392ff2aee405de291800343731b995-material-016.res[39m[0m
[  43% ] [90m[1msavepack[22m | Storing File: res://.godot/exported/133200997/export-c426e76f62a78d80c978107e7aa93fc5-material-017.res[39m[0m
[  43% ] [90m[1msavepack[22m | Storing File: res://.godot/exported/133200997/export-a609932cddbb9a4898d0c3b81a76717b-material-018.res[39m[0m
[  44% ] [90m[1msavepack[22m | Storing File: res://.godot/exported/133200997/export-adde280099bac150a886e81e00a550dc-material-019.res[39m[0m
[  44% ] [90m[1msavepack[22m | Storing File: res://.godot/exported/133200997/export-e311c8d379d79080ea6cf1445f138e0b-material-020.res[39m[0m
[  45% ] [90m[1msavepack[22m | Storing File: res://.godot/exported/133200997/export-74996e6247b0950840c997a99ea7b488-material-021.res[39m[0m
[  45% ] [90m[1msavepack[22m | Storing File: res://.godot/exported/133200997/export-b6bc8ac7ff151a1e077ad4678d7e8541-material-022.res[39m[0m
[  46% ] [90m[1msavepack[22m | Storing File: res://.godot/exported/133200997/export-28478befdea9fae4b3267602964766be-material-023.res[39m[0m
[  46% ] [90m[1msavepack[22m | Storing File: res://.godot/exported/133200997/export-8e0131c87702202de502f208c11252d6-material-024.res[39m[0m
[  47% ] [90m[1msavepack[22m | Storing File: res://.godot/exported/133200997/export-974b231fcdc542ac4f0746206fa482a4-material-025.res[39m[0m
[  47% ] [90m[1msavepack[22m | Storing File: res://.godot/exported/133200997/export-acdb120ecb79630f508e16064dbc788e-material-026.res[39m[0m
[  48% ] [90m[1msavepack[22m | Storing File: res://.godot/exported/133200997/export-e6c7fc58dfda50b5d87ad94a27bb5900-material-027.res[39m[0m
[  48% ] [90m[1msavepack[22m | Storing File: res://.godot/exported/133200997/export-0993b2c14502b2c1f861f25e62a99407-mesh-004.res[39m[0m
[  49% ] [90m[1msavepack[22m | Storing File: res://.godot/exported/133200997/export-ef1df4d79116b022eb3829d13cb2dded-mesh-007.res[39m[0m
[  50% ] [90m[1msavepack[22m | Storing File: res://.godot/exported/133200997/export-fe66bd5e8d352f213634060539ccac55-mesh-011.res[39m[0m
[  50% ] [90m[1msavepack[22m | Storing File: res://.godot/exported/133200997/export-4ff3b7624895d4357202307d3d6b6deb-mesh-013.res[39m[0m
[  51% ] [90m[1msavepack[22m | Storing File: res://.godot/exported/133200997/export-1214b15053710754f698cedd9837a53e-mesh-016.res[39m[0m
[  51% ] [90m[1msavepack[22m | Storing File: res://.godot/exported/133200997/export-4d4c7b85ad4debb8a68593bdd1154869-mesh-017.res[39m[0m
[  52% ] [90m[1msavepack[22m | Storing File: res://.godot/exported/133200997/export-4b8558c7d7d0434d98d8c08566a660c5-mesh-018.res[39m[0m
[  52% ] [90m[1msavepack[22m | Storing File: res://.godot/exported/133200997/export-92abb859faa6e04077d095d36a1755fb-mesh-019.res[39m[0m
[  53% ] [90m[1msavepack[22m | Storing File: res://.godot/exported/133200997/export-27b0d01928a3fd2ebe0149e5c3079bb4-mesh-020.res[39m[0m
[  53% ] [90m[1msavepack[22m | Storing File: res://.godot/exported/133200997/export-e90158d10eb3d2c85b9ecd4169370d55-cell-1.scn[39m[0m
[  54% ] [90m[1msavepack[22m | Storing File: res://.godot/exported/133200997/export-218b88161f995053f33956d36f6db236-cell-2.scn[39m[0m
[  54% ] [90m[1msavepack[22m | Storing File: res://.godot/exported/133200997/export-63c966e84b86b187ea7914a12c5d0da7-cell-3.scn[39m[0m
[  55% ] [90m[1msavepack[22m | Storing File: res://.godot/exported/133200997/export-cdf0c839fc6b7e9946ac8164b0ccb106-distant.scn[39m[0m
[  55% ] [90m[1msavepack[22m | Storing File: res://.godot/exported/133200997/export-b3d3258533b425a4f65263f69d52dd42-horizon.scn[39m[0m
[  56% ] [90m[1msavepack[22m | Storing File: res://scenes/world/cells/sol-serra/manifest.json[39m[0m
[  56% ] [90m[1msavepack[22m | Storing File: res://.godot/exported/133200997/export-25e10c74a4eaa3122952d05b1bd80419-material-000.res[39m[0m
[  57% ] [90m[1msavepack[22m | Storing File: res://.godot/exported/133200997/export-dca998d24cf88d71ff637eb21aec0ce1-material-001.res[39m[0m
[  57% ] [90m[1msavepack[22m | Storing File: res://.godot/exported/133200997/export-c9f2e1751efd8f17ac8b6133b3d896dd-material-002.res[39m[0m
[  58% ] [90m[1msavepack[22m | Storing File: res://.godot/exported/133200997/export-c44dc998fc64db1c908dbccd44bbf978-material-003.res[39m[0m
[  58% ] [90m[1msavepack[22m | Storing File: res://.godot/exported/133200997/export-31dc4023ab2e00799d6840cb31395b2c-material-004.res[39m[0m
[  59% ] [90m[1msavepack[22m | Storing File: res://.godot/exported/133200997/export-1111c924241b87c0e47b4d01b57c2311-material-005.res[39m[0m
[  59% ] [90m[1msavepack[22m | Storing File: res://.godot/exported/133200997/export-7dfe710378a59f6e1c9347f12bde2ea1-material-007.res[39m[0m
[  60% ] [90m[1msavepack[22m | Storing File: res://.godot/exported/133200997/export-0658ffcf794e641598630f68cc419d86-material-008.res[39m[0m
[  60% ] [90m[1msavepack[22m | Storing File: res://.godot/exported/133200997/export-ef7c55c87ea55607687ebb6dbe3b0cfa-material-009.res[39m[0m
[  61% ] [90m[1msavepack[22m | Storing File: res://.godot/exported/133200997/export-14dff1b380f8eedf17a382d19fdf7be1-material-010.res[39m[0m
[  61% ] [90m[1msavepack[22m | Storing File: res://.godot/exported/133200997/export-1672bc8ac7411ebe569ac49bc3b11b8b-material-012.res[39m[0m
[  62% ] [90m[1msavepack[22m | Storing File: res://.godot/exported/133200997/export-95bbe2c29dae5cd5be475a8702af7521-material-014.res[39m[0m
[  62% ] [90m[1msavepack[22m | Storing File: res://.godot/exported/133200997/export-2e621346eb48b3a4672042f676253f4f-material-015.res[39m[0m
[  63% ] [90m[1msavepack[22m | Storing File: res://.godot/exported/133200997/export-22aaf72821b5d2d9cdb6c0c70d6820de-material-016.res[39m[0m
[  63% ] [90m[1msavepack[22m | Storing File: res://.godot/exported/133200997/export-9e97ded6480f84e9cd3fe0d9e6001932-material-017.res[39m[0m
[  64% ] [90m[1msavepack[22m | Storing File: res://.godot/exported/133200997/export-a44c6c725aa12bfe4677872f357c5771-material-018.res[39m[0m
[  64% ] [90m[1msavepack[22m | Storing File: res://.godot/exported/133200997/export-e2bf73a4401d56881694016af3de5308-material-020.res[39m[0m
[  65% ] [90m[1msavepack[22m | Storing File: res://.godot/exported/133200997/export-8d035420363aefe291998edf40570d92-material-021.res[39m[0m
[  65% ] [90m[1msavepack[22m | Storing File: res://.godot/exported/133200997/export-b2be1e6d9bc0ca25f0908bef170c9d90-material-022.res[39m[0m
[  66% ] [90m[1msavepack[22m | Storing File: res://.godot/exported/133200997/export-a97332451d036a8b8829616d0b5eba9e-material-023.res[39m[0m
[  66% ] [90m[1msavepack[22m | Storing File: res://.godot/exported/133200997/export-858b8bd7917b3cf9d9028d24d588fc36-material-024.res[39m[0m
[  66% ] [90m[1msavepack[22m | Storing File: res://.godot/exported/133200997/export-920af4a2c509ecdaff4d43b24cc04c11-material-025.res[39m[0m
[  67% ] [90m[1msavepack[22m | Storing File: res://.godot/exported/133200997/export-be0dbd0d95f234362d58d1fdf6d9f9dd-material-026.res[39m[0m
[  67% ] [90m[1msavepack[22m | Storing File: res://.godot/exported/133200997/export-db87de0fcf3848e143ede5d024ba3094-material-027.res[39m[0m
[  68% ] [90m[1msavepack[22m | Storing File: res://.godot/exported/133200997/export-fbd01db14395119d95ba63d6d50fabea-mesh-006.res[39m[0m
[  68% ] [90m[1msavepack[22m | Storing File: res://.godot/exported/133200997/export-bf05862ae9a4084364acd9de7d9f2d36-mesh-011.res[39m[0m
[  69% ] [90m[1msavepack[22m | Storing File: res://.godot/exported/133200997/export-ddaf2275b96be97c819585d4527284f6-mesh-013.res[39m[0m
[  69% ] [90m[1msavepack[22m | Storing File: res://.godot/exported/133200997/export-223e1c7ad7a658ca15de620eca2a1cd7-mesh-019.res[39m[0m
[  70% ] [90m[1msavepack[22m | Storing File: res://.godot/exported/133200997/export-96573e2b01b3ff5e34695f71f0c52bd9-mesh-028.res[39m[0m
[  70% ] [90m[1msavepack[22m | Storing File: res://.godot/exported/133200997/export-78884cd802a0b57175b15c342787b14d-cell-0.scn[39m[0m
[  71% ] [90m[1msavepack[22m | Storing File: res://.godot/exported/133200997/export-0f29636861a75657d5f837e141507318-cell-1.scn[39m[0m
[  71% ] [90m[1msavepack[22m | Storing File: res://.godot/exported/133200997/export-90a706c867efedd79280b0c5ea16392b-cell-2.scn[39m[0m
[  72% ] [90m[1msavepack[22m | Storing File: res://.godot/exported/133200997/export-d43b01d94078da16128b646955889048-distant.scn[39m[0m
[  72% ] [90m[1msavepack[22m | Storing File: res://.godot/exported/133200997/export-e685186c2755b4ee2a0bce2825948244-horizon.scn[39m[0m
[  73% ] [90m[1msavepack[22m | Storing File: res://scenes/world/cells/vale/manifest.json[39m[0m
[  73% ] [90m[1msavepack[22m | Storing File: res://.godot/exported/133200997/export-94ec764c63e6bd6097d137a8d8a94f4d-drive_elevation.scn[39m[0m
[  74% ] [90m[1msavepack[22m | Storing File: res://.godot/exported/133200997/export-318b9acf8abf6c1b5b1e7b11bd319c14-drive_intercity.scn[39m[0m
[  74% ] [90m[1msavepack[22m | Storing File: res://.godot/exported/133200997/export-4c152cb41c3f45cf54767d3e03effb58-drive_streamed_corridor.scn[39m[0m
[  75% ] [90m[1msavepack[22m | Storing File: res://.godot/exported/133200997/export-ad166b45b980a9006d328868f35aff0c-test_track.scn[39m[0m
[  75% ] [90m[1msavepack[22m | Storing File: res://scripts/audio/audio_options.gdc[39m[0m
[  76% ] [90m[1msavepack[22m | Storing File: res://scripts/audio/driving_audio.gdc[39m[0m
[  76% ] [90m[1msavepack[22m | Storing File: res://scripts/audio/wave_settings.gdc[39m[0m
[  77% ] [90m[1msavepack[22m | Storing File: res://scripts/city/baked_multimesh.gdc[39m[0m
[  77% ] [90m[1msavepack[22m | Storing File: res://scripts/city/neighborhood_builder.gdc[39m[0m
[  78% ] [90m[1msavepack[22m | Storing File: res://scripts/city/neighborhood_tree_mesh.gdc[39m[0m
[  78% ] [90m[1msavepack[22m | Storing File: res://scripts/city/neighborhood_validation.gdc[39m[0m
[  79% ] [90m[1msavepack[22m | Storing File: res://scripts/city/offline_scene_builder.gdc[39m[0m
[  79% ] [90m[1msavepack[22m | Storing File: res://scripts/city/pilot_city_builder.gdc[39m[0m
[  80% ] [90m[1msavepack[22m | Storing File: res://scripts/city/pilot_city_layout.gdc[39m[0m
[  80% ] [90m[1msavepack[22m | Storing File: res://scripts/city/pilot_city_world.gdc[39m[0m
[  81% ] [90m[1msavepack[22m | Storing File: res://scripts/corridor/corridor_builder.gdc[39m[0m
[  81% ] [90m[1msavepack[22m | Storing File: res://scripts/corridor/corridor_world.gdc[39m[0m
[  82% ] [90m[1msavepack[22m | Storing File: res://scripts/race/circuit_layout.gdc[39m[0m
[  83% ] [90m[1msavepack[22m | Storing File: res://scripts/race/race_materials.gdc[39m[0m
[  83% ] [90m[1msavepack[22m | Storing File: res://scripts/race/race_timing.gdc[39m[0m
[  84% ] [90m[1msavepack[22m | Storing File: res://scripts/race/race_world.gdc[39m[0m
[  84% ] [90m[1msavepack[22m | Storing File: res://scripts/rally/gravel_dust.gdc[39m[0m
[  85% ] [90m[1msavepack[22m | Storing File: res://scripts/rally/rally_layout.gdc[39m[0m
[  85% ] [90m[1msavepack[22m | Storing File: res://scripts/rally/rally_world.gdc[39m[0m
[  86% ] [90m[1msavepack[22m | Storing File: res://scripts/rally/stage_timing.gdc[39m[0m
[  86% ] [90m[1msavepack[22m | Storing File: res://scripts/world/intercity_layout.gdc[39m[0m
[  87% ] [90m[1msavepack[22m | Storing File: res://scripts/chase_camera.gdc[39m[0m
[  87% ] [90m[1msavepack[22m | Storing File: res://scripts/world/world_hlod.gdc[39m[0m
[  88% ] [90m[1msavepack[22m | Storing File: res://scripts/input_setup.gdc[39m[0m
[  88% ] [90m[1msavepack[22m | Storing File: res://scripts/driving_world.gdc[39m[0m
[  89% ] [90m[1msavepack[22m | Storing File: res://scripts/world/corridor_hlod_builder.gdc[39m[0m
[  89% ] [90m[1msavepack[22m | Storing File: res://scripts/world/elevation_layout.gdc[39m[0m
[  90% ] [90m[1msavepack[22m | Storing File: res://scripts/world/elevation_streamer.gdc[39m[0m
[  90% ] [90m[1msavepack[22m | Storing File: res://scripts/world/lookout_trip.gdc[39m[0m
[  91% ] [90m[1msavepack[22m | Storing File: res://scripts/world/intercity_builder.gdc[39m[0m
[  91% ] [90m[1msavepack[22m | Storing File: res://scripts/world/world_streamer.gdc[39m[0m
[  92% ] [90m[1msavepack[22m | Storing File: res://scripts/world/elevation_world.gdc[39m[0m
[  92% ] [90m[1msavepack[22m | Storing File: res://scripts/prototype_hud.gdc[39m[0m
[  93% ] [90m[1msavepack[22m | Storing File: res://scripts/world/streamed_corridor_world.gdc[39m[0m
[  93% ] [90m[1msavepack[22m | Storing File: res://scripts/player_car.gdc[39m[0m
[  94% ] [90m[1msavepack[22m | Storing File: res://scripts/world/corridor_cells_builder.gdc[39m[0m
[  94% ] [90m[1msavepack[22m | Storing File: res://scripts/test_track.gdc[39m[0m
[  95% ] [90m[1msavepack[22m | Storing File: res://scripts/world/elevation_scenery.gdc[39m[0m
[  95% ] [90m[1msavepack[22m | Storing File: res://scripts/world/elevation_builder.gdc[39m[0m
[  96% ] [90m[1msavepack[22m | Storing File: res://scripts/tools/frame_statistics.gdc[39m[0m
[  96% ] [90m[1msavepack[22m | Storing File: res://scripts/tools/performance_capture.gdc[39m[0m
[  97% ] [90m[1msavepack[22m | Storing File: res://scripts/tools/startup_observer.gdc[39m[0m
[  97% ] [90m[1msavepack[22m | Storing File: res://scripts/ui/graphics_options.gdc[39m[0m
[  98% ] [90m[1msavepack[22m | Storing File: res://scripts/ui/main_menu.gdc[39m[0m
[  98% ] [90m[1msavepack[22m | Storing File: res://assets/models/hatch_1000/body.tres.remap[39m[0m
[  98% ] [90m[1msavepack[22m | Storing File: res://assets/models/hatch_1000/wheel.tres.remap[39m[0m
[  98% ] [90m[1msavepack[22m | Storing File: res://assets/models/mare_68/body.tres.remap[39m[0m
[  98% ] [90m[1msavepack[22m | Storing File: res://assets/models/mare_68/wheel.tres.remap[39m[0m
[  98% ] [90m[1msavepack[22m | Storing File: res://scripts/vehicle/tire_dynamics.gd.remap[39m[0m
[  98% ] [90m[1msavepack[22m | Storing File: res://scenes/cars/chase_camera.tscn.remap[39m[0m
[  98% ] [90m[1msavepack[22m | Storing File: res://scenes/cars/player_car.tscn.remap[39m[0m
[  98% ] [90m[1msavepack[22m | Storing File: res://scenes/city/pilot/pilot_city.tscn.remap[39m[0m
[  98% ] [90m[1msavepack[22m | Storing File: res://scenes/city/drive_neighborhood.tscn.remap[39m[0m
[  98% ] [90m[1msavepack[22m | Storing File: res://scenes/city/drive_pilot_city.tscn.remap[39m[0m
[  98% ] [90m[1msavepack[22m | Storing File: res://scenes/city/neighborhood_map.tscn.remap[39m[0m
[  98% ] [90m[1msavepack[22m | Storing File: res://scenes/corridor/corridor_map.tscn.remap[39m[0m
[  98% ] [90m[1msavepack[22m | Storing File: res://scenes/corridor/drive_corridor.tscn.remap[39m[0m
[  98% ] [90m[1msavepack[22m | Storing File: res://scenes/race/drive_race.tscn.remap[39m[0m
[  98% ] [90m[1msavepack[22m | Storing File: res://scenes/race/race_map.tscn.remap[39m[0m
[  98% ] [90m[1msavepack[22m | Storing File: res://scenes/rally/drive_rally.tscn.remap[39m[0m
[  98% ] [90m[1msavepack[22m | Storing File: res://scenes/rally/rally_map.tscn.remap[39m[0m
[  98% ] [90m[1msavepack[22m | Storing File: res://scenes/terrain/practice_area.tscn.remap[39m[0m
[  98% ] [90m[1msavepack[22m | Storing File: res://scenes/ui/main_menu.tscn.remap[39m[0m
[  98% ] [90m[1msavepack[22m | Storing File: res://scenes/ui/prototype_hud.tscn.remap[39m[0m
[  98% ] [90m[1msavepack[22m | Storing File: res://scenes/world/cells/elevation/cell-0.tscn.remap[39m[0m
[  98% ] [90m[1msavepack[22m | Storing File: res://scenes/world/cells/elevation/cell-1.tscn.remap[39m[0m
[  98% ] [90m[1msavepack[22m | Storing File: res://scenes/world/cells/elevation/cell-2.tscn.remap[39m[0m
[  98% ] [90m[1msavepack[22m | Storing File: res://scenes/world/cells/elevation/cell-3.tscn.remap[39m[0m
[  98% ] [90m[1msavepack[22m | Storing File: res://scenes/world/cells/elevation/horizon.tscn.remap[39m[0m
[  98% ] [90m[1msavepack[22m | Storing File: res://scenes/world/cells/sol-serra/shared/material-000.tres.remap[39m[0m
[  98% ] [90m[1msavepack[22m | Storing File: res://scenes/world/cells/sol-serra/shared/material-001.tres.remap[39m[0m
[  98% ] [90m[1msavepack[22m | Storing File: res://scenes/world/cells/sol-serra/shared/material-002.tres.remap[39m[0m
[  98% ] [90m[1msavepack[22m | Storing File: res://scenes/world/cells/sol-serra/shared/material-003.tres.remap[39m[0m
[  98% ] [90m[1msavepack[22m | Storing File: res://scenes/world/cells/sol-serra/shared/material-005.tres.remap[39m[0m
[  98% ] [90m[1msavepack[22m | Storing File: res://scenes/world/cells/sol-serra/shared/material-006.tres.remap[39m[0m
[  98% ] [90m[1msavepack[22m | Storing File: res://scenes/world/cells/sol-serra/shared/material-008.tres.remap[39m[0m
[  98% ] [90m[1msavepack[22m | Storing File: res://scenes/world/cells/sol-serra/shared/material-009.tres.remap[39m[0m
[  98% ] [90m[1msavepack[22m | Storing File: res://scenes/world/cells/sol-serra/shared/material-010.tres.remap[39m[0m
[  98% ] [90m[1msavepack[22m | Storing File: res://scenes/world/cells/sol-serra/shared/material-012.tres.remap[39m[0m
[  98% ] [90m[1msavepack[22m | Storing File: res://scenes/world/cells/sol-serra/shared/material-013.tres.remap[39m[0m
[  98% ] [90m[1msavepack[22m | Storing File: res://scenes/world/cells/sol-serra/shared/material-014.tres.remap[39m[0m
[  98% ] [90m[1msavepack[22m | Storing File: res://scenes/world/cells/sol-serra/shared/material-015.tres.remap[39m[0m
[  98% ] [90m[1msavepack[22m | Storing File: res://scenes/world/cells/sol-serra/shared/material-016.tres.remap[39m[0m
[  98% ] [90m[1msavepack[22m | Storing File: res://scenes/world/cells/sol-serra/shared/material-017.tres.remap[39m[0m
[  98% ] [90m[1msavepack[22m | Storing File: res://scenes/world/cells/sol-serra/shared/material-018.tres.remap[39m[0m
[  98% ] [90m[1msavepack[22m | Storing File: res://scenes/world/cells/sol-serra/shared/material-019.tres.remap[39m[0m
[  98% ] [90m[1msavepack[22m | Storing File: res://scenes/world/cells/sol-serra/shared/material-020.tres.remap[39m[0m
[  98% ] [90m[1msavepack[22m | Storing File: res://scenes/world/cells/sol-serra/shared/material-021.tres.remap[39m[0m
[  98% ] [90m[1msavepack[22m | Storing File: res://scenes/world/cells/sol-serra/shared/material-022.tres.remap[39m[0m
[  98% ] [90m[1msavepack[22m | Storing File: res://scenes/world/cells/sol-serra/shared/material-023.tres.remap[39m[0m
[  98% ] [90m[1msavepack[22m | Storing File: res://scenes/world/cells/sol-serra/shared/material-024.tres.remap[39m[0m
[  98% ] [90m[1msavepack[22m | Storing File: res://scenes/world/cells/sol-serra/shared/material-025.tres.remap[39m[0m
[  98% ] [90m[1msavepack[22m | Storing File: res://scenes/world/cells/sol-serra/shared/material-026.tres.remap[39m[0m
[  98% ] [90m[1msavepack[22m | Storing File: res://scenes/world/cells/sol-serra/shared/material-027.tres.remap[39m[0m
[  98% ] [90m[1msavepack[22m | Storing File: res://scenes/world/cells/sol-serra/shared/mesh-004.tres.remap[39m[0m
[  98% ] [90m[1msavepack[22m | Storing File: res://scenes/world/cells/sol-serra/shared/mesh-007.tres.remap[39m[0m
[  98% ] [90m[1msavepack[22m | Storing File: res://scenes/world/cells/sol-serra/shared/mesh-011.tres.remap[39m[0m
[  98% ] [90m[1msavepack[22m | Storing File: res://scenes/world/cells/sol-serra/shared/mesh-013.tres.remap[39m[0m
[  98% ] [90m[1msavepack[22m | Storing File: res://scenes/world/cells/sol-serra/shared/mesh-016.tres.remap[39m[0m
[  98% ] [90m[1msavepack[22m | Storing File: res://scenes/world/cells/sol-serra/shared/mesh-017.tres.remap[39m[0m
[  98% ] [90m[1msavepack[22m | Storing File: res://scenes/world/cells/sol-serra/shared/mesh-018.tres.remap[39m[0m
[  98% ] [90m[1msavepack[22m | Storing File: res://scenes/world/cells/sol-serra/shared/mesh-019.tres.remap[39m[0m
[  98% ] [90m[1msavepack[22m | Storing File: res://scenes/world/cells/sol-serra/shared/mesh-020.tres.remap[39m[0m
[  98% ] [90m[1msavepack[22m | Storing File: res://scenes/world/cells/sol-serra/cell-1.tscn.remap[39m[0m
[  98% ] [90m[1msavepack[22m | Storing File: res://scenes/world/cells/sol-serra/cell-2.tscn.remap[39m[0m
[  98% ] [90m[1msavepack[22m | Storing File: res://scenes/world/cells/sol-serra/cell-3.tscn.remap[39m[0m
[  98% ] [90m[1msavepack[22m | Storing File: res://scenes/world/cells/sol-serra/distant.tscn.remap[39m[0m
[  98% ] [90m[1msavepack[22m | Storing File: res://scenes/world/cells/sol-serra/horizon.tscn.remap[39m[0m
[  98% ] [90m[1msavepack[22m | Storing File: res://scenes/world/cells/vale/shared/material-000.tres.remap[39m[0m
[  98% ] [90m[1msavepack[22m | Storing File: res://scenes/world/cells/vale/shared/material-001.tres.remap[39m[0m
[  98% ] [90m[1msavepack[22m | Storing File: res://scenes/world/cells/vale/shared/material-002.tres.remap[39m[0m
[  98% ] [90m[1msavepack[22m | Storing File: res://scenes/world/cells/vale/shared/material-003.tres.remap[39m[0m
[  98% ] [90m[1msavepack[22m | Storing File: res://scenes/world/cells/vale/shared/material-004.tres.remap[39m[0m
[  98% ] [90m[1msavepack[22m | Storing File: res://scenes/world/cells/vale/shared/material-005.tres.remap[39m[0m
[  98% ] [90m[1msavepack[22m | Storing File: res://scenes/world/cells/vale/shared/material-007.tres.remap[39m[0m
[  98% ] [90m[1msavepack[22m | Storing File: res://scenes/world/cells/vale/shared/material-008.tres.remap[39m[0m
[  98% ] [90m[1msavepack[22m | Storing File: res://scenes/world/cells/vale/shared/material-009.tres.remap[39m[0m
[  98% ] [90m[1msavepack[22m | Storing File: res://scenes/world/cells/vale/shared/material-010.tres.remap[39m[0m
[  98% ] [90m[1msavepack[22m | Storing File: res://scenes/world/cells/vale/shared/material-012.tres.remap[39m[0m
[  98% ] [90m[1msavepack[22m | Storing File: res://scenes/world/cells/vale/shared/material-014.tres.remap[39m[0m
[  98% ] [90m[1msavepack[22m | Storing File: res://scenes/world/cells/vale/shared/material-015.tres.remap[39m[0m
[  98% ] [90m[1msavepack[22m | Storing File: res://scenes/world/cells/vale/shared/material-016.tres.remap[39m[0m
[  98% ] [90m[1msavepack[22m | Storing File: res://scenes/world/cells/vale/shared/material-017.tres.remap[39m[0m
[  98% ] [90m[1msavepack[22m | Storing File: res://scenes/world/cells/vale/shared/material-018.tres.remap[39m[0m
[  98% ] [90m[1msavepack[22m | Storing File: res://scenes/world/cells/vale/shared/material-020.tres.remap[39m[0m
[  98% ] [90m[1msavepack[22m | Storing File: res://scenes/world/cells/vale/shared/material-021.tres.remap[39m[0m
[  98% ] [90m[1msavepack[22m | Storing File: res://scenes/world/cells/vale/shared/material-022.tres.remap[39m[0m
[  98% ] [90m[1msavepack[22m | Storing File: res://scenes/world/cells/vale/shared/material-023.tres.remap[39m[0m
[  98% ] [90m[1msavepack[22m | Storing File: res://scenes/world/cells/vale/shared/material-024.tres.remap[39m[0m
[  98% ] [90m[1msavepack[22m | Storing File: res://scenes/world/cells/vale/shared/material-025.tres.remap[39m[0m
[  98% ] [90m[1msavepack[22m | Storing File: res://scenes/world/cells/vale/shared/material-026.tres.remap[39m[0m
[  98% ] [90m[1msavepack[22m | Storing File: res://scenes/world/cells/vale/shared/material-027.tres.remap[39m[0m
[  98% ] [90m[1msavepack[22m | Storing File: res://scenes/world/cells/vale/shared/mesh-006.tres.remap[39m[0m
[  98% ] [90m[1msavepack[22m | Storing File: res://scenes/world/cells/vale/shared/mesh-011.tres.remap[39m[0m
[  98% ] [90m[1msavepack[22m | Storing File: res://scenes/world/cells/vale/shared/mesh-013.tres.remap[39m[0m
[  98% ] [90m[1msavepack[22m | Storing File: res://scenes/world/cells/vale/shared/mesh-019.tres.remap[39m[0m
[  98% ] [90m[1msavepack[22m | Storing File: res://scenes/world/cells/vale/shared/mesh-028.tres.remap[39m[0m
[  98% ] [90m[1msavepack[22m | Storing File: res://scenes/world/cells/vale/cell-0.tscn.remap[39m[0m
[  98% ] [90m[1msavepack[22m | Storing File: res://scenes/world/cells/vale/cell-1.tscn.remap[39m[0m
[  98% ] [90m[1msavepack[22m | Storing File: res://scenes/world/cells/vale/cell-2.tscn.remap[39m[0m
[  98% ] [90m[1msavepack[22m | Storing File: res://scenes/world/cells/vale/distant.tscn.remap[39m[0m
[  98% ] [90m[1msavepack[22m | Storing File: res://scenes/world/cells/vale/horizon.tscn.remap[39m[0m
[  98% ] [90m[1msavepack[22m | Storing File: res://scenes/world/drive_elevation.tscn.remap[39m[0m
[  98% ] [90m[1msavepack[22m | Storing File: res://scenes/world/drive_intercity.tscn.remap[39m[0m
[  98% ] [90m[1msavepack[22m | Storing File: res://scenes/world/drive_streamed_corridor.tscn.remap[39m[0m
[  98% ] [90m[1msavepack[22m | Storing File: res://scenes/test_track.tscn.remap[39m[0m
[  98% ] [90m[1msavepack[22m | Storing File: res://scripts/audio/audio_options.gd.remap[39m[0m
[  98% ] [90m[1msavepack[22m | Storing File: res://scripts/audio/driving_audio.gd.remap[39m[0m
[  98% ] [90m[1msavepack[22m | Storing File: res://scripts/audio/wave_settings.gd.remap[39m[0m
[  98% ] [90m[1msavepack[22m | Storing File: res://scripts/city/baked_multimesh.gd.remap[39m[0m
[  98% ] [90m[1msavepack[22m | Storing File: res://scripts/city/neighborhood_builder.gd.remap[39m[0m
[  98% ] [90m[1msavepack[22m | Storing File: res://scripts/city/neighborhood_tree_mesh.gd.remap[39m[0m
[  98% ] [90m[1msavepack[22m | Storing File: res://scripts/city/neighborhood_validation.gd.remap[39m[0m
[  98% ] [90m[1msavepack[22m | Storing File: res://scripts/city/offline_scene_builder.gd.remap[39m[0m
[  98% ] [90m[1msavepack[22m | Storing File: res://scripts/city/pilot_city_builder.gd.remap[39m[0m
[  98% ] [90m[1msavepack[22m | Storing File: res://scripts/city/pilot_city_layout.gd.remap[39m[0m
[  98% ] [90m[1msavepack[22m | Storing File: res://scripts/city/pilot_city_world.gd.remap[39m[0m
[  98% ] [90m[1msavepack[22m | Storing File: res://scripts/corridor/corridor_builder.gd.remap[39m[0m
[  98% ] [90m[1msavepack[22m | Storing File: res://scripts/corridor/corridor_world.gd.remap[39m[0m
[  98% ] [90m[1msavepack[22m | Storing File: res://scripts/race/circuit_layout.gd.remap[39m[0m
[  98% ] [90m[1msavepack[22m | Storing File: res://scripts/race/race_materials.gd.remap[39m[0m
[  98% ] [90m[1msavepack[22m | Storing File: res://scripts/race/race_timing.gd.remap[39m[0m
[  98% ] [90m[1msavepack[22m | Storing File: res://scripts/race/race_world.gd.remap[39m[0m
[  98% ] [90m[1msavepack[22m | Storing File: res://scripts/rally/gravel_dust.gd.remap[39m[0m
[  98% ] [90m[1msavepack[22m | Storing File: res://scripts/rally/rally_layout.gd.remap[39m[0m
[  98% ] [90m[1msavepack[22m | Storing File: res://scripts/rally/rally_world.gd.remap[39m[0m
[  98% ] [90m[1msavepack[22m | Storing File: res://scripts/rally/stage_timing.gd.remap[39m[0m
[  98% ] [90m[1msavepack[22m | Storing File: res://scripts/world/intercity_layout.gd.remap[39m[0m
[  98% ] [90m[1msavepack[22m | Storing File: res://scripts/chase_camera.gd.remap[39m[0m
[  98% ] [90m[1msavepack[22m | Storing File: res://scripts/world/world_hlod.gd.remap[39m[0m
[  98% ] [90m[1msavepack[22m | Storing File: res://scripts/input_setup.gd.remap[39m[0m
[  98% ] [90m[1msavepack[22m | Storing File: res://scripts/driving_world.gd.remap[39m[0m
[  98% ] [90m[1msavepack[22m | Storing File: res://scripts/world/corridor_hlod_builder.gd.remap[39m[0m
[  98% ] [90m[1msavepack[22m | Storing File: res://scripts/world/elevation_layout.gd.remap[39m[0m
[  98% ] [90m[1msavepack[22m | Storing File: res://scripts/world/elevation_streamer.gd.remap[39m[0m
[  98% ] [90m[1msavepack[22m | Storing File: res://scripts/world/lookout_trip.gd.remap[39m[0m
[  98% ] [90m[1msavepack[22m | Storing File: res://scripts/world/intercity_builder.gd.remap[39m[0m
[  98% ] [90m[1msavepack[22m | Storing File: res://scripts/world/world_streamer.gd.remap[39m[0m
[  98% ] [90m[1msavepack[22m | Storing File: res://scripts/world/elevation_world.gd.remap[39m[0m
[  98% ] [90m[1msavepack[22m | Storing File: res://scripts/prototype_hud.gd.remap[39m[0m
[  98% ] [90m[1msavepack[22m | Storing File: res://scripts/world/streamed_corridor_world.gd.remap[39m[0m
[  98% ] [90m[1msavepack[22m | Storing File: res://scripts/player_car.gd.remap[39m[0m
[  98% ] [90m[1msavepack[22m | Storing File: res://scripts/world/corridor_cells_builder.gd.remap[39m[0m
[  98% ] [90m[1msavepack[22m | Storing File: res://scripts/test_track.gd.remap[39m[0m
[  98% ] [90m[1msavepack[22m | Storing File: res://scripts/world/elevation_scenery.gd.remap[39m[0m
[  98% ] [90m[1msavepack[22m | Storing File: res://scripts/world/elevation_builder.gd.remap[39m[0m
[  98% ] [90m[1msavepack[22m | Storing File: res://scripts/tools/frame_statistics.gd.remap[39m[0m
[  98% ] [90m[1msavepack[22m | Storing File: res://scripts/tools/performance_capture.gd.remap[39m[0m
[  98% ] [90m[1msavepack[22m | Storing File: res://scripts/tools/startup_observer.gd.remap[39m[0m
[  98% ] [90m[1msavepack[22m | Storing File: res://scripts/ui/graphics_options.gd.remap[39m[0m
[  98% ] [90m[1msavepack[22m | Storing File: res://scripts/ui/main_menu.gd.remap[39m[0m
[  98% ] [90m[1msavepack[22m | Storing File: res://.godot/global_script_class_cache.cfg[39m[0m
[  98% ] [90m[1msavepack[22m | Storing File: res://.godot/uid_cache.bin[39m[0m
[  98% ] [90m[1msavepack[22m | Storing File: res://project.binary[39m[0m
[92m[ DONE ][39m [1msavepack[22m
[0m
Godot Engine v4.7.2.stable.official.ed1daf0bf - https://godotengine.org

[   0% ] [90m[1mfirst_scan_filesystem[22m | Started Project initialization (5 steps)[39m[0m
[   0% ] [90m[1mfirst_scan_filesystem[22m | Scanning file structure...[39m[0m
[  16% ] [90m[1mfirst_scan_filesystem[22m | Loading global class names...[39m[0m
[  33% ] [90m[1mfirst_scan_filesystem[22m | Verifying GDExtensions...[39m[0m
[  50% ] [90m[1mfirst_scan_filesystem[22m | Creating autoload scripts...[39m[0m
[  66% ] [90m[1mfirst_scan_filesystem[22m | Initializing plugins...[39m[0m
[  83% ] [90m[1mfirst_scan_filesystem[22m | Starting file scan...[39m[0m
[92m[ DONE ][39m [1mfirst_scan_filesystem[22m
[0m
[   0% ] [90m[1msavepack[22m | Started Packing (102 steps)[39m[0m
[   1% ] [90m[1msavepack[22m | Storing File: res://.godot/imported/wave-engine.wav-5612f6f155f8eeebdfd7dbe8bf5e2979.sample[39m[0m
[   1% ] [90m[1msavepack[22m | Storing File: res://assets/audio/wave-engine.wav.import[39m[0m
[   1% ] [90m[1msavepack[22m | Storing File: res://.godot/imported/wave-evening.wav-f4ed2c6c7acf6aee329f70988ed0670c.sample[39m[0m
[   1% ] [90m[1msavepack[22m | Storing File: res://assets/audio/wave-evening.wav.import[39m[0m
[   2% ] [90m[1msavepack[22m | Storing File: res://.godot/imported/wave-sunset.wav-6aeb644867867e0bb9b7326c27fcdac0.sample[39m[0m
[   2% ] [90m[1msavepack[22m | Storing File: res://assets/audio/wave-sunset.wav.import[39m[0m
[   2% ] [90m[1msavepack[22m | Storing File: res://.godot/exported/133200997/export-b30d755426ee09a4f7613e51ce2e2bcd-body.res[39m[0m
[   3% ] [90m[1msavepack[22m | Storing File: res://.godot/exported/133200997/export-fa80559d112f66e6096b89685ace3321-wheel.res[39m[0m
[   3% ] [90m[1msavepack[22m | Storing File: res://.godot/exported/133200997/export-51c362cc66cf5a760e36bb9b472833ba-body.res[39m[0m
[   4% ] [90m[1msavepack[22m | Storing File: res://.godot/exported/133200997/export-ed617b37b58e696c1484d444313f2d99-wheel.res[39m[0m
[   4% ] [90m[1msavepack[22m | Storing File: res://assets/shaders/corridor/contact_shadow.gdshader[39m[0m
[   5% ] [90m[1msavepack[22m | Storing File: res://assets/shaders/rally/gravel_road.gdshader[39m[0m
[   5% ] [90m[1msavepack[22m | Storing File: res://assets/shaders/car_contact_shadow.gdshader[39m[0m
[   6% ] [90m[1msavepack[22m | Storing File: res://.godot/imported/facades-v1.png-05cea8e5102b871ace4d2ea0b0a318f9.s3tc.ctex[39m[0m
[   6% ] [90m[1msavepack[22m | Storing File: res://assets/textures/corridor/facades-v1.png.import[39m[0m
[   6% ] [90m[1msavepack[22m | Storing File: res://assets/textures/corridor/provenance.json[39m[0m
[   7% ] [90m[1msavepack[22m | Storing File: res://.godot/imported/signs.png-b287665279a8de077693e82643e8f32d.s3tc.ctex[39m[0m
[   7% ] [90m[1msavepack[22m | Storing File: res://assets/textures/corridor/signs.png.import[39m[0m
[   7% ] [90m[1msavepack[22m | Storing File: res://.godot/imported/street-tree-v1.png-08a4bdd120d89f0df5f62c5699f88744.s3tc.ctex[39m[0m
[   7% ] [90m[1msavepack[22m | Storing File: res://assets/textures/corridor/street-tree-v1.png.import[39m[0m
[   8% ] [90m[1msavepack[22m | Storing File: res://assets/textures/intercity/provenance.json[39m[0m
[   8% ] [90m[1msavepack[22m | Storing File: res://.godot/imported/wayfinding.png-80592ed8440a8712e412b66c56822e90.s3tc.ctex[39m[0m
[   8% ] [90m[1msavepack[22m | Storing File: res://assets/textures/intercity/wayfinding.png.import[39m[0m
[   9% ] [90m[1msavepack[22m | Storing File: res://.godot/imported/afternoon-sky-v1.png-0f7d4b9358ebb577d321af2f87d9ad98.ctex[39m[0m
[   9% ] [90m[1msavepack[22m | Storing File: res://assets/textures/neighborhood/afternoon-sky-v1.png.import[39m[0m
[   9% ] [90m[1msavepack[22m | Storing File: res://assets/textures/neighborhood/afternoon-sky-v1.provenance.json[39m[0m
[  10% ] [90m[1msavepack[22m | Storing File: res://.godot/imported/asphalt-realism-v1.png-0921fb50b357d0a7101e2a3c2fe577ad.s3tc.ctex[39m[0m
[  10% ] [90m[1msavepack[22m | Storing File: res://assets/textures/neighborhood/asphalt-realism-v1.png.import[39m[0m
[  10% ] [90m[1msavepack[22m | Storing File: res://.godot/imported/lawn-realism-v1.png-e67e9c2ccb0bafda8d9bcde33ee1ecee.s3tc.ctex[39m[0m
[  10% ] [90m[1msavepack[22m | Storing File: res://assets/textures/neighborhood/lawn-realism-v1.png.import[39m[0m
[  11% ] [90m[1msavepack[22m | Storing File: res://.godot/imported/leaf-cluster-v1.png-cc9558e46a38d3403fc1ae7b060c274e.s3tc.ctex[39m[0m
[  11% ] [90m[1msavepack[22m | Storing File: res://assets/textures/neighborhood/leaf-cluster-v1.png.import[39m[0m
[  11% ] [90m[1msavepack[22m | Storing File: res://assets/textures/neighborhood/limestone-albedo.res[39m[0m
[  12% ] [90m[1msavepack[22m | Storing File: res://assets/textures/neighborhood/limestone-normal.res[39m[0m
[  12% ] [90m[1msavepack[22m | Storing File: res://assets/textures/neighborhood/paving-albedo.res[39m[0m
[  13% ] [90m[1msavepack[22m | Storing File: res://assets/textures/neighborhood/paving-normal.res[39m[0m
[  13% ] [90m[1msavepack[22m | Storing File: res://assets/textures/neighborhood/stucco-albedo.res[39m[0m
[  14% ] [90m[1msavepack[22m | Storing File: res://assets/textures/neighborhood/stucco-normal.res[39m[0m
[  14% ] [90m[1msavepack[22m | Storing File: res://assets/textures/neighborhood/timber-albedo.res[39m[0m
[  15% ] [90m[1msavepack[22m | Storing File: res://assets/textures/neighborhood/timber-normal.res[39m[0m
[  15% ] [90m[1msavepack[22m | Storing File: res://.godot/imported/asphalt.png-8a3f4a136dd4c3993f2bcf5e033c0e17.s3tc.ctex[39m[0m
[  15% ] [90m[1msavepack[22m | Storing File: res://assets/textures/race/asphalt.png.import[39m[0m
[  16% ] [90m[1msavepack[22m | Storing File: res://.godot/imported/asphalt_normal.png-fb4eeaac5e3b61707e4efe46ef0f4418.s3tc.ctex[39m[0m
[  16% ] [90m[1msavepack[22m | Storing File: res://assets/textures/race/asphalt_normal.png.import[39m[0m
[  16% ] [90m[1msavepack[22m | Storing File: res://.godot/imported/brick.png-1ab76d616e3b5723440c516bf01f06f0.s3tc.ctex[39m[0m
[  16% ] [90m[1msavepack[22m | Storing File: res://assets/textures/race/brick.png.import[39m[0m
[  17% ] [90m[1msavepack[22m | Storing File: res://.godot/imported/brick_normal.png-8439c4cf96fdf35480a00b229016de06.s3tc.ctex[39m[0m
[  17% ] [90m[1msavepack[22m | Storing File: res://assets/textures/race/brick_normal.png.import[39m[0m
[  18% ] [90m[1msavepack[22m | Storing File: res://.godot/imported/concrete.png-4b5bb45a2b7ee56cfc519dd08df8e55c.s3tc.ctex[39m[0m
[  18% ] [90m[1msavepack[22m | Storing File: res://assets/textures/race/concrete.png.import[39m[0m
[  18% ] [90m[1msavepack[22m | Storing File: res://.godot/imported/concrete_normal.png-02daf72625c649ad4b1e654dab16c7a2.s3tc.ctex[39m[0m
[  18% ] [90m[1msavepack[22m | Storing File: res://assets/textures/race/concrete_normal.png.import[39m[0m
[  19% ] [90m[1msavepack[22m | Storing File: res://.godot/imported/foliage.png-43ff9642437c1cfe95446dba7975f6ee.s3tc.ctex[39m[0m
[  19% ] [90m[1msavepack[22m | Storing File: res://assets/textures/race/foliage.png.import[39m[0m
[  19% ] [90m[1msavepack[22m | Storing File: res://.godot/imported/grass.png-6680cbf4546f9ee0bad0982a6839a984.s3tc.ctex[39m[0m
[  19% ] [90m[1msavepack[22m | Storing File: res://assets/textures/race/grass.png.import[39m[0m
[  20% ] [90m[1msavepack[22m | Storing File: res://.godot/imported/grass_normal.png-c9a37fcc2f767eb1191c7b97fb2ac2f8.s3tc.ctex[39m[0m
[  20% ] [90m[1msavepack[22m | Storing File: res://assets/textures/race/grass_normal.png.import[39m[0m
[  20% ] [90m[1msavepack[22m | Storing File: res://.godot/imported/metal.png-6cad72b766dc7b5afa6f11c6445bca8b.s3tc.ctex[39m[0m
[  20% ] [90m[1msavepack[22m | Storing File: res://assets/textures/race/metal.png.import[39m[0m
[  21% ] [90m[1msavepack[22m | Storing File: res://.godot/imported/metal_normal.png-e3cf2c278605614d36610993beafc0ed.s3tc.ctex[39m[0m
[  21% ] [90m[1msavepack[22m | Storing File: res://assets/textures/race/metal_normal.png.import[39m[0m
[  21% ] [90m[1msavepack[22m | Storing File: res://.godot/imported/bark.png-bb43cb61a3d454fdf1d433b84f17d788.s3tc.ctex[39m[0m
[  21% ] [90m[1msavepack[22m | Storing File: res://assets/textures/rally/bark.png.import[39m[0m
[  22% ] [90m[1msavepack[22m | Storing File: res://.godot/imported/bark_normal.png-35f5a5b2cf55057a5172e37932e64560.s3tc.ctex[39m[0m
[  22% ] [90m[1msavepack[22m | Storing File: res://assets/textures/rally/bark_normal.png.import[39m[0m
[  22% ] [90m[1msavepack[22m | Storing File: res://.godot/imported/conifer.png-06e2dbab7269592d124f2b1015048b41.s3tc.ctex[39m[0m
[  22% ] [90m[1msavepack[22m | Storing File: res://assets/textures/rally/conifer.png.import[39m[0m
[  23% ] [90m[1msavepack[22m | Storing File: res://.godot/imported/gravel.png-4e4092e5eba798163e5216f1671e2738.s3tc.ctex[39m[0m
[  23% ] [90m[1msavepack[22m | Storing File: res://assets/textures/rally/gravel.png.import[39m[0m
[  23% ] [90m[1msavepack[22m | Storing File: res://.godot/imported/gravel_normal.png-091729a8e5a5e973bec8f46dd6800398.s3tc.ctex[39m[0m
[  23% ] [90m[1msavepack[22m | Storing File: res://assets/textures/rally/gravel_normal.png.import[39m[0m
[  24% ] [90m[1msavepack[22m | Storing File: res://.godot/imported/pine-realistic.png-042df8151d7299366ee8e33e54e0a2c3.s3tc.ctex[39m[0m
[  24% ] [90m[1msavepack[22m | Storing File: res://assets/textures/rally/pine-realistic.png.import[39m[0m
[  24% ] [90m[1msavepack[22m | Storing File: res://.godot/imported/rock.png-4be6feaab81db8c3cfbd1c069c80c31f.s3tc.ctex[39m[0m
[  24% ] [90m[1msavepack[22m | Storing File: res://assets/textures/rally/rock.png.import[39m[0m
[  25% ] [90m[1msavepack[22m | Storing File: res://.godot/imported/rock_normal.png-a590f780c36fa0edb37ad3df37b2d2cf.s3tc.ctex[39m[0m
[  25% ] [90m[1msavepack[22m | Storing File: res://assets/textures/rally/rock_normal.png.import[39m[0m
[  25% ] [90m[1msavepack[22m | Storing File: res://scripts/vehicle/tire_dynamics.gdc[39m[0m
[  26% ] [90m[1msavepack[22m | Storing File: res://.godot/exported/133200997/export-2c55563ede1b199ce5eea87a037264e5-chase_camera.scn[39m[0m
[  26% ] [90m[1msavepack[22m | Storing File: res://.godot/exported/133200997/export-4e133547b8ba57e7661e65d8bcb7e5dd-player_car.scn[39m[0m
[  27% ] [90m[1msavepack[22m | Storing File: res://.godot/exported/133200997/export-e9c119da235f6231374c0888df0e16ca-pilot_city.scn[39m[0m
[  27% ] [90m[1msavepack[22m | Storing File: res://.godot/exported/133200997/export-2094e7ba4bb43597e3cb1028ab80a087-drive_neighborhood.scn[39m[0m
[  28% ] [90m[1msavepack[22m | Storing File: res://.godot/exported/133200997/export-d320c060055a9cdd79cb69e7dde23489-drive_pilot_city.scn[39m[0m
[  28% ] [90m[1msavepack[22m | Storing File: res://.godot/exported/133200997/export-f2955fa44727424b7ca3787ce0441f31-neighborhood_map.scn[39m[0m
[  29% ] [90m[1msavepack[22m | Storing File: res://.godot/exported/133200997/export-4f0d7b32ea182d7f4341c0ccfd9e9e79-corridor_map.scn[39m[0m
[  29% ] [90m[1msavepack[22m | Storing File: res://.godot/exported/133200997/export-e20eb4da49da3e310d7f92bb14a3690d-drive_corridor.scn[39m[0m
[  30% ] [90m[1msavepack[22m | Storing File: res://.godot/exported/133200997/export-a3d1fd8bee9ac22ace7400ef8ff9c98a-drive_race.scn[39m[0m
[  30% ] [90m[1msavepack[22m | Storing File: res://.godot/exported/133200997/export-7431d144a92d41e0ef5b2086337e503d-race_map.scn[39m[0m
[  31% ] [90m[1msavepack[22m | Storing File: res://.godot/exported/133200997/export-3f41f2ea0c0d26c20c90ca6a5c694e38-drive_rally.scn[39m[0m
[  31% ] [90m[1msavepack[22m | Storing File: res://.godot/exported/133200997/export-18a56ec6c555ef7f6e524d38205b6d0e-rally_map.scn[39m[0m
[  32% ] [90m[1msavepack[22m | Storing File: res://.godot/exported/133200997/export-02fff833f35aae52d550eeceaa4ae990-practice_area.scn[39m[0m
[  32% ] [90m[1msavepack[22m | Storing File: res://.godot/exported/133200997/export-79dd3ab530fc0aed4f9ba21f09ab2efd-main_menu.scn[39m[0m
[  33% ] [90m[1msavepack[22m | Storing File: res://.godot/exported/133200997/export-a7741bccb8ee6dde9f43107b052a6ae4-prototype_hud.scn[39m[0m
[  33% ] [90m[1msavepack[22m | Storing File: res://.godot/exported/133200997/export-4baf5aa1b70f81edfaddc92d70170f30-cell-0.scn[39m[0m
[  33% ] [90m[1msavepack[22m | Storing File: res://.godot/exported/133200997/export-568c1988973666c8323b505a271c7b10-cell-1.scn[39m[0m
[  34% ] [90m[1msavepack[22m | Storing File: res://.godot/exported/133200997/export-8f10c9d3df566896dfac187faed40428-cell-2.scn[39m[0m
[  34% ] [90m[1msavepack[22m | Storing File: res://.godot/exported/133200997/export-c55e4da9978187217a0fb6f7e914fc41-cell-3.scn[39m[0m
[  35% ] [90m[1msavepack[22m | Storing File: res://.godot/exported/133200997/export-cfb2898345a219df09ab49ffba2f6d27-horizon.scn[39m[0m
[  35% ] [90m[1msavepack[22m | Storing File: res://scenes/world/cells/elevation/manifest.json[39m[0m
[  36% ] [90m[1msavepack[22m | Storing File: res://.godot/exported/133200997/export-181eef97c66a9728f6e5b2681c455da1-material-000.res[39m[0m
[  36% ] [90m[1msavepack[22m | Storing File: res://.godot/exported/133200997/export-db7a7644a04b92fc128bf2eab2bb19d2-material-001.res[39m[0m
[  37% ] [90m[1msavepack[22m | Storing File: res://.godot/exported/133200997/export-b3047f57fc49408e32eb4115789b6def-material-002.res[39m[0m
[  37% ] [90m[1msavepack[22m | Storing File: res://.godot/exported/133200997/export-98594fc97055058ffc967bfc25ba715b-material-003.res[39m[0m
[  38% ] [90m[1msavepack[22m | Storing File: res://.godot/exported/133200997/export-b9d9ca6cf43e8df2c02432e20ef6119f-material-005.res[39m[0m
[  38% ] [90m[1msavepack[22m | Storing File: res://.godot/exported/133200997/export-728c25552d9b3bdb733b277e39a46104-material-006.res[39m[0m
[  39% ] [90m[1msavepack[22m | Storing File: res://.godot/exported/133200997/export-ead86bd39e120c32793c9a227eb7c3b3-material-008.res[39m[0m
[  39% ] [90m[1msavepack[22m | Storing File: res://.godot/exported/133200997/export-776411d308d3d8bda83d7a6ec29501c5-material-009.res[39m[0m
[  40% ] [90m[1msavepack[22m | Storing File: res://.godot/exported/133200997/export-3b11eeac6f245e0af4572dca5a51b9c0-material-010.res[39m[0m
[  40% ] [90m[1msavepack[22m | Storing File: res://.godot/exported/133200997/export-16ecec154f5864a06cc21008390a0070-material-012.res[39m[0m
[  41% ] [90m[1msavepack[22m | Storing File: res://.godot/exported/133200997/export-c2bc3c944706f1148415bc3f08827e9f-material-013.res[39m[0m
[  41% ] [90m[1msavepack[22m | Storing File: res://.godot/exported/133200997/export-9934576e5e31ca4b9d43cf665e96ed2e-material-014.res[39m[0m
[  42% ] [90m[1msavepack[22m | Storing File: res://.godot/exported/133200997/export-7b392558aaaed76614aa426cc271f190-material-015.res[39m[0m
[  42% ] [90m[1msavepack[22m | Storing File: res://.godot/exported/133200997/export-9a392ff2aee405de291800343731b995-material-016.res[39m[0m
[  43% ] [90m[1msavepack[22m | Storing File: res://.godot/exported/133200997/export-c426e76f62a78d80c978107e7aa93fc5-material-017.res[39m[0m
[  43% ] [90m[1msavepack[22m | Storing File: res://.godot/exported/133200997/export-a609932cddbb9a4898d0c3b81a76717b-material-018.res[39m[0m
[  44% ] [90m[1msavepack[22m | Storing File: res://.godot/exported/133200997/export-adde280099bac150a886e81e00a550dc-material-019.res[39m[0m
[  44% ] [90m[1msavepack[22m | Storing File: res://.godot/exported/133200997/export-e311c8d379d79080ea6cf1445f138e0b-material-020.res[39m[0m
[  45% ] [90m[1msavepack[22m | Storing File: res://.godot/exported/133200997/export-74996e6247b0950840c997a99ea7b488-material-021.res[39m[0m
[  45% ] [90m[1msavepack[22m | Storing File: res://.godot/exported/133200997/export-b6bc8ac7ff151a1e077ad4678d7e8541-material-022.res[39m[0m
[  46% ] [90m[1msavepack[22m | Storing File: res://.godot/exported/133200997/export-28478befdea9fae4b3267602964766be-material-023.res[39m[0m
[  46% ] [90m[1msavepack[22m | Storing File: res://.godot/exported/133200997/export-8e0131c87702202de502f208c11252d6-material-024.res[39m[0m
[  47% ] [90m[1msavepack[22m | Storing File: res://.godot/exported/133200997/export-974b231fcdc542ac4f0746206fa482a4-material-025.res[39m[0m
[  47% ] [90m[1msavepack[22m | Storing File: res://.godot/exported/133200997/export-acdb120ecb79630f508e16064dbc788e-material-026.res[39m[0m
[  48% ] [90m[1msavepack[22m | Storing File: res://.godot/exported/133200997/export-e6c7fc58dfda50b5d87ad94a27bb5900-material-027.res[39m[0m
[  48% ] [90m[1msavepack[22m | Storing File: res://.godot/exported/133200997/export-0993b2c14502b2c1f861f25e62a99407-mesh-004.res[39m[0m
[  49% ] [90m[1msavepack[22m | Storing File: res://.godot/exported/133200997/export-ef1df4d79116b022eb3829d13cb2dded-mesh-007.res[39m[0m
[  50% ] [90m[1msavepack[22m | Storing File: res://.godot/exported/133200997/export-fe66bd5e8d352f213634060539ccac55-mesh-011.res[39m[0m
[  50% ] [90m[1msavepack[22m | Storing File: res://.godot/exported/133200997/export-4ff3b7624895d4357202307d3d6b6deb-mesh-013.res[39m[0m
[  51% ] [90m[1msavepack[22m | Storing File: res://.godot/exported/133200997/export-1214b15053710754f698cedd9837a53e-mesh-016.res[39m[0m
[  51% ] [90m[1msavepack[22m | Storing File: res://.godot/exported/133200997/export-4d4c7b85ad4debb8a68593bdd1154869-mesh-017.res[39m[0m
[  52% ] [90m[1msavepack[22m | Storing File: res://.godot/exported/133200997/export-4b8558c7d7d0434d98d8c08566a660c5-mesh-018.res[39m[0m
[  52% ] [90m[1msavepack[22m | Storing File: res://.godot/exported/133200997/export-92abb859faa6e04077d095d36a1755fb-mesh-019.res[39m[0m
[  53% ] [90m[1msavepack[22m | Storing File: res://.godot/exported/133200997/export-27b0d01928a3fd2ebe0149e5c3079bb4-mesh-020.res[39m[0m
[  53% ] [90m[1msavepack[22m | Storing File: res://.godot/exported/133200997/export-e90158d10eb3d2c85b9ecd4169370d55-cell-1.scn[39m[0m
[  54% ] [90m[1msavepack[22m | Storing File: res://.godot/exported/133200997/export-218b88161f995053f33956d36f6db236-cell-2.scn[39m[0m
[  54% ] [90m[1msavepack[22m | Storing File: res://.godot/exported/133200997/export-63c966e84b86b187ea7914a12c5d0da7-cell-3.scn[39m[0m
[  55% ] [90m[1msavepack[22m | Storing File: res://.godot/exported/133200997/export-cdf0c839fc6b7e9946ac8164b0ccb106-distant.scn[39m[0m
[  55% ] [90m[1msavepack[22m | Storing File: res://.godot/exported/133200997/export-b3d3258533b425a4f65263f69d52dd42-horizon.scn[39m[0m
[  56% ] [90m[1msavepack[22m | Storing File: res://scenes/world/cells/sol-serra/manifest.json[39m[0m
[  56% ] [90m[1msavepack[22m | Storing File: res://.godot/exported/133200997/export-25e10c74a4eaa3122952d05b1bd80419-material-000.res[39m[0m
[  57% ] [90m[1msavepack[22m | Storing File: res://.godot/exported/133200997/export-dca998d24cf88d71ff637eb21aec0ce1-material-001.res[39m[0m
[  57% ] [90m[1msavepack[22m | Storing File: res://.godot/exported/133200997/export-c9f2e1751efd8f17ac8b6133b3d896dd-material-002.res[39m[0m
[  58% ] [90m[1msavepack[22m | Storing File: res://.godot/exported/133200997/export-c44dc998fc64db1c908dbccd44bbf978-material-003.res[39m[0m
[  58% ] [90m[1msavepack[22m | Storing File: res://.godot/exported/133200997/export-31dc4023ab2e00799d6840cb31395b2c-material-004.res[39m[0m
[  59% ] [90m[1msavepack[22m | Storing File: res://.godot/exported/133200997/export-1111c924241b87c0e47b4d01b57c2311-material-005.res[39m[0m
[  59% ] [90m[1msavepack[22m | Storing File: res://.godot/exported/133200997/export-7dfe710378a59f6e1c9347f12bde2ea1-material-007.res[39m[0m
[  60% ] [90m[1msavepack[22m | Storing File: res://.godot/exported/133200997/export-0658ffcf794e641598630f68cc419d86-material-008.res[39m[0m
[  60% ] [90m[1msavepack[22m | Storing File: res://.godot/exported/133200997/export-ef7c55c87ea55607687ebb6dbe3b0cfa-material-009.res[39m[0m
[  61% ] [90m[1msavepack[22m | Storing File: res://.godot/exported/133200997/export-14dff1b380f8eedf17a382d19fdf7be1-material-010.res[39m[0m
[  61% ] [90m[1msavepack[22m | Storing File: res://.godot/exported/133200997/export-1672bc8ac7411ebe569ac49bc3b11b8b-material-012.res[39m[0m
[  62% ] [90m[1msavepack[22m | Storing File: res://.godot/exported/133200997/export-95bbe2c29dae5cd5be475a8702af7521-material-014.res[39m[0m
[  62% ] [90m[1msavepack[22m | Storing File: res://.godot/exported/133200997/export-2e621346eb48b3a4672042f676253f4f-material-015.res[39m[0m
[  63% ] [90m[1msavepack[22m | Storing File: res://.godot/exported/133200997/export-22aaf72821b5d2d9cdb6c0c70d6820de-material-016.res[39m[0m
[  63% ] [90m[1msavepack[22m | Storing File: res://.godot/exported/133200997/export-9e97ded6480f84e9cd3fe0d9e6001932-material-017.res[39m[0m
[  64% ] [90m[1msavepack[22m | Storing File: res://.godot/exported/133200997/export-a44c6c725aa12bfe4677872f357c5771-material-018.res[39m[0m
[  64% ] [90m[1msavepack[22m | Storing File: res://.godot/exported/133200997/export-e2bf73a4401d56881694016af3de5308-material-020.res[39m[0m
[  65% ] [90m[1msavepack[22m | Storing File: res://.godot/exported/133200997/export-8d035420363aefe291998edf40570d92-material-021.res[39m[0m
[  65% ] [90m[1msavepack[22m | Storing File: res://.godot/exported/133200997/export-b2be1e6d9bc0ca25f0908bef170c9d90-material-022.res[39m[0m
[  66% ] [90m[1msavepack[22m | Storing File: res://.godot/exported/133200997/export-a97332451d036a8b8829616d0b5eba9e-material-023.res[39m[0m
[  66% ] [90m[1msavepack[22m | Storing File: res://.godot/exported/133200997/export-858b8bd7917b3cf9d9028d24d588fc36-material-024.res[39m[0m
[  66% ] [90m[1msavepack[22m | Storing File: res://.godot/exported/133200997/export-920af4a2c509ecdaff4d43b24cc04c11-material-025.res[39m[0m
[  67% ] [90m[1msavepack[22m | Storing File: res://.godot/exported/133200997/export-be0dbd0d95f234362d58d1fdf6d9f9dd-material-026.res[39m[0m
[  67% ] [90m[1msavepack[22m | Storing File: res://.godot/exported/133200997/export-db87de0fcf3848e143ede5d024ba3094-material-027.res[39m[0m
[  68% ] [90m[1msavepack[22m | Storing File: res://.godot/exported/133200997/export-fbd01db14395119d95ba63d6d50fabea-mesh-006.res[39m[0m
[  68% ] [90m[1msavepack[22m | Storing File: res://.godot/exported/133200997/export-bf05862ae9a4084364acd9de7d9f2d36-mesh-011.res[39m[0m
[  69% ] [90m[1msavepack[22m | Storing File: res://.godot/exported/133200997/export-ddaf2275b96be97c819585d4527284f6-mesh-013.res[39m[0m
[  69% ] [90m[1msavepack[22m | Storing File: res://.godot/exported/133200997/export-223e1c7ad7a658ca15de620eca2a1cd7-mesh-019.res[39m[0m
[  70% ] [90m[1msavepack[22m | Storing File: res://.godot/exported/133200997/export-96573e2b01b3ff5e34695f71f0c52bd9-mesh-028.res[39m[0m
[  70% ] [90m[1msavepack[22m | Storing File: res://.godot/exported/133200997/export-78884cd802a0b57175b15c342787b14d-cell-0.scn[39m[0m
[  71% ] [90m[1msavepack[22m | Storing File: res://.godot/exported/133200997/export-0f29636861a75657d5f837e141507318-cell-1.scn[39m[0m
[  71% ] [90m[1msavepack[22m | Storing File: res://.godot/exported/133200997/export-90a706c867efedd79280b0c5ea16392b-cell-2.scn[39m[0m
[  72% ] [90m[1msavepack[22m | Storing File: res://.godot/exported/133200997/export-d43b01d94078da16128b646955889048-distant.scn[39m[0m
[  72% ] [90m[1msavepack[22m | Storing File: res://.godot/exported/133200997/export-e685186c2755b4ee2a0bce2825948244-horizon.scn[39m[0m
[  73% ] [90m[1msavepack[22m | Storing File: res://scenes/world/cells/vale/manifest.json[39m[0m
[  73% ] [90m[1msavepack[22m | Storing File: res://.godot/exported/133200997/export-94ec764c63e6bd6097d137a8d8a94f4d-drive_elevation.scn[39m[0m
[  74% ] [90m[1msavepack[22m | Storing File: res://.godot/exported/133200997/export-318b9acf8abf6c1b5b1e7b11bd319c14-drive_intercity.scn[39m[0m
[  74% ] [90m[1msavepack[22m | Storing File: res://.godot/exported/133200997/export-4c152cb41c3f45cf54767d3e03effb58-drive_streamed_corridor.scn[39m[0m
[  75% ] [90m[1msavepack[22m | Storing File: res://.godot/exported/133200997/export-ad166b45b980a9006d328868f35aff0c-test_track.scn[39m[0m
[  75% ] [90m[1msavepack[22m | Storing File: res://scripts/audio/audio_options.gdc[39m[0m
[  76% ] [90m[1msavepack[22m | Storing File: res://scripts/audio/driving_audio.gdc[39m[0m
[  76% ] [90m[1msavepack[22m | Storing File: res://scripts/audio/wave_settings.gdc[39m[0m
[  77% ] [90m[1msavepack[22m | Storing File: res://scripts/city/baked_multimesh.gdc[39m[0m
[  77% ] [90m[1msavepack[22m | Storing File: res://scripts/city/neighborhood_builder.gdc[39m[0m
[  78% ] [90m[1msavepack[22m | Storing File: res://scripts/city/neighborhood_tree_mesh.gdc[39m[0m
[  78% ] [90m[1msavepack[22m | Storing File: res://scripts/city/neighborhood_validation.gdc[39m[0m
[  79% ] [90m[1msavepack[22m | Storing File: res://scripts/city/offline_scene_builder.gdc[39m[0m
[  79% ] [90m[1msavepack[22m | Storing File: res://scripts/city/pilot_city_builder.gdc[39m[0m
[  80% ] [90m[1msavepack[22m | Storing File: res://scripts/city/pilot_city_layout.gdc[39m[0m
[  80% ] [90m[1msavepack[22m | Storing File: res://scripts/city/pilot_city_world.gdc[39m[0m
[  81% ] [90m[1msavepack[22m | Storing File: res://scripts/corridor/corridor_builder.gdc[39m[0m
[  81% ] [90m[1msavepack[22m | Storing File: res://scripts/corridor/corridor_world.gdc[39m[0m
[  82% ] [90m[1msavepack[22m | Storing File: res://scripts/race/circuit_layout.gdc[39m[0m
[  83% ] [90m[1msavepack[22m | Storing File: res://scripts/race/race_materials.gdc[39m[0m
[  83% ] [90m[1msavepack[22m | Storing File: res://scripts/race/race_timing.gdc[39m[0m
[  84% ] [90m[1msavepack[22m | Storing File: res://scripts/race/race_world.gdc[39m[0m
[  84% ] [90m[1msavepack[22m | Storing File: res://scripts/rally/gravel_dust.gdc[39m[0m
[  85% ] [90m[1msavepack[22m | Storing File: res://scripts/rally/rally_layout.gdc[39m[0m
[  85% ] [90m[1msavepack[22m | Storing File: res://scripts/rally/rally_world.gdc[39m[0m
[  86% ] [90m[1msavepack[22m | Storing File: res://scripts/rally/stage_timing.gdc[39m[0m
[  86% ] [90m[1msavepack[22m | Storing File: res://scripts/world/intercity_layout.gdc[39m[0m
[  87% ] [90m[1msavepack[22m | Storing File: res://scripts/chase_camera.gdc[39m[0m
[  87% ] [90m[1msavepack[22m | Storing File: res://scripts/world/world_hlod.gdc[39m[0m
[  88% ] [90m[1msavepack[22m | Storing File: res://scripts/input_setup.gdc[39m[0m
[  88% ] [90m[1msavepack[22m | Storing File: res://scripts/driving_world.gdc[39m[0m
[  89% ] [90m[1msavepack[22m | Storing File: res://scripts/world/corridor_hlod_builder.gdc[39m[0m
[  89% ] [90m[1msavepack[22m | Storing File: res://scripts/world/elevation_layout.gdc[39m[0m
[  90% ] [90m[1msavepack[22m | Storing File: res://scripts/world/elevation_streamer.gdc[39m[0m
[  90% ] [90m[1msavepack[22m | Storing File: res://scripts/world/lookout_trip.gdc[39m[0m
[  91% ] [90m[1msavepack[22m | Storing File: res://scripts/world/intercity_builder.gdc[39m[0m
[  91% ] [90m[1msavepack[22m | Storing File: res://scripts/world/world_streamer.gdc[39m[0m
[  92% ] [90m[1msavepack[22m | Storing File: res://scripts/world/elevation_world.gdc[39m[0m
[  92% ] [90m[1msavepack[22m | Storing File: res://scripts/prototype_hud.gdc[39m[0m
[  93% ] [90m[1msavepack[22m | Storing File: res://scripts/world/streamed_corridor_world.gdc[39m[0m
[  93% ] [90m[1msavepack[22m | Storing File: res://scripts/player_car.gdc[39m[0m
[  94% ] [90m[1msavepack[22m | Storing File: res://scripts/world/corridor_cells_builder.gdc[39m[0m
[  94% ] [90m[1msavepack[22m | Storing File: res://scripts/test_track.gdc[39m[0m
[  95% ] [90m[1msavepack[22m | Storing File: res://scripts/world/elevation_scenery.gdc[39m[0m
[  95% ] [90m[1msavepack[22m | Storing File: res://scripts/world/elevation_builder.gdc[39m[0m
[  96% ] [90m[1msavepack[22m | Storing File: res://scripts/tools/frame_statistics.gdc[39m[0m
[  96% ] [90m[1msavepack[22m | Storing File: res://scripts/tools/performance_capture.gdc[39m[0m
[  97% ] [90m[1msavepack[22m | Storing File: res://scripts/tools/startup_observer.gdc[39m[0m
[  97% ] [90m[1msavepack[22m | Storing File: res://scripts/ui/graphics_options.gdc[39m[0m
[  98% ] [90m[1msavepack[22m | Storing File: res://scripts/ui/main_menu.gdc[39m[0m
[  98% ] [90m[1msavepack[22m | Storing File: res://assets/models/hatch_1000/body.tres.remap[39m[0m
[  98% ] [90m[1msavepack[22m | Storing File: res://assets/models/hatch_1000/wheel.tres.remap[39m[0m
[  98% ] [90m[1msavepack[22m | Storing File: res://assets/models/mare_68/body.tres.remap[39m[0m
[  98% ] [90m[1msavepack[22m | Storing File: res://assets/models/mare_68/wheel.tres.remap[39m[0m
[  98% ] [90m[1msavepack[22m | Storing File: res://scripts/vehicle/tire_dynamics.gd.remap[39m[0m
[  98% ] [90m[1msavepack[22m | Storing File: res://scenes/cars/chase_camera.tscn.remap[39m[0m
[  98% ] [90m[1msavepack[22m | Storing File: res://scenes/cars/player_car.tscn.remap[39m[0m
[  98% ] [90m[1msavepack[22m | Storing File: res://scenes/city/pilot/pilot_city.tscn.remap[39m[0m
[  98% ] [90m[1msavepack[22m | Storing File: res://scenes/city/drive_neighborhood.tscn.remap[39m[0m
[  98% ] [90m[1msavepack[22m | Storing File: res://scenes/city/drive_pilot_city.tscn.remap[39m[0m
[  98% ] [90m[1msavepack[22m | Storing File: res://scenes/city/neighborhood_map.tscn.remap[39m[0m
[  98% ] [90m[1msavepack[22m | Storing File: res://scenes/corridor/corridor_map.tscn.remap[39m[0m
[  98% ] [90m[1msavepack[22m | Storing File: res://scenes/corridor/drive_corridor.tscn.remap[39m[0m
[  98% ] [90m[1msavepack[22m | Storing File: res://scenes/race/drive_race.tscn.remap[39m[0m
[  98% ] [90m[1msavepack[22m | Storing File: res://scenes/race/race_map.tscn.remap[39m[0m
[  98% ] [90m[1msavepack[22m | Storing File: res://scenes/rally/drive_rally.tscn.remap[39m[0m
[  98% ] [90m[1msavepack[22m | Storing File: res://scenes/rally/rally_map.tscn.remap[39m[0m
[  98% ] [90m[1msavepack[22m | Storing File: res://scenes/terrain/practice_area.tscn.remap[39m[0m
[  98% ] [90m[1msavepack[22m | Storing File: res://scenes/ui/main_menu.tscn.remap[39m[0m
[  98% ] [90m[1msavepack[22m | Storing File: res://scenes/ui/prototype_hud.tscn.remap[39m[0m
[  98% ] [90m[1msavepack[22m | Storing File: res://scenes/world/cells/elevation/cell-0.tscn.remap[39m[0m
[  98% ] [90m[1msavepack[22m | Storing File: res://scenes/world/cells/elevation/cell-1.tscn.remap[39m[0m
[  98% ] [90m[1msavepack[22m | Storing File: res://scenes/world/cells/elevation/cell-2.tscn.remap[39m[0m
[  98% ] [90m[1msavepack[22m | Storing File: res://scenes/world/cells/elevation/cell-3.tscn.remap[39m[0m
[  98% ] [90m[1msavepack[22m | Storing File: res://scenes/world/cells/elevation/horizon.tscn.remap[39m[0m
[  98% ] [90m[1msavepack[22m | Storing File: res://scenes/world/cells/sol-serra/shared/material-000.tres.remap[39m[0m
[  98% ] [90m[1msavepack[22m | Storing File: res://scenes/world/cells/sol-serra/shared/material-001.tres.remap[39m[0m
[  98% ] [90m[1msavepack[22m | Storing File: res://scenes/world/cells/sol-serra/shared/material-002.tres.remap[39m[0m
[  98% ] [90m[1msavepack[22m | Storing File: res://scenes/world/cells/sol-serra/shared/material-003.tres.remap[39m[0m
[  98% ] [90m[1msavepack[22m | Storing File: res://scenes/world/cells/sol-serra/shared/material-005.tres.remap[39m[0m
[  98% ] [90m[1msavepack[22m | Storing File: res://scenes/world/cells/sol-serra/shared/material-006.tres.remap[39m[0m
[  98% ] [90m[1msavepack[22m | Storing File: res://scenes/world/cells/sol-serra/shared/material-008.tres.remap[39m[0m
[  98% ] [90m[1msavepack[22m | Storing File: res://scenes/world/cells/sol-serra/shared/material-009.tres.remap[39m[0m
[  98% ] [90m[1msavepack[22m | Storing File: res://scenes/world/cells/sol-serra/shared/material-010.tres.remap[39m[0m
[  98% ] [90m[1msavepack[22m | Storing File: res://scenes/world/cells/sol-serra/shared/material-012.tres.remap[39m[0m
[  98% ] [90m[1msavepack[22m | Storing File: res://scenes/world/cells/sol-serra/shared/material-013.tres.remap[39m[0m
[  98% ] [90m[1msavepack[22m | Storing File: res://scenes/world/cells/sol-serra/shared/material-014.tres.remap[39m[0m
[  98% ] [90m[1msavepack[22m | Storing File: res://scenes/world/cells/sol-serra/shared/material-015.tres.remap[39m[0m
[  98% ] [90m[1msavepack[22m | Storing File: res://scenes/world/cells/sol-serra/shared/material-016.tres.remap[39m[0m
[  98% ] [90m[1msavepack[22m | Storing File: res://scenes/world/cells/sol-serra/shared/material-017.tres.remap[39m[0m
[  98% ] [90m[1msavepack[22m | Storing File: res://scenes/world/cells/sol-serra/shared/material-018.tres.remap[39m[0m
[  98% ] [90m[1msavepack[22m | Storing File: res://scenes/world/cells/sol-serra/shared/material-019.tres.remap[39m[0m
[  98% ] [90m[1msavepack[22m | Storing File: res://scenes/world/cells/sol-serra/shared/material-020.tres.remap[39m[0m
[  98% ] [90m[1msavepack[22m | Storing File: res://scenes/world/cells/sol-serra/shared/material-021.tres.remap[39m[0m
[  98% ] [90m[1msavepack[22m | Storing File: res://scenes/world/cells/sol-serra/shared/material-022.tres.remap[39m[0m
[  98% ] [90m[1msavepack[22m | Storing File: res://scenes/world/cells/sol-serra/shared/material-023.tres.remap[39m[0m
[  98% ] [90m[1msavepack[22m | Storing File: res://scenes/world/cells/sol-serra/shared/material-024.tres.remap[39m[0m
[  98% ] [90m[1msavepack[22m | Storing File: res://scenes/world/cells/sol-serra/shared/material-025.tres.remap[39m[0m
[  98% ] [90m[1msavepack[22m | Storing File: res://scenes/world/cells/sol-serra/shared/material-026.tres.remap[39m[0m
[  98% ] [90m[1msavepack[22m | Storing File: res://scenes/world/cells/sol-serra/shared/material-027.tres.remap[39m[0m
[  98% ] [90m[1msavepack[22m | Storing File: res://scenes/world/cells/sol-serra/shared/mesh-004.tres.remap[39m[0m
[  98% ] [90m[1msavepack[22m | Storing File: res://scenes/world/cells/sol-serra/shared/mesh-007.tres.remap[39m[0m
[  98% ] [90m[1msavepack[22m | Storing File: res://scenes/world/cells/sol-serra/shared/mesh-011.tres.remap[39m[0m
[  98% ] [90m[1msavepack[22m | Storing File: res://scenes/world/cells/sol-serra/shared/mesh-013.tres.remap[39m[0m
[  98% ] [90m[1msavepack[22m | Storing File: res://scenes/world/cells/sol-serra/shared/mesh-016.tres.remap[39m[0m
[  98% ] [90m[1msavepack[22m | Storing File: res://scenes/world/cells/sol-serra/shared/mesh-017.tres.remap[39m[0m
[  98% ] [90m[1msavepack[22m | Storing File: res://scenes/world/cells/sol-serra/shared/mesh-018.tres.remap[39m[0m
[  98% ] [90m[1msavepack[22m | Storing File: res://scenes/world/cells/sol-serra/shared/mesh-019.tres.remap[39m[0m
[  98% ] [90m[1msavepack[22m | Storing File: res://scenes/world/cells/sol-serra/shared/mesh-020.tres.remap[39m[0m
[  98% ] [90m[1msavepack[22m | Storing File: res://scenes/world/cells/sol-serra/cell-1.tscn.remap[39m[0m
[  98% ] [90m[1msavepack[22m | Storing File: res://scenes/world/cells/sol-serra/cell-2.tscn.remap[39m[0m
[  98% ] [90m[1msavepack[22m | Storing File: res://scenes/world/cells/sol-serra/cell-3.tscn.remap[39m[0m
[  98% ] [90m[1msavepack[22m | Storing File: res://scenes/world/cells/sol-serra/distant.tscn.remap[39m[0m
[  98% ] [90m[1msavepack[22m | Storing File: res://scenes/world/cells/sol-serra/horizon.tscn.remap[39m[0m
[  98% ] [90m[1msavepack[22m | Storing File: res://scenes/world/cells/vale/shared/material-000.tres.remap[39m[0m
[  98% ] [90m[1msavepack[22m | Storing File: res://scenes/world/cells/vale/shared/material-001.tres.remap[39m[0m
[  98% ] [90m[1msavepack[22m | Storing File: res://scenes/world/cells/vale/shared/material-002.tres.remap[39m[0m
[  98% ] [90m[1msavepack[22m | Storing File: res://scenes/world/cells/vale/shared/material-003.tres.remap[39m[0m
[  98% ] [90m[1msavepack[22m | Storing File: res://scenes/world/cells/vale/shared/material-004.tres.remap[39m[0m
[  98% ] [90m[1msavepack[22m | Storing File: res://scenes/world/cells/vale/shared/material-005.tres.remap[39m[0m
[  98% ] [90m[1msavepack[22m | Storing File: res://scenes/world/cells/vale/shared/material-007.tres.remap[39m[0m
[  98% ] [90m[1msavepack[22m | Storing File: res://scenes/world/cells/vale/shared/material-008.tres.remap[39m[0m
[  98% ] [90m[1msavepack[22m | Storing File: res://scenes/world/cells/vale/shared/material-009.tres.remap[39m[0m
[  98% ] [90m[1msavepack[22m | Storing File: res://scenes/world/cells/vale/shared/material-010.tres.remap[39m[0m
[  98% ] [90m[1msavepack[22m | Storing File: res://scenes/world/cells/vale/shared/material-012.tres.remap[39m[0m
[  98% ] [90m[1msavepack[22m | Storing File: res://scenes/world/cells/vale/shared/material-014.tres.remap[39m[0m
[  98% ] [90m[1msavepack[22m | Storing File: res://scenes/world/cells/vale/shared/material-015.tres.remap[39m[0m
[  98% ] [90m[1msavepack[22m | Storing File: res://scenes/world/cells/vale/shared/material-016.tres.remap[39m[0m
[  98% ] [90m[1msavepack[22m | Storing File: res://scenes/world/cells/vale/shared/material-017.tres.remap[39m[0m
[  98% ] [90m[1msavepack[22m | Storing File: res://scenes/world/cells/vale/shared/material-018.tres.remap[39m[0m
[  98% ] [90m[1msavepack[22m | Storing File: res://scenes/world/cells/vale/shared/material-020.tres.remap[39m[0m
[  98% ] [90m[1msavepack[22m | Storing File: res://scenes/world/cells/vale/shared/material-021.tres.remap[39m[0m
[  98% ] [90m[1msavepack[22m | Storing File: res://scenes/world/cells/vale/shared/material-022.tres.remap[39m[0m
[  98% ] [90m[1msavepack[22m | Storing File: res://scenes/world/cells/vale/shared/material-023.tres.remap[39m[0m
[  98% ] [90m[1msavepack[22m | Storing File: res://scenes/world/cells/vale/shared/material-024.tres.remap[39m[0m
[  98% ] [90m[1msavepack[22m | Storing File: res://scenes/world/cells/vale/shared/material-025.tres.remap[39m[0m
[  98% ] [90m[1msavepack[22m | Storing File: res://scenes/world/cells/vale/shared/material-026.tres.remap[39m[0m
[  98% ] [90m[1msavepack[22m | Storing File: res://scenes/world/cells/vale/shared/material-027.tres.remap[39m[0m
[  98% ] [90m[1msavepack[22m | Storing File: res://scenes/world/cells/vale/shared/mesh-006.tres.remap[39m[0m
[  98% ] [90m[1msavepack[22m | Storing File: res://scenes/world/cells/vale/shared/mesh-011.tres.remap[39m[0m
[  98% ] [90m[1msavepack[22m | Storing File: res://scenes/world/cells/vale/shared/mesh-013.tres.remap[39m[0m
[  98% ] [90m[1msavepack[22m | Storing File: res://scenes/world/cells/vale/shared/mesh-019.tres.remap[39m[0m
[  98% ] [90m[1msavepack[22m | Storing File: res://scenes/world/cells/vale/shared/mesh-028.tres.remap[39m[0m
[  98% ] [90m[1msavepack[22m | Storing File: res://scenes/world/cells/vale/cell-0.tscn.remap[39m[0m
[  98% ] [90m[1msavepack[22m | Storing File: res://scenes/world/cells/vale/cell-1.tscn.remap[39m[0m
[  98% ] [90m[1msavepack[22m | Storing File: res://scenes/world/cells/vale/cell-2.tscn.remap[39m[0m
[  98% ] [90m[1msavepack[22m | Storing File: res://scenes/world/cells/vale/distant.tscn.remap[39m[0m
[  98% ] [90m[1msavepack[22m | Storing File: res://scenes/world/cells/vale/horizon.tscn.remap[39m[0m
[  98% ] [90m[1msavepack[22m | Storing File: res://scenes/world/drive_elevation.tscn.remap[39m[0m
[  98% ] [90m[1msavepack[22m | Storing File: res://scenes/world/drive_intercity.tscn.remap[39m[0m
[  98% ] [90m[1msavepack[22m | Storing File: res://scenes/world/drive_streamed_corridor.tscn.remap[39m[0m
[  98% ] [90m[1msavepack[22m | Storing File: res://scenes/test_track.tscn.remap[39m[0m
[  98% ] [90m[1msavepack[22m | Storing File: res://scripts/audio/audio_options.gd.remap[39m[0m
[  98% ] [90m[1msavepack[22m | Storing File: res://scripts/audio/driving_audio.gd.remap[39m[0m
[  98% ] [90m[1msavepack[22m | Storing File: res://scripts/audio/wave_settings.gd.remap[39m[0m
[  98% ] [90m[1msavepack[22m | Storing File: res://scripts/city/baked_multimesh.gd.remap[39m[0m
[  98% ] [90m[1msavepack[22m | Storing File: res://scripts/city/neighborhood_builder.gd.remap[39m[0m
[  98% ] [90m[1msavepack[22m | Storing File: res://scripts/city/neighborhood_tree_mesh.gd.remap[39m[0m
[  98% ] [90m[1msavepack[22m | Storing File: res://scripts/city/neighborhood_validation.gd.remap[39m[0m
[  98% ] [90m[1msavepack[22m | Storing File: res://scripts/city/offline_scene_builder.gd.remap[39m[0m
[  98% ] [90m[1msavepack[22m | Storing File: res://scripts/city/pilot_city_builder.gd.remap[39m[0m
[  98% ] [90m[1msavepack[22m | Storing File: res://scripts/city/pilot_city_layout.gd.remap[39m[0m
[  98% ] [90m[1msavepack[22m | Storing File: res://scripts/city/pilot_city_world.gd.remap[39m[0m
[  98% ] [90m[1msavepack[22m | Storing File: res://scripts/corridor/corridor_builder.gd.remap[39m[0m
[  98% ] [90m[1msavepack[22m | Storing File: res://scripts/corridor/corridor_world.gd.remap[39m[0m
[  98% ] [90m[1msavepack[22m | Storing File: res://scripts/race/circuit_layout.gd.remap[39m[0m
[  98% ] [90m[1msavepack[22m | Storing File: res://scripts/race/race_materials.gd.remap[39m[0m
[  98% ] [90m[1msavepack[22m | Storing File: res://scripts/race/race_timing.gd.remap[39m[0m
[  98% ] [90m[1msavepack[22m | Storing File: res://scripts/race/race_world.gd.remap[39m[0m
[  98% ] [90m[1msavepack[22m | Storing File: res://scripts/rally/gravel_dust.gd.remap[39m[0m
[  98% ] [90m[1msavepack[22m | Storing File: res://scripts/rally/rally_layout.gd.remap[39m[0m
[  98% ] [90m[1msavepack[22m | Storing File: res://scripts/rally/rally_world.gd.remap[39m[0m
[  98% ] [90m[1msavepack[22m | Storing File: res://scripts/rally/stage_timing.gd.remap[39m[0m
[  98% ] [90m[1msavepack[22m | Storing File: res://scripts/world/intercity_layout.gd.remap[39m[0m
[  98% ] [90m[1msavepack[22m | Storing File: res://scripts/chase_camera.gd.remap[39m[0m
[  98% ] [90m[1msavepack[22m | Storing File: res://scripts/world/world_hlod.gd.remap[39m[0m
[  98% ] [90m[1msavepack[22m | Storing File: res://scripts/input_setup.gd.remap[39m[0m
[  98% ] [90m[1msavepack[22m | Storing File: res://scripts/driving_world.gd.remap[39m[0m
[  98% ] [90m[1msavepack[22m | Storing File: res://scripts/world/corridor_hlod_builder.gd.remap[39m[0m
[  98% ] [90m[1msavepack[22m | Storing File: res://scripts/world/elevation_layout.gd.remap[39m[0m
[  98% ] [90m[1msavepack[22m | Storing File: res://scripts/world/elevation_streamer.gd.remap[39m[0m
[  98% ] [90m[1msavepack[22m | Storing File: res://scripts/world/lookout_trip.gd.remap[39m[0m
[  98% ] [90m[1msavepack[22m | Storing File: res://scripts/world/intercity_builder.gd.remap[39m[0m
[  98% ] [90m[1msavepack[22m | Storing File: res://scripts/world/world_streamer.gd.remap[39m[0m
[  98% ] [90m[1msavepack[22m | Storing File: res://scripts/world/elevation_world.gd.remap[39m[0m
[  98% ] [90m[1msavepack[22m | Storing File: res://scripts/prototype_hud.gd.remap[39m[0m
[  98% ] [90m[1msavepack[22m | Storing File: res://scripts/world/streamed_corridor_world.gd.remap[39m[0m
[  98% ] [90m[1msavepack[22m | Storing File: res://scripts/player_car.gd.remap[39m[0m
[  98% ] [90m[1msavepack[22m | Storing File: res://scripts/world/corridor_cells_builder.gd.remap[39m[0m
[  98% ] [90m[1msavepack[22m | Storing File: res://scripts/test_track.gd.remap[39m[0m
[  98% ] [90m[1msavepack[22m | Storing File: res://scripts/world/elevation_scenery.gd.remap[39m[0m
[  98% ] [90m[1msavepack[22m | Storing File: res://scripts/world/elevation_builder.gd.remap[39m[0m
[  98% ] [90m[1msavepack[22m | Storing File: res://scripts/tools/frame_statistics.gd.remap[39m[0m
[  98% ] [90m[1msavepack[22m | Storing File: res://scripts/tools/performance_capture.gd.remap[39m[0m
[  98% ] [90m[1msavepack[22m | Storing File: res://scripts/tools/startup_observer.gd.remap[39m[0m
[  98% ] [90m[1msavepack[22m | Storing File: res://scripts/ui/graphics_options.gd.remap[39m[0m
[  98% ] [90m[1msavepack[22m | Storing File: res://scripts/ui/main_menu.gd.remap[39m[0m
[  98% ] [90m[1msavepack[22m | Storing File: res://.godot/global_script_class_cache.cfg[39m[0m
[  98% ] [90m[1msavepack[22m | Storing File: res://.godot/uid_cache.bin[39m[0m
[  98% ] [90m[1msavepack[22m | Storing File: res://project.binary[39m[0m
[92m[ DONE ][39m [1msavepack[22m
[0m
Builds exported to /home/otavio/Projects/Wave/builds (ship each entire platform folder).
