......
----------------------------------------------------------------------
Ran 6 tests in 0.313s

OK
....
----------------------------------------------------------------------
Ran 4 tests in 0.006s

OK
Godot Engine v4.7.2.stable.official.ed1daf0bf - https://godotengine.org

[   0% ] [90m[1mfirst_scan_filesystem[22m | Started Project initialization (5 steps)[39m[0m
[   0% ] [90m[1mfirst_scan_filesystem[22m | Scanning file structure...[39m[0m
[  16% ] [90m[1mfirst_scan_filesystem[22m | Loading global class names...[39m[0m
[  33% ] [90m[1mfirst_scan_filesystem[22m | Verifying GDExtensions...[39m[0m
[  50% ] [90m[1mfirst_scan_filesystem[22m | Creating autoload scripts...[39m[0m
[  66% ] [90m[1mfirst_scan_filesystem[22m | Initializing plugins...[39m[0m
[  83% ] [90m[1mfirst_scan_filesystem[22m | Starting file scan...[39m[0m
[92m[ DONE ][39m [1mfirst_scan_filesystem[22m
[0m
[   0% ] [90m[1mupdate_scripts_classes[22m | Started Registering global classes... (3 steps)[39m[0m
[   0% ] [90m[1mupdate_scripts_classes[22m | [39m[0m
[  25% ] [90m[1mupdate_scripts_classes[22m | PlayerCar[39m[0m
[  50% ] [90m[1mupdate_scripts_classes[22m | [39m[0m
[92m[ DONE ][39m [1mupdate_scripts_classes[22m
[0m
[   0% ] [90m[1mloading_editor_layout[22m | Started Loading editor (5 steps)[39m[0m
[   0% ] [90m[1mloading_editor_layout[22m | Loading editor layout...[39m[0m
[  16% ] [90m[1mloading_editor_layout[22m | Loading docks...[39m[0m
[  33% ] [90m[1mloading_editor_layout[22m | Reopening scenes...[39m[0m
[  50% ] [90m[1mloading_editor_layout[22m | Loading central editor layout...[39m[0m
[  66% ] [90m[1mloading_editor_layout[22m | Loading plugin window layout...[39m[0m
[  83% ] [90m[1mloading_editor_layout[22m | Editor layout ready.[39m[0m
[92m[ DONE ][39m [1mloading_editor_layout[22m
[0m
Godot Engine v4.7.2.stable.official.ed1daf0bf - https://godotengine.org

PASS: input setup is idempotent
PASS: analog throttle accepts a second controller
PASS: acceleration reaches the speed limit
PASS: straight driving remains straight
PASS: field of view expands slightly with speed
PASS: releasing the pedal coasts gradually
PASS: partial throttle applies torque above the old half-speed target
PASS: full throttle accelerates faster than partial throttle
PASS: partial reverse pedal adds torque above half reverse speed
PASS: brake stops the car before selecting reverse
PASS: holding brake engages limited reverse
PASS: right input turns right while driving forward
PASS: keyboard steering ramps up smoothly
PASS: steering angle decreases at high speed
PASS: steering reverses naturally when backing up
PASS: handbrake allows lateral sliding in a turn
PASS: tires recover grip after releasing handbrake
PASS: car does not pass through the test obstacle
PASS: collision removes forward speed
PASS: car climbs the practice ramp
PASS: car lands stably after leaving the ramp
PASS: camera arm retracts against a wall
PASS: camera stays in front of the wall
PASS: rear view switches to the front of the car
PASS: reset clears vehicle momentum
PASS: reset snaps the camera to the car
PASS: falling below the track resets the car
PASS: Escape opens the pause menu
PASS: pause freezes vehicle physics
PASS: Escape resumes driving
PASS: pause menu reset returns to driving
PASS: practice hill supports ascent, crest and continuous descent
PASS: practice bank is accessible from its low edge and aligns the car
Driving smoke test: 33 checks, 0 failures
Godot Engine v4.7.2.stable.official.ed1daf0bf - https://godotengine.org

PASS: four-wheel car ascends a continuous ramp
PASS: body and collider follow ramp pitch within two degrees
PASS: ascending car retains road contact
PASS: reverse descends the ramp along its plane
PASS: reverse preserves terrain alignment
PASS: cross slope tilts both the car and collider
PASS: suspension remains within travel limits
PASS: car crosses and descends a 12 cm curb
PASS: curb traversal raises the car without launching it
PASS: step traversal cannot climb a tall barrier
PASS: airborne car preserves horizontal launch momentum
PASS: airborne steering cannot rotate the car and gravity acts
PASS: reset clears terrain orientation and momentum
PASS: gravity reduces coasting speed uphill
PASS: gravity increases coasting speed downhill
PASS: speedometer reports speed along the slope
PASS: handbrake holds a stationary car on a hill
PASS: unbraked car rolls backward on a sufficiently steep hill
PASS: car crosses a curb in reverse
PASS: car crosses a curb diagonally with staggered wheel contact
PASS: diagonal curb crossing does not create an excessive roll
Terrain smoke test: 21 checks, 0 failures
Godot Engine v4.7.2.stable.official.ed1daf0bf - https://godotengine.org

PASS: 12 cm sidewalk at heading 0, simulation=false crosses every seam and exits at 1.2 m/s; end=(0.0, 0.350111, -19.01747)
PASS: sidewalk traversal does not launch the body
PASS: 12 cm sidewalk at heading -30, simulation=false crosses every seam and exits at 1.2 m/s; end=(12.02604, 0.350111, -19.00019)
PASS: sidewalk traversal does not launch the body
PASS: 12 cm sidewalk at heading 180, simulation=false crosses every seam and exits at 1.2 m/s; end=(0.0, 0.350114, -1.992375)
PASS: sidewalk traversal does not launch the body
PASS: 20 cm sidewalk at heading 0, simulation=false crosses every seam and exits at 1.2 m/s; end=(0.0, 0.350115, -19.01071)
PASS: sidewalk traversal does not launch the body
PASS: 20 cm sidewalk at heading -30, simulation=false crosses every seam and exits at 1.2 m/s; end=(12.69618, 0.350111, -19.00067)
PASS: sidewalk traversal does not launch the body
PASS: 20 cm sidewalk at heading 180, simulation=false crosses every seam and exits at 1.2 m/s; end=(0.0, 0.350127, -1.985005)
PASS: sidewalk traversal does not launch the body
PASS: 28 cm sidewalk at heading 0, simulation=false crosses every seam and exits at 1.2 m/s; end=(0.0, 0.350116, -19.00897)
PASS: sidewalk traversal does not launch the body
PASS: 28 cm sidewalk at heading -30, simulation=false crosses every seam and exits at 1.2 m/s; end=(14.435, 0.350444, -19.00198)
PASS: sidewalk traversal does not launch the body
PASS: 28 cm sidewalk at heading 180, simulation=false crosses every seam and exits at 1.2 m/s; end=(0.0, 0.350211, -1.986231)
PASS: sidewalk traversal does not launch the body
PASS: 30 cm sidewalk at heading 0, simulation=false crosses every seam and exits at 1.2 m/s; end=(0.0, 0.350116, -19.04568)
PASS: sidewalk traversal does not launch the body
PASS: 30 cm sidewalk at heading -30, simulation=false crosses every seam and exits at 1.2 m/s; end=(15.56648, 0.350111, -19.00874)
PASS: sidewalk traversal does not launch the body
PASS: 30 cm sidewalk at heading 180, simulation=false crosses every seam and exits at 1.2 m/s; end=(0.0, 0.350196, -1.987062)
PASS: sidewalk traversal does not launch the body
PASS: 28 cm sidewalk at heading 0, simulation=true crosses every seam and exits at 1.2 m/s; end=(0.0, 0.35094, -19.02205)
PASS: sidewalk traversal does not launch the body
PASS: 28 cm sidewalk at heading 0, simulation=false crosses every seam and exits at 18.0 m/s; end=(0.0, 0.360659, -19.00371)
PASS: sidewalk traversal does not launch the body
PASS: sidewalk crossing preserves speed; minimum=17.73 m/s
PASS: 28 cm sidewalk at heading -30, simulation=false crosses every seam and exits at 18.0 m/s; end=(11.81413, 0.350529, -19.09307)
PASS: sidewalk traversal does not launch the body
PASS: sidewalk crossing preserves speed; minimum=17.83 m/s
PASS: coarse continuous hill climbs and descends without catching; end=(-0.002803, 0.350117, -600.0822) stalled=0
Ground navigation: 33 checks, 0 failures
Godot Engine v4.7.2.stable.official.ed1daf0bf - https://godotengine.org

PASS: actual avenue sidewalk from x=3.5 to x=7.9 traverses its 28 cm lip without stopping or a guard hold; end=(7.909113, 0.480111, -62.0)
PASS: sidewalk crossing remains grounded and aligned
PASS: actual avenue sidewalk from x=7.9 to x=3.5 traverses its 28 cm lip without stopping or a guard hold; end=(3.499114, 0.350841, -62.0)
PASS: sidewalk crossing remains grounded and aligned
PASS: actual avenue sidewalk from x=-3.5 to x=-7.9 traverses its 28 cm lip without stopping or a guard hold; end=(-7.909159, 0.480112, -62.0)
PASS: sidewalk crossing remains grounded and aligned
PASS: actual avenue sidewalk from x=-7.9 to x=-3.5 traverses its 28 cm lip without stopping or a guard hold; end=(-3.477868, 0.350581, -62.0)
PASS: sidewalk crossing remains grounded and aligned
Curb access: 8 checks, 0 failures
Godot Engine v4.7.2.stable.official.ed1daf0bf - https://godotengine.org

PASS: test_track.tscn crosses ground transition (-33.0, 0.36, 30.0) -> (-33.0, 0.36, -18.0); end=(-33.0, 0.350114, -18.01227)
PASS: crossing keeps physical ground contact without streaming holds
PASS: test_track.tscn crosses ground transition (-33.0, 0.36, -18.0) -> (-33.0, 0.36, 30.0); end=(-33.0, 0.350114, 30.01709)
PASS: crossing keeps physical ground contact without streaming holds
PASS: drive_neighborhood.tscn crosses ground transition (5.0, 0.36, -34.0) -> (10.0, 0.36, -34.0); end=(10.00707, 0.512712, -34.0)
PASS: crossing keeps physical ground contact without streaming holds
PASS: drive_neighborhood.tscn crosses ground transition (10.0, 0.36, -34.0) -> (5.0, 0.36, -34.0); end=(4.966831, 0.350937, -34.0)
PASS: crossing keeps physical ground contact without streaming holds
PASS: drive_neighborhood.tscn crosses ground transition (-5.0, 0.36, -34.0) -> (-10.0, 0.36, -34.0); end=(-10.00702, 0.512715, -34.0)
PASS: crossing keeps physical ground contact without streaming holds
PASS: drive_neighborhood.tscn crosses ground transition (-10.0, 0.36, -34.0) -> (-5.0, 0.36, -34.0); end=(-4.967144, 0.349272, -34.0)
PASS: crossing keeps physical ground contact without streaming holds
PASS: drive_corridor.tscn crosses ground transition (3.5, 0.36, -62.0) -> (7.9, 0.36, -62.0); end=(7.924131, 0.480441, -62.0)
PASS: crossing keeps physical ground contact without streaming holds
PASS: drive_corridor.tscn crosses ground transition (7.9, 0.36, -62.0) -> (3.5, 0.36, -62.0); end=(3.493844, 0.350925, -62.0)
PASS: crossing keeps physical ground contact without streaming holds
PASS: drive_corridor.tscn crosses ground transition (-3.5, 0.36, -62.0) -> (-7.9, 0.36, -62.0); end=(-7.924172, 0.479347, -62.0)
PASS: crossing keeps physical ground contact without streaming holds
PASS: drive_corridor.tscn crosses ground transition (-7.9, 0.36, -62.0) -> (-3.5, 0.36, -62.0); end=(-3.493439, 0.349272, -62.0)
PASS: crossing keeps physical ground contact without streaming holds
PASS: drive_streamed_corridor.tscn crosses ground transition (3.5, 0.36, -62.0) -> (7.9, 0.36, -62.0); end=(7.924278, 0.481065, -62.0)
PASS: crossing keeps physical ground contact without streaming holds
PASS: drive_streamed_corridor.tscn crosses ground transition (7.9, 0.36, -62.0) -> (3.5, 0.36, -62.0); end=(3.493748, 0.350676, -62.0)
PASS: crossing keeps physical ground contact without streaming holds
PASS: drive_streamed_corridor.tscn crosses ground transition (-3.5, 0.36, -62.0) -> (-7.9, 0.36, -62.0); end=(-7.924172, 0.479347, -62.0)
PASS: crossing keeps physical ground contact without streaming holds
PASS: drive_streamed_corridor.tscn crosses ground transition (-7.9, 0.36, -62.0) -> (-3.5, 0.36, -62.0); end=(-3.493434, 0.350631, -62.0)
PASS: crossing keeps physical ground contact without streaming holds
PASS: drive_intercity.tscn crosses ground transition (3.5, 0.36, -62.0) -> (7.9, 0.36, -62.0); end=(7.924278, 0.481065, -62.0)
PASS: crossing keeps physical ground contact without streaming holds
PASS: drive_intercity.tscn crosses ground transition (7.9, 0.36, -62.0) -> (3.5, 0.36, -62.0); end=(3.493748, 0.350676, -62.0)
PASS: crossing keeps physical ground contact without streaming holds
PASS: drive_intercity.tscn crosses ground transition (-3.5, 0.36, -62.0) -> (-7.9, 0.36, -62.0); end=(-7.92418, 0.480546, -62.0)
PASS: crossing keeps physical ground contact without streaming holds
PASS: drive_intercity.tscn crosses ground transition (-7.9, 0.36, -62.0) -> (-3.5, 0.36, -62.0); end=(-3.493799, 0.350623, -62.0)
PASS: crossing keeps physical ground contact without streaming holds
PASS: drive_intercity.tscn crosses ground transition (3.5, 0.36, -1130.0) -> (7.9, 0.36, -1130.0); end=(7.934783, 0.460225, -1130.0)
PASS: crossing keeps physical ground contact without streaming holds
PASS: drive_intercity.tscn crosses ground transition (7.9, 0.36, -1130.0) -> (3.5, 0.36, -1130.0); end=(3.494994, 0.350134, -1130.0)
PASS: crossing keeps physical ground contact without streaming holds
PASS: drive_intercity.tscn crosses ground transition (-3.5, 0.36, -1130.0) -> (-7.9, 0.36, -1130.0); end=(-7.934904, 0.460262, -1130.0)
PASS: crossing keeps physical ground contact without streaming holds
PASS: drive_intercity.tscn crosses ground transition (-7.9, 0.36, -1130.0) -> (-3.5, 0.36, -1130.0); end=(-3.495309, 0.350134, -1130.0)
PASS: crossing keeps physical ground contact without streaming holds
PASS: drive_intercity.tscn crosses ground transition (13.19909, 0.36, -480.0) -> (6.699088, 0.36, -480.0); end=(6.675152, 0.350113, -480.0)
PASS: crossing keeps physical ground contact without streaming holds
PASS: drive_intercity.tscn crosses ground transition (6.699088, 0.36, -480.0) -> (13.19909, 0.36, -480.0); end=(13.22301, 0.350113, -480.0)
PASS: crossing keeps physical ground contact without streaming holds
PASS: drive_intercity.tscn crosses ground transition (20.19909, 0.36, -480.0) -> (26.69909, 0.36, -480.0); end=(26.72302, 0.350842, -480.0)
PASS: crossing keeps physical ground contact without streaming holds
PASS: drive_intercity.tscn crosses ground transition (26.69909, 0.36, -480.0) -> (20.19909, 0.36, -480.0); end=(20.17515, 0.350113, -480.0)
PASS: crossing keeps physical ground contact without streaming holds
PASS: drive_intercity.tscn crosses ground transition (-10.91424, 0.36, -850.0) -> (-17.41424, 0.36, -850.0); end=(-17.43817, 0.350178, -850.0)
PASS: crossing keeps physical ground contact without streaming holds
PASS: drive_intercity.tscn crosses ground transition (-17.41424, 0.36, -850.0) -> (-10.91424, 0.36, -850.0); end=(-10.8903, 0.350113, -850.0)
PASS: crossing keeps physical ground contact without streaming holds
PASS: drive_intercity.tscn crosses ground transition (-3.91424, 0.36, -850.0) -> (2.58576, 0.36, -850.0); end=(2.609673, 0.350111, -850.0)
PASS: crossing keeps physical ground contact without streaming holds
PASS: drive_intercity.tscn crosses ground transition (2.58576, 0.36, -850.0) -> (-3.91424, 0.36, -850.0); end=(-3.938165, 0.350211, -850.0)
PASS: crossing keeps physical ground contact without streaming holds
PASS: drive_race.tscn crosses ground transition (40.03663, 0.36, 386.2051) -> (40.12057, 0.36, 377.2055); end=(40.12074, 0.350865, 377.1774)
PASS: crossing keeps physical ground contact without streaming holds
PASS: drive_race.tscn crosses ground transition (40.12057, 0.36, 377.2055) -> (40.03663, 0.36, 386.2051); end=(40.03648, 0.349274, 386.233)
PASS: crossing keeps physical ground contact without streaming holds
PASS: drive_race.tscn crosses ground transition (39.96202, 0.36, 394.2047) -> (39.87809, 0.36, 403.2043); end=(39.87792, 0.349274, 403.2322)
PASS: crossing keeps physical ground contact without streaming holds
PASS: drive_race.tscn crosses ground transition (39.87809, 0.36, 403.2043) -> (39.96202, 0.36, 394.2047); end=(39.96215, 0.34915, 394.1766)
PASS: crossing keeps physical ground contact without streaming holds
PASS: drive_race.tscn crosses ground transition (482.275, 0.36, -118.0719) -> (474.043, 0.36, -114.434); end=(474.0174, 0.350905, -114.4229)
PASS: crossing keeps physical ground contact without streaming holds
PASS: drive_race.tscn crosses ground transition (474.043, 0.36, -114.434) -> (482.275, 0.36, -118.0719); end=(482.3004, 0.350922, -118.0833)
PASS: crossing keeps physical ground contact without streaming holds
PASS: drive_race.tscn crosses ground transition (489.5923, 0.36, -121.3056) -> (497.8243, 0.36, -124.9436); end=(497.8495, 0.349268, -124.9548)
PASS: crossing keeps physical ground contact without streaming holds
PASS: drive_race.tscn crosses ground transition (497.8243, 0.36, -124.9436) -> (489.5923, 0.36, -121.3056); end=(489.5669, 0.35094, -121.2944)
PASS: crossing keeps physical ground contact without streaming holds
PASS: drive_race.tscn crosses ground transition (-188.5462, 0.36, -360.711) -> (-189.9236, 0.36, -351.817); end=(-189.9277, 0.350942, -351.7895)
PASS: crossing keeps physical ground contact without streaming holds
PASS: drive_race.tscn crosses ground transition (-189.9236, 0.36, -351.817) -> (-188.5462, 0.36, -360.711); end=(-188.5419, 0.35094, -360.7386)
PASS: crossing keeps physical ground contact without streaming holds
PASS: drive_race.tscn crosses ground transition (-187.322, 0.36, -368.6168) -> (-185.9446, 0.36, -377.5107); end=(-185.9403, 0.350941, -377.5387)
PASS: crossing keeps physical ground contact without streaming holds
PASS: drive_race.tscn crosses ground transition (-185.9446, 0.36, -377.5107) -> (-187.322, 0.36, -368.6168); end=(-187.3262, 0.35071, -368.5893)
PASS: crossing keeps physical ground contact without streaming holds
PASS: drive_elevation.tscn crosses ground transition (8.27506, 13.44591, -230.0) -> (1.77506, 13.44591, -230.0); end=(1.767108, 13.43109, -229.9387)
PASS: crossing keeps physical ground contact without streaming holds
PASS: drive_elevation.tscn crosses ground transition (1.77506, 13.44591, -230.0) -> (8.27506, 13.44591, -230.0); end=(8.283014, 13.43158, -229.9415)
PASS: crossing keeps physical ground contact without streaming holds
PASS: drive_elevation.tscn crosses ground transition (15.27506, 13.44591, -230.0) -> (21.77506, 13.44591, -230.0); end=(21.78302, 13.43149, -229.9411)
PASS: crossing keeps physical ground contact without streaming holds
PASS: drive_elevation.tscn crosses ground transition (21.77506, 13.44591, -230.0) -> (15.27506, 13.44591, -230.0); end=(15.26712, 13.43145, -229.941)
PASS: crossing keeps physical ground contact without streaming holds
PASS: drive_elevation.tscn crosses ground transition (-7.050436, 5.915849, -425.0) -> (-13.55044, 5.915849, -425.0); end=(-13.56747, 5.901515, -425.0599)
PASS: crossing keeps physical ground contact without streaming holds
PASS: drive_elevation.tscn crosses ground transition (-13.55044, 5.915849, -425.0) -> (-7.050436, 5.915849, -425.0); end=(-7.033421, 5.90151, -425.0604)
PASS: crossing keeps physical ground contact without streaming holds
PASS: drive_elevation.tscn crosses ground transition (-0.050437, 5.915849, -425.0) -> (6.449564, 5.915849, -425.0); end=(6.466606, 5.901599, -425.0594)
PASS: crossing keeps physical ground contact without streaming holds
PASS: drive_elevation.tscn crosses ground transition (6.449564, 5.915849, -425.0) -> (-0.050437, 5.915849, -425.0); end=(-0.06746, 5.901663, -425.0588)
PASS: crossing keeps physical ground contact without streaming holds
Map ground access: 100 checks, 0 failures
Godot Engine v4.7.2.stable.official.ed1daf0bf - https://godotengine.org

PASS (arcade): 24 cm curb is traversable at walking speed
PASS (arcade): tall barriers still stop the vehicle
PASS (arcade): curb descent in reverse preserves support
PASS (arcade): 24 cm curb also works diagonally
PASS (arcade): parking brake holds a 17 degree hill
PASS (arcade): motor launches uphill despite a small rollback
PASS (arcade): half brake decelerates progressively without instant stopping
PASS (arcade): full brake is stronger and remains traction limited
PASS (arcade): handbrake develops a controllable sideways slide
PASS (arcade): sliding recovers smoothly after the handbrake is released
PASS (arcade): speed governor holds a low limit under sustained throttle
PASS (arcade): overspeed removes engine torque without abrupt automatic braking
PASS (arcade): low grip limits engine traction in both handling profiles
PASS (arcade): pressing both pedals respects the low-grip braking limit
PASS (arcade): eight seconds of powered cornering stays planted instead of sustaining a drift
PASS (arcade): grip correction preserves useful cornering speed and ground support
PASS (arcade): releasing steering recovers a straight line under throttle
PASS (arcade): holding the handbrake stops pure sideways momentum
PASS (arcade): short handbrake input still initiates a deliberate slide
PASS (arcade): handbrake slide settles even when throttle and steering remain held
PASS (arcade): reset clears rotation inertia as well as momentum
PASS (simulation): 24 cm curb is traversable at walking speed
PASS (simulation): tall barriers still stop the vehicle
PASS (simulation): curb descent in reverse preserves support
PASS (simulation): 24 cm curb also works diagonally
PASS (simulation): parking brake holds a 17 degree hill
PASS (simulation): motor launches uphill despite a small rollback
PASS (simulation): half brake decelerates progressively without instant stopping
PASS (simulation): full brake is stronger and remains traction limited
PASS (simulation): handbrake develops a controllable sideways slide
PASS (simulation): sliding recovers smoothly after the handbrake is released
PASS (simulation): speed governor holds a low limit under sustained throttle
PASS (simulation): overspeed removes engine torque without abrupt automatic braking
PASS (simulation): low grip limits engine traction in both handling profiles
PASS (simulation): pressing both pedals respects the low-grip braking limit
Handling checks: 35 passed / 0 failed
Godot Engine v4.7.2.stable.official.ed1daf0bf - https://godotengine.org

PASS: default car allows 220 km/h
PASS: map footprint is five times the previous area
PASS: real 0–100 acceleration is slower while top speed remains available
Measured 0–100: 3.20 s
PASS: full throttle reaches 220 km/h on the real map
PASS: long outer avenue is continuous at maximum speed
PASS: actual travel speed agrees with the 220 km/h speedometer
PASS: high-speed coasting loses speed progressively
PASS: brakes stop the car from high speed within the available straight
PASS: 220 km/h collision does not tunnel through a thin barrier
PASS: high-speed steering respects the tire-force limit
PASS: full steering at 220 km/h produces a stable broad turn
PASS: tires cannot erase a large lateral slip in one physics frame
PASS: reset clears high-speed momentum and steering
High speed smoke test: 13 checks, 0 failures
Godot Engine v4.7.2.stable.official.ed1daf0bf - https://godotengine.org

PASS: neighborhood spawn is clear and grounded
PASS: HUD identifies the current world
PASS: serialized render geometry matches the floor and buildings: 
PASS: validation detects collision parent displaced from visible geometry
PASS: validation accepts a shared world transform for geometry and colliders
PASS: saving and reloading the map preserves all render placements
Map geometry: 2540 batches, 21514 primitive instances, 321824 triangles (excluding text, car, shadows)
PASS: north-south street -70.0 is continuous through intersections
PASS: east-west street -70.0 is continuous through intersections
PASS: north-south street 0.0 is continuous through intersections
PASS: east-west street 0.0 is continuous through intersections
PASS: north-south street 70.0 is continuous through intersections
PASS: east-west street 70.0 is continuous through intersections
PASS: expanded outer north-south street -210.0 spans 460 m
PASS: expanded outer east-west street -210.0 spans 460 m
PASS: expanded outer north-south street 210.0 spans 460 m
PASS: expanded outer east-west street 210.0 spans 460 m
PASS: driveway admits the car without a curb blocking access
PASS: garage facade blocks the car
PASS: road-end barrier prevents leaving the neighborhood
PASS: reset returns to the neighborhood spawn
PASS: F3 displays performance diagnostics
PASS: F3 hides performance diagnostics
PASS: pause menu changes from neighborhood to test track
PASS: pause menu returns to the neighborhood
PASS: world transitions restore active gameplay
PASS: world transitions do not duplicate input bindings
Neighborhood smoke test: 26 checks, 0 failures
Godot Engine v4.7.2.stable.official.ed1daf0bf - https://godotengine.org

PASS: race spawn is grounded behind the start line
PASS: closed circuit has at least 3 km of continuous driving
PASS: circuit closes with sixteen ordered checkpoints
PASS: spatial lookup preserves exact road distance on asphalt and off track
PASS: crossing finish in reverse cannot start or finish a lap
PASS: crossing beside the track cannot count as a checkpoint
PASS: a full lap driven with the real controller completes all checkpoints
PASS: full-lap test remains on asphalt without gaps or obstructing rails
PASS: lap timer stores the completed lap and best time
PASS: teleport cannot award a lap
PASS: leaving the asphalt invalidates the current lap
PASS: reset clears current run while preserving session best
PASS: pause freezes the race timer
PASS: race pause menu returns to the neighborhood
PASS: neighborhood pause menu opens the circuit
Race smoke test: 15 checks, 0 failures, max route error 2.40 m
Godot Engine v4.7.2.stable.official.ed1daf0bf - https://godotengine.org

PASS: braking and cornering share the friction circle
PASS: front-wheel traction limits acceleration more on gravel
PASS: acceleration transfers load away from the driven front axle
PASS: braking transfers load toward the front axle
PASS: steering develops tire force and angular acceleration
PASS: yaw inertia delays the turning response
PASS: reset clears tire and yaw state
PASS: stationary steering injects no movement
PASS: reverse steering reverses the yaw response
PASS: rear handbrake reduces lateral recovery on gravel
PASS: tire and yaw integration are stable across time steps
PASS: rally starts grounded with the new handling profile
PASS: 220 km/h limit and reduced motor torque remain configured
PASS: complete 1.5 km point-to-point stage has ordered controls
PASS: stage has substantial real elevation changes
PASS: wheel rays identify starting asphalt
PASS: traction-based launch is progressive, below 100 km/h after three seconds
PASS: physically crossing the start activates the stage clock
Rally route: waypoint=738/746 frames=8706 floor=1.000 max waypoint distance=6.43 surface=cascalho
PASS: car drives the complete asphalt/gravel stage through elevation and bends
PASS: suspension contact remains stable through the stage
PASS: ordered physical crossings finish the timed stage
PASS: clean physical stage records the best time
PASS: gravel contacts switch tire adhesion
PASS: car follows the actual terrain angle
PASS: tiny rollback on a hill cannot repeatedly lock the reverse delay
PASS: V selects the hood camera
PASS: reset restores the chase view and a fresh run
PASS: pausing stops the stage clock
PASS: quality preset selects 1080p with shadows and MSAA
PASS: quality preset enables ambient occlusion in the rally
PASS: economy preset disables additional rally effects
Rally checks: 31 passed / 0 failed
Godot Engine v4.7.2.stable.official.ed1daf0bf - https://godotengine.org

PASS: rally grass to road at sample 80 side -1; end=(-29.02035, 23.43974, 13.9322)
PASS: rally road to grass at sample 80 side -1; end=(-35.31284, 22.88796, 17.12242)
PASS: rally grass to road at sample 80 side 1; end=(-27.96101, 23.56839, 13.95525)
PASS: rally road to grass at sample 80 side 1; end=(-21.58963, 23.88094, 10.98222)
PASS: rally grass to road at sample 115 side -1; end=(-27.2101, 16.91512, -53.26525)
PASS: rally road to grass at sample 115 side -1; end=(-33.99224, 15.81872, -55.29174)
PASS: rally grass to road at sample 115 side 1; end=(-26.47543, 17.06953, -52.47687)
PASS: rally road to grass at sample 115 side 1; end=(-19.75495, 17.91427, -50.30909)
PASS: rally grass to road at sample 195 side -1; end=(102.3915, 25.68002, -132.6735)
PASS: rally road to grass at sample 195 side -1; end=(97.92474, 24.9305, -138.1115)
PASS: rally grass to road at sample 195 side 1; end=(103.198, 25.77396, -132.0827)
PASS: rally road to grass at sample 195 side 1; end=(107.7691, 26.26265, -126.7056)
PASS: rally grass to road at sample 245 side -1; end=(143.6498, 27.69711, -219.8099)
PASS: rally road to grass at sample 245 side -1; end=(136.7626, 27.14998, -218.2385)
PASS: rally grass to road at sample 245 side 1; end=(144.5543, 27.74859, -220.0489)
PASS: rally road to grass at sample 245 side 1; end=(151.4234, 27.97693, -221.6351)
PASS: rally grass to road at sample 315 side -1; end=(40.00574, 22.70278, -279.8755)
PASS: rally road to grass at sample 315 side -1; end=(43.22427, 22.4148, -273.585)
PASS: rally grass to road at sample 315 side 1; end=(39.71415, 22.74162, -280.7912)
PASS: rally road to grass at sample 315 side 1; end=(36.65396, 22.79009, -287.1051)
PASS: rally grass to road at sample 405 side -1; end=(-127.2517, 15.65943, -314.5191)
PASS: rally road to grass at sample 405 side -1; end=(-130.8174, 14.87771, -308.4323)
PASS: rally grass to road at sample 405 side 1; end=(-127.0257, 15.75847, -315.4755)
PASS: rally road to grass at sample 405 side 1; end=(-123.5781, 16.27061, -321.6044)
PASS: rally grass to road at sample 475 side -1; end=(-211.8604, 9.656262, -230.1227)
PASS: rally road to grass at sample 475 side -1; end=(-204.7903, 9.124056, -230.2889)
PASS: rally grass to road at sample 475 side 1; end=(-212.8177, 9.739124, -230.4157)
PASS: rally road to grass at sample 475 side 1; end=(-219.8606, 10.0513, -230.3802)
PASS: rally grass to road at sample 555 side -1; end=(-258.4962, 8.50896, -93.34913)
PASS: rally road to grass at sample 555 side -1; end=(-254.142, 8.161616, -87.8336)
PASS: rally grass to road at sample 555 side 1; end=(-259.2386, 8.555496, -94.01099)
PASS: rally road to grass at sample 555 side 1; end=(-263.6604, 9.042398, -99.44601)
PASS: rally grass to road at sample 635 side -1; end=(-245.8447, 16.8276, 55.35171)
PASS: rally road to grass at sample 635 side -1; end=(-239.1301, 16.56577, 57.46944)
PASS: rally grass to road at sample 635 side 1; end=(-246.8215, 16.85647, 55.16002)
PASS: rally road to grass at sample 635 side 1; end=(-253.5423, 16.89534, 53.14989)
PASS: rally grass to road at sample 695 side -1; end=(-326.7561, 26.18714, 141.5523)
PASS: rally road to grass at sample 695 side -1; end=(-326.3299, 26.75035, 148.5871)
PASS: rally grass to road at sample 695 side 1; end=(-326.6791, 26.16394, 140.5881)
PASS: rally road to grass at sample 695 side 1; end=(-327.1211, 25.9088, 133.5618)
Rally access: 40 checks, 0 failures
Godot Engine v4.7.2.stable.official.ed1daf0bf - https://godotengine.org

PASS: every tree retains both close volume and a distant representation
PASS: saved LOD dependencies pair the same sectors without missing crowns/trunks
PASS: distant trees use one silhouette card without alpha-shadow passes
PASS: grass fades before its sector cutoff rather than rendering hundreds of meters away
PASS: billboard rotation has conservative saved culling bounds
PASS: terrain uses authored UV density without three texture projections
PASS: road material receives continuous lateral coordinates for tracks and natural shoulders
PASS: visual LOD leaves road and terrain collision adhesion intact
PASS: cullable road chunks preserve all route bands without missing sections
PASS: all terrain tiles retain detailed near geometry and multiple distant LODs
PASS: 3D textures use mip chains and GPU compression across circuit and rally
PASS: a rotating billboard remains inside its bounds from every viewing direction
PASS: GPU frame timing uses actual time even when engine delta is capped
PASS: pause/resume excludes the paused gap from measured frames
PASS: stopped capture does not accumulate frames
Rally visual checks: 15 passed / 0 failed
Godot Engine v4.7.2.stable.official.ed1daf0bf - https://godotengine.org

PASS: Engine starts with real audio data
PASS: Engine loops with a valid sample range
PASS: Ambience starts with real audio data
PASS: Ambience loops with a valid sample range
PASS: Music starts with real audio data
PASS: Music loops with a valid sample range
PASS: engine pitch responds to driving
PASS: reset restores idle engine pitch
PASS: pause suspends every audio layer
PASS: pause opens the audio options
PASS: audio options focus the first slider for keyboard/controller
PASS: engine slider changes its separate bus
PASS: zero music volume mutes the music bus
PASS: music mute leaves the engine enabled
PASS: Escape returns from audio options to the pause menu
PASS: resuming restores audio playback
PASS: saved volume reloads from the configuration file
PASS: saved mute is reapplied to the bus
Audio smoke test: 18 checks, 0 failures
Godot Engine v4.7.2.stable.official.ed1daf0bf - https://godotengine.org

PASS: engine volume survives restarting the game
PASS: music mute survives restarting the game
Audio smoke test: 2 checks, 0 failures
Godot Engine v4.7.2.stable.official.ed1daf0bf - https://godotengine.org

PASS: project starts at the main menu
PASS: main menu focuses the pilot city for keyboard and controller
PASS: pilot city is the first driving option and visible without scrolling
PASS: main menu opens audio settings
PASS: Escape closes audio and restores focus
PASS: graphics settings open with focus
PASS: fullscreen preference disables window resolution selection
PASS: window resolution selection changes preferences
PASS: invalid graphic values are rejected
PASS: FPS limit selection updates the graphics preference
PASS: invalid FPS limits cannot replace a valid selection
PASS: Escape returns from graphics to main menu
PASS: Drive starts the neighborhood
PASS: antialiasing option updates saved graphics preferences
PASS: shadow option updates the current world while paused
PASS: Escape from graphics keeps the world paused
PASS: graphics reload reapplies saved values to the world
PASS: graphics settings carry over to the test track
PASS: return to main menu clears pause and driving audio
PASS: new driving session retains graphic preferences
PASS: headless mode refuses to report rendered performance
PASS: balanced mode keeps shadows and MSAA with lightweight rally effects
PASS: balanced mode synchronizes its effects control
PASS: high profile uses 1080p without requiring Forward+ effects
PASS: legacy profile targets native 720p and updates the paused world
PASS: legacy profile synchronizes visible resolution
PASS: presets retain the Compatibility renderer
PASS: economy mode applies the lightweight windowed profile
PASS: economy mode synchronizes the visible controls
Menu smoke test: 29 checks, 0 failures
Godot Engine v4.7.2.stable.official.ed1daf0bf - https://godotengine.org

PASS: graphics preferences survive restarting the process
Menu smoke test: 1 checks, 0 failures
Godot Engine v4.7.2.stable.official.ed1daf0bf - https://godotengine.org

PASS: one connected street network encloses six blocks
PASS: pilot generator saves into isolated user data
PASS: offline regeneration preserves terrain, streets, UVs, placements and all collision
PASS: pilot city is the default menu destination
PASS: menu enters the connected pilot city
PASS: saved first district has six blocks with fifteen as a future target
PASS: player spawns and resets on the authored sloping street
PASS: pilot uses the existing arcade vehicle without a new handling profile
PASS: all seventeen streets and their joins have real collision matching the terrain heights
PASS: street centre and both lanes remain clear of building footprints, walls and balconies
PASS: street network offers measurable low town and hillside relief
Pilot route: arrived=true offset=1.30 support=1.0000 paved=1.0000 position=(-146.7567, 2.874684, 97.14786)
PASS: outer outward completes a closed drive with real inputs
PASS: closed drive maintains support and stays on paved streets through slopes and junctions
Pilot route: arrived=true offset=1.39 support=1.0000 paved=1.0000 position=(-145.1726, 2.885954, 97.60132)
PASS: outer return completes a closed drive with real inputs
PASS: closed drive maintains support and stays on paved streets through slopes and junctions
Pilot route: arrived=true offset=2.19 support=1.0000 paved=1.0000 position=(-145.1827, 2.885899, 97.58253)
PASS: centre outward completes a closed drive with real inputs
PASS: closed drive maintains support and stays on paved streets through slopes and junctions
Pilot route: arrived=true offset=1.05 support=1.0000 paved=1.0000 position=(-145.1798, 2.885903, 97.5863)
PASS: centre return completes a closed drive with real inputs
PASS: closed drive maintains support and stays on paved streets through slopes and junctions
Pilot route: arrived=true offset=1.49 support=1.0000 paved=1.0000 position=(-58.89359, 4.861797, -8.560447)
PASS: hill outward completes a closed drive with real inputs
PASS: closed drive maintains support and stays on paved streets through slopes and junctions
Pilot route: arrived=true offset=0.98 support=1.0000 paved=1.0000 position=(-60.80318, 4.793163, -8.950303)
PASS: hill return completes a closed drive with real inputs
PASS: closed drive maintains support and stays on paved streets through slopes and junctions
Pilot route: arrived=true offset=0.01 support=1.0000 paved=1.0000 position=(-98.97964, 3.453845, 45.92371)
PASS: square driveway is physically accessible from street
Pilot route: arrived=true offset=0.01 support=1.0000 paved=1.0000 position=(-98.44476, 3.253761, 107.2702)
PASS: square driveway is physically accessible back to street
Pilot route: arrived=true offset=0.11 support=1.0000 paved=1.0000 position=(142.6664, 8.530972, 62.93287)
PASS: workshop driveway is physically accessible from street
Pilot route: arrived=true offset=0.07 support=1.0000 paved=1.0000 position=(166.377, 8.335074, 59.75751)
PASS: workshop driveway is physically accessible back to street
PASS: one car, camera and HUD persist throughout every city route
PASS: reset returns to the original city spawn with support
PASS: existing hood camera works in the pilot city
PASS: pause freezes the pilot vehicle
PASS: pilot returns to menu and clears pause
Pilot city smoke: 32 checks, 0 failures; data /tmp/wave-check.942Ij3/pilot_city/godot/app_userdata/Wave
WARNING: 6 ObjectDB instances were leaked at exit (run with `--verbose` for details).
   at: cleanup (core/object/object.cpp:2536)
Godot Engine v4.7.2.stable.official.ed1daf0bf - https://godotengine.org

Curb result: { "edge": "0-1", "side": -1.0, "returning": false, "reverse": false, "speed": 1.2, "arrived": true, "stalled_frames": 0, "air_frames": 0, "max_clearance": 0.50926979565419, "max_height_jump": 0.00703132211237, "minimum_speed": 1.18993592262268, "end": "(-135.7815, 3.114703, -116.3046)" }
PASS: actual curved hillside sidewalk traverses without catching: 0-1 side -1.0 reverse false speed 1.2
PASS: sidewalk transition preserves support without launching the vehicle
PASS: sidewalk contact changes height progressively rather than stepping the body upward
Curb result: { "edge": "0-1", "side": -1.0, "returning": true, "reverse": true, "speed": 2.5, "arrived": true, "stalled_frames": 0, "air_frames": 0, "max_clearance": 0.51800950139282, "max_height_jump": 0.01664754699528, "minimum_speed": 2.49003005027771, "end": "(-134.5538, 3.162793, -108.3379)" }
PASS: actual curved hillside sidewalk traverses without catching: 0-1 side -1.0 reverse true speed 2.5
PASS: sidewalk transition preserves support without launching the vehicle
PASS: sidewalk contact changes height progressively rather than stepping the body upward
Curb result: { "edge": "0-1", "side": 1.0, "returning": false, "reverse": false, "speed": 1.2, "arrived": true, "stalled_frames": 0, "air_frames": 0, "max_clearance": 0.50910240675794, "max_height_jump": 0.00702994110798, "minimum_speed": 1.19018626213074, "end": "(-138.4333, 3.091885, -96.45448)" }
PASS: actual curved hillside sidewalk traverses without catching: 0-1 side 1.0 reverse false speed 1.2
PASS: sidewalk transition preserves support without launching the vehicle
PASS: sidewalk contact changes height progressively rather than stepping the body upward
Curb result: { "edge": "0-1", "side": 1.0, "returning": true, "reverse": true, "speed": 2.5, "arrived": true, "stalled_frames": 0, "air_frames": 0, "max_clearance": 0.51686616781192, "max_height_jump": 0.01665102418652, "minimum_speed": 2.48985409736633, "end": "(-135.1688, 3.157326, -103.8035)" }
PASS: actual curved hillside sidewalk traverses without catching: 0-1 side 1.0 reverse true speed 2.5
PASS: sidewalk transition preserves support without launching the vehicle
PASS: sidewalk contact changes height progressively rather than stepping the body upward
Curb result: { "edge": "5-6", "side": -1.0, "returning": false, "reverse": false, "speed": 1.2, "arrived": true, "stalled_frames": 0, "air_frames": 0, "max_clearance": 0.51383254972659, "max_height_jump": 0.00635762207666, "minimum_speed": 1.18976283073425, "end": "(-23.77306, 6.461011, -6.906049)" }
PASS: actual curved hillside sidewalk traverses without catching: 5-6 side -1.0 reverse false speed 1.2
PASS: sidewalk transition preserves support without launching the vehicle
PASS: sidewalk contact changes height progressively rather than stepping the body upward
Curb result: { "edge": "5-6", "side": -1.0, "returning": true, "reverse": true, "speed": 2.5, "arrived": true, "stalled_frames": 0, "air_frames": 0, "max_clearance": 0.51725446433608, "max_height_jump": 0.0187765957323, "minimum_speed": 2.48909568786621, "end": "(-23.3772, 6.321579, 1.614269)" }
PASS: actual curved hillside sidewalk traverses without catching: 5-6 side -1.0 reverse true speed 2.5
PASS: sidewalk transition preserves support without launching the vehicle
PASS: sidewalk contact changes height progressively rather than stepping the body upward
Curb result: { "edge": "5-6", "side": 1.0, "returning": false, "reverse": false, "speed": 1.2, "arrived": true, "stalled_frames": 0, "air_frames": 0, "max_clearance": 0.5114714644984, "max_height_jump": 0.00829311641678, "minimum_speed": 1.19043505191803, "end": "(-30.43053, 5.695855, 13.12862)" }
PASS: actual curved hillside sidewalk traverses without catching: 5-6 side 1.0 reverse false speed 1.2
PASS: sidewalk transition preserves support without launching the vehicle
PASS: sidewalk contact changes height progressively rather than stepping the body upward
Curb result: { "edge": "5-6", "side": 1.0, "returning": true, "reverse": true, "speed": 2.5, "arrived": true, "stalled_frames": 0, "air_frames": 0, "max_clearance": 0.51994299992974, "max_height_jump": 0.01454598403107, "minimum_speed": 2.48792243003845, "end": "(-26.17277, 6.069393, 6.449004)" }
PASS: actual curved hillside sidewalk traverses without catching: 5-6 side 1.0 reverse true speed 2.5
PASS: sidewalk transition preserves support without launching the vehicle
PASS: sidewalk contact changes height progressively rather than stepping the body upward
Curb result: { "edge": "2-3", "side": -1.0, "returning": false, "reverse": false, "speed": 1.2, "arrived": true, "stalled_frames": 0, "air_frames": 0, "max_clearance": 0.5130698643484, "max_height_jump": 0.00713596401527, "minimum_speed": 1.19001257419586, "end": "(61.89805, 14.26155, -96.95478)" }
PASS: actual curved hillside sidewalk traverses without catching: 2-3 side -1.0 reverse false speed 1.2
PASS: sidewalk transition preserves support without launching the vehicle
PASS: sidewalk contact changes height progressively rather than stepping the body upward
Curb result: { "edge": "2-3", "side": -1.0, "returning": true, "reverse": true, "speed": 2.5, "arrived": true, "stalled_frames": 0, "air_frames": 0, "max_clearance": 0.51892630116676, "max_height_jump": 0.01399760757556, "minimum_speed": 2.48999238014221, "end": "(61.04172, 14.32911, -88.60885)" }
PASS: actual curved hillside sidewalk traverses without catching: 2-3 side -1.0 reverse true speed 2.5
PASS: sidewalk transition preserves support without launching the vehicle
PASS: sidewalk contact changes height progressively rather than stepping the body upward
Curb result: { "edge": "2-3", "side": 1.0, "returning": false, "reverse": false, "speed": 1.2, "arrived": true, "stalled_frames": 0, "air_frames": 0, "max_clearance": 0.50973809350496, "max_height_jump": 0.00703141288334, "minimum_speed": 1.18975067138672, "end": "(54.18709, 13.84655, -78.36217)" }
PASS: actual curved hillside sidewalk traverses without catching: 2-3 side 1.0 reverse false speed 1.2
PASS: sidewalk transition preserves support without launching the vehicle
PASS: sidewalk contact changes height progressively rather than stepping the body upward
Curb result: { "edge": "2-3", "side": 1.0, "returning": true, "reverse": true, "speed": 2.5, "arrived": true, "stalled_frames": 0, "air_frames": 0, "max_clearance": 0.51891362902239, "max_height_jump": 0.0145327818817, "minimum_speed": 2.48721885681152, "end": "(58.34013, 14.16091, -85.29454)" }
PASS: actual curved hillside sidewalk traverses without catching: 2-3 side 1.0 reverse true speed 2.5
PASS: sidewalk transition preserves support without launching the vehicle
PASS: sidewalk contact changes height progressively rather than stepping the body upward
Curb result: { "edge": "10-11", "side": -1.0, "returning": false, "reverse": false, "speed": 1.2, "arrived": true, "stalled_frames": 0, "air_frames": 0, "max_clearance": 0.50840242018555, "max_height_jump": 0.00571309200223, "minimum_speed": 1.18968510627747, "end": "(95.78893, 5.765641, 121.3975)" }
PASS: actual curved hillside sidewalk traverses without catching: 10-11 side -1.0 reverse false speed 1.2
PASS: sidewalk transition preserves support without launching the vehicle
PASS: sidewalk contact changes height progressively rather than stepping the body upward
Curb result: { "edge": "10-11", "side": -1.0, "returning": true, "reverse": true, "speed": 2.5, "arrived": true, "stalled_frames": 0, "air_frames": 0, "max_clearance": 0.51702519973021, "max_height_jump": 0.01574424052595, "minimum_speed": 2.49029159545898, "end": "(94.37599, 5.553813, 129.2693)" }
PASS: actual curved hillside sidewalk traverses without catching: 10-11 side -1.0 reverse true speed 2.5
PASS: sidewalk transition preserves support without launching the vehicle
PASS: sidewalk contact changes height progressively rather than stepping the body upward
Curb result: { "edge": "10-11", "side": 1.0, "returning": false, "reverse": false, "speed": 1.2, "arrived": true, "stalled_frames": 0, "air_frames": 0, "max_clearance": 0.50917494297896, "max_height_jump": 0.00834931206594, "minimum_speed": 1.18971347808838, "end": "(87.00828, 5.212936, 139.3748)" }
PASS: actual curved hillside sidewalk traverses without catching: 10-11 side 1.0 reverse false speed 1.2
PASS: sidewalk transition preserves support without launching the vehicle
PASS: sidewalk contact changes height progressively rather than stepping the body upward
Curb result: { "edge": "10-11", "side": 1.0, "returning": true, "reverse": true, "speed": 2.5, "arrived": true, "stalled_frames": 0, "air_frames": 0, "max_clearance": 0.51749616407419, "max_height_jump": 0.01573923094165, "minimum_speed": 2.48967218399048, "end": "(92.49471, 5.427738, 133.5179)" }
PASS: actual curved hillside sidewalk traverses without catching: 10-11 side 1.0 reverse true speed 2.5
PASS: sidewalk transition preserves support without launching the vehicle
PASS: sidewalk contact changes height progressively rather than stepping the body upward
Curb result: { "edge": "2-3", "side": 1.0, "returning": false, "reverse": false, "speed": 10.0, "arrived": true, "stalled_frames": 0, "air_frames": 0, "max_clearance": 0.50647692315577, "max_height_jump": 0.02507242223307, "minimum_speed": 9.9797887802124, "end": "(53.6483, 13.80734, -78.49148)" }
PASS: actual curved hillside sidewalk traverses without catching: 2-3 side 1.0 reverse false speed 10.0
PASS: sidewalk transition preserves support without launching the vehicle
PASS: sidewalk contact changes height progressively rather than stepping the body upward
PASS: urban-speed crossing retains at least seventy percent of approach speed
Curb result: { "edge": "10-11", "side": 1.0, "returning": false, "reverse": false, "speed": 10.0, "arrived": true, "stalled_frames": 0, "air_frames": 0, "max_clearance": 0.50559559885174, "max_height_jump": 0.02533966401424, "minimum_speed": 9.98216152191162, "end": "(86.95588, 5.211305, 139.5271)" }
PASS: actual curved hillside sidewalk traverses without catching: 10-11 side 1.0 reverse false speed 10.0
PASS: sidewalk transition preserves support without launching the vehicle
PASS: sidewalk contact changes height progressively rather than stepping the body upward
PASS: urban-speed crossing retains at least seventy percent of approach speed
Pilot curb: 56 checks, 0 failures; /tmp/wave-check.942Ij3/pilot_curb/godot/app_userdata/Wave
WARNING: 6 ObjectDB instances were leaked at exit (run with `--verbose` for details).
   at: cleanup (core/object/object.cpp:2536)
Godot Engine v4.7.2.stable.official.ed1daf0bf - https://godotengine.org

PASS: empty capture has no fabricated FPS
PASS: statistics preserve chronological frame order
PASS: average FPS uses frame count divided by actual duration
PASS: percentiles and worst frame expose different pacing properties
PASS: 1 percent low and hitch counts expose an isolated slow frame
PASS: 1 percent tail rounds up and averages the slowest intervals
PASS: short captures handle a one-frame percentile safely
PASS: normal capture avoids blocking GPU timestamp queries on legacy drivers
Performance capture: /tmp/wave-check.942Ij3/performance/godot/app_userdata/Wave/performance/2026-10-09T18-25-11-331
PASS: memory diagnostics inspect retained capture counts without altering saved intervals
PASS: capture writes all artifacts and stops recording
PASS: capture preserves unfocused intervals instead of silently discarding them
PASS: JSON preserves captured configuration and route identity
PASS: unavailable monitors remain null rather than zero cost
PASS: raw frame CSV retains hitch location and chronological intervals
PASS: finishing twice does not overwrite completed capture
Performance capture: /tmp/wave-check.942Ij3/performance/godot/app_userdata/Wave/performance/2026-10-09T18-25-11-332
PASS: manual resizing ends capture before mixing resolutions
PASS: old preferences survive with a safe default for new optional effects
PASS: graphics presets preserve the chosen FPS limit
PASS: unknown preset cannot change saved graphics
Performance smoke test: 19 checks, 0 failures
Godot Engine v4.7.2.stable.official.ed1daf0bf - https://godotengine.org

PASS: offline corridor preserves deterministic placements and colliders after saving
PASS: same seed and authored layout reproduce the corridor
PASS: corridor records 600 metres and seed
PASS: both authored landmarks persist in the generated scene
PASS: static corridor signs avoid the measured first-use cost of runtime 3D fonts
PASS: billboards keep conservative rotating visibility bounds
Corridor inventory: 515 nodes, 1729 batched instances, 851 box colliders
PASS: main menu opens the visual corridor
PASS: corridor spawn is clear and grounded
PASS: avenue is continuously driveable through both intersections
PASS: cheap Legacy contact shadow follows the car without altering physics
PASS: side street connects across the avenue without blocking curbs
PASS: workshop forecourt is accessible and the closed facade stops the car
PASS: reset retains the corridor spawn and camera contract
PASS: return to menu releases corridor audio and pause
Corridor smoke test: 14 checks, 0 failures
Godot Engine v4.7.2.stable.official.ed1daf0bf - https://godotengine.org

PASS: offline cell pipeline writes independent cells and shared resources into an isolated directory
PASS: cell ownership preserves every original batched prop, collider and landmark in world coordinates
PASS: offline regeneration reproduces all cell placements/collisions
PASS: clipping preserves the area of ground, road, patches, wires and vertex-occlusion surfaces without duplicating geometry
PASS: serialized generated surfaces preserve deterministic geometry areas
PASS: all standalone surfaces are clipped to their owning cell boundaries
Corridor cells smoke test: 6 checks, 0 failures
Godot Engine v4.7.2.stable.official.ed1daf0bf - https://godotengine.org

PASS: offline manifest contains exactly three independently stored cells
PASS: cell vale-0 owns a bounded floor and local colliders
PASS: cell vale-1 owns a bounded floor and local colliders
PASS: cell vale-2 owns a bounded floor and local colliders
PASS: partition preserves 850 props and replaces one global floor with three touching floors
PASS: cells share external materials rather than embedding complete independent palettes
PASS: startup observer retains chronological entry intervals and stops only after support is ready
PASS: stationary spawn activates only its supporting cell; preload expands with movement
PASS: 220 km/h outward traversal crosses both seams without missing support or a safety hold
PASS: far first cell releases nodes/resources while the ending cell remains supported
PASS: player camera and HUD identities survive cell transitions
PASS: return drive reloads the first cell and crosses both seams with continuous support
PASS: resident set respects the configured three-cell cap
PASS: serialized cell floor seams have real collision support on both sides
PASS: boundary reversal uses hysteresis without load/unload cycling
PASS: reset reactivates original support before driving resumes
PASS: injected slow I/O holds motion while no supporting cell exists
PASS: pause freezes activation and movement even if threaded I/O completes
PASS: obsolete first-cell result is drained without activation after teleport
PASS: delayed teleport resumes only after destination support is registered
ERROR: Cannot open file 'user://missing-cell.tscn'.
   at: load (scene/resources/resource_format_text.cpp:1442)
ERROR: Failed loading resource: user://missing-cell.tscn.
   at: _load (core/io/resource_loader.cpp:317)
WARNING: Streaming: Threaded load failed
     at: push_warning (core/variant/variant_utility.cpp:1033)
     GDScript backtrace (most recent call first):
         [0] _fail (res://scripts/world/world_streamer.gd:342)
         [1] _poll (res://scripts/world/world_streamer.gd:178)
         [2] _process (res://scripts/world/world_streamer.gd:129)
PASS: missing resource fails once and cannot drop the car or retry every frame
WARNING: Streaming: Cell root must be Node3D
     at: push_warning (core/variant/variant_utility.cpp:1033)
     GDScript backtrace (most recent call first):
         [0] _fail (res://scripts/world/world_streamer.gd:342)
         [1] _activate_one (res://scripts/world/world_streamer.gd:207)
         [2] _process (res://scripts/world/world_streamer.gd:132)
PASS: invalid root activation is rejected and released safely
WARNING: Streaming: Cell lacks the declared collision support
     at: push_warning (core/variant/variant_utility.cpp:1033)
     GDScript backtrace (most recent call first):
         [0] _fail (res://scripts/world/world_streamer.gd:342)
         [1] _activate_one (res://scripts/world/world_streamer.gd:212)
         [2] _process (res://scripts/world/world_streamer.gd:132)
PASS: a Node3D cell without the promised collision floor cannot authorize movement
WARNING: Streaming: Unknown neighboring cell
     at: push_warning (core/variant/variant_utility.cpp:1033)
     GDScript backtrace (most recent call first):
         [0] _fail (res://scripts/world/world_streamer.gd:342)
         [1] _read_manifest (res://scripts/world/world_streamer.gd:87)
         [2] _ready (res://scripts/world/world_streamer.gd:63)
         [3] _open (res://tests/streaming_smoke.gd:203)
         [4] _run (res://tests/streaming_smoke.gd:155)
         [5] _close (res://tests/streaming_smoke.gd:213)
         [6] _frames (res://tests/streaming_smoke.gd:233)
PASS: invalid manifest neighbors fail before any load request
PASS: outstanding loader result is consumed before shutdown
PASS: world destruction with a pending load frees streamer/audio and drains without a callback to freed nodes
PASS: Enter on the selected legacy streaming action opens the city walk
PASS: HUD returns from streamed world to menu and releases audio even during loading
Streaming smoke test: 28 checks, 0 failures
Godot Engine v4.7.2.stable.official.ed1daf0bf - https://godotengine.org

PASS: offline pipeline saves exactly one distant group per corridor cell
PASS: regeneration preserves merged geometry colors and tree placements exactly
PASS: distant groups use two render batches without opaque textures shadows or collision support
PASS: three distant groups preserve authored silhouettes with 1324 total triangles including trees
PASS: distant artifact cannot preload or pin any detailed cell scene
PASS: spawn draws detailed current cell and distant unloaded neighbors without overlapping representations
PASS: preloaded neighbor becomes detailed inside the entry distance
PASS: distant rendering leaves actual resident floor collision and streamer support intact
PASS: hysteresis preserves the previous representation through reversals inside its band
PASS: released starting cell retains its distant silhouette while destination supports motion
PASS: A/B diagnostic disables proxies and restores every resident detailed visual
PASS: closing world releases all distant representation nodes
HLOD smoke test: 12 checks, 0 failures
Godot Engine v4.7.2.stable.official.ed1daf0bf - https://godotengine.org

PASS: four-cell route reuses the authored urban cell unchanged
PASS: urban, rural, highway and town boundaries are contiguous with reciprocal neighbors
PASS: route generator saves independently into isolated user data
PASS: cell 1 preserves serialized geometry, placement, UVs and collision on regeneration
PASS: cell 2 preserves serialized geometry, placement, UVs and collision on regeneration
PASS: cell 3 preserves serialized geometry, placement, UVs and collision on regeneration
PASS: the new menu action opens the continuous journey
PASS: normal vehicle inputs traverse urban, rural curves, highway and town with stable support
PASS: outward traversal has no streaming safety holds or load failures
PASS: town arrival unloads the urban cell under the existing three-cell residency cap
PASS: all three joins have real collision across the full road width
PASS: return drive reloads the urban cell without a gap or safety hold
PASS: car, camera and HUD identities persist through four regions
PASS: resident set stays bounded as total world cells increase
PASS: reset restores the original urban spawn with registered collision
PASS: journey returns to the menu and restores pause state
Intercity smoke test: 16 checks, 0 failures; data /tmp/wave-check.942Ij3/intercity/godot/app_userdata/Wave
Godot Engine v4.7.2.stable.official.ed1daf0bf - https://godotengine.org

PASS: avenue to square through the open curb is physically drivable
PASS: avenue to square through the open curb maintains support without streaming holds
PASS: square back to avenue is physically drivable
PASS: square back to avenue maintains support without streaming holds
PASS: crossroad to the eastern side street is physically drivable
PASS: crossroad to the eastern side street maintains support without streaming holds
PASS: road to rural stop through its fence opening is physically drivable
PASS: road to rural stop through its fence opening maintains support without streaming holds
PASS: rural stop back to road is physically drivable
PASS: rural stop back to road maintains support without streaming holds
PASS: highway to roadside refuge through its fence opening is physically drivable
PASS: highway to roadside refuge through its fence opening maintains support without streaming holds
PASS: roadside refuge back to highway is physically drivable
PASS: roadside refuge back to highway maintains support without streaming holds
PASS: town exploration preserves the bounded resident set
Town access smoke test: 15 checks, 0 failures
Godot Engine v4.7.2.stable.official.ed1daf0bf - https://godotengine.org

PASS: rural stop outward brakes from 80 km/h, turns into the entrance and stops
PASS: rural stop outward maintains ground support throughout the approach and turn
Maneuver rural stop outward: turn entry 17.0 km/h, stopped at (-22.99352, 0.350941, -300.0009), exit (8.607567, 0.350116, -329.1591)
PASS: rural stop outward returns to its travel lane using vehicle inputs
PASS: rural stop returning brakes from 80 km/h, turns into the entrance and stops
PASS: rural stop returning maintains ground support throughout the approach and turn
Maneuver rural stop returning: turn entry 15.5 km/h, stopped at (-23.23705, 0.350102, -299.9987), exit (-2.472071, 0.350116, -270.8587)
PASS: rural stop returning returns to its travel lane using vehicle inputs
PASS: highway refuge outward brakes from 80 km/h, turns into the entrance and stops
PASS: highway refuge outward maintains ground support throughout the approach and turn
Maneuver highway refuge outward: turn entry 21.2 km/h, stopped at (20.08915, 0.350007, -810.0009), exit (-5.157015, 0.350133, -839.1146)
PASS: highway refuge outward returns to its travel lane using vehicle inputs
PASS: highway refuge returning brakes from 80 km/h, turns into the entrance and stops
PASS: highway refuge returning maintains ground support throughout the approach and turn
Maneuver highway refuge returning: turn entry 11.8 km/h, stopped at (19.43602, 0.350179, -809.9995), exit (-18.14002, 0.350373, -780.8716)
PASS: highway refuge returning returns to its travel lane using vehicle inputs
PASS: town square outward brakes from 80 km/h, turns into the entrance and stops
PASS: town square outward maintains ground support throughout the approach and turn
Maneuver town square outward: turn entry 22.1 km/h, stopped at (-27.10703, 0.3501, -1240.0), exit (3.439447, 0.350122, -1269.114)
PASS: town square outward returns to its travel lane using vehicle inputs
PASS: town square returning brakes from 80 km/h, turns into the entrance and stops
PASS: town square returning maintains ground support throughout the approach and turn
Maneuver town square returning: turn entry 22.1 km/h, stopped at (-27.3125, 0.349269, -1240.0), exit (-3.557835, 0.350941, -1210.854)
PASS: town square returning returns to its travel lane using vehicle inputs
PASS: six stop maneuvers preserve bounded streaming without load failures
Stop maneuver smoke test: 19 checks, 0 failures
Godot Engine v4.7.2.stable.official.ed1daf0bf - https://godotengine.org

PASS: offline terrain regenerates into isolated user data
PASS: cell 0 preserves saved meshes, normals, UVs and collision on regeneration
PASS: cell 1 preserves saved meshes, normals, UVs and collision on regeneration
PASS: cell 2 preserves saved meshes, normals, UVs and collision on regeneration
PASS: cell 3 preserves saved meshes, normals, UVs and collision on regeneration
PASS: tree placements survive headless generation and loading of saved scenes
PASS: distant ridge meshes regenerate without introducing physics support
PASS: saved asphalt, shoulders and paint have matching positions and UVs at every cell join
PASS: menu opens the isolated elevation lab
PASS: spawn has registered physical support
PASS: real steering inputs follow the bends while climbing and descending the 18 m hill
PASS: normal outward trip needs no safety hold
PASS: four-cell trip releases terrain under the three-cell cap
PASS: all elevation joins have real support across road and shoulders
PASS: return follows the curves and reloads the first cell without holds
PASS: right shoulder supports a real drive through bends, crest and two cell seams
PASS: left shoulder supports the opposite-direction drive through the hill
PASS: car, camera and HUD persist across terrain changes
PASS: reset restores the flat spawn with real support
PASS: missing physical collision freezes motion even when the cell is resident
PASS: restoring collision releases the safety hold
PASS: a missing terrain triangle is rejected before activation
PASS: delayed terrain load holds an elevated seam teleport
PASS: delayed seam releases only after both physical surfaces register
WARNING: Streaming: Cell lacks the declared collision support
     at: push_warning (core/variant/variant_utility.cpp:1033)
     GDScript backtrace (most recent call first):
         [0] _fail (res://scripts/world/world_streamer.gd:342)
         [1] _activate_one (res://scripts/world/world_streamer.gd:212)
         [2] _process (res://scripts/world/world_streamer.gd:132)
PASS: invalid terrain fails activation and holds the car without attaching an unsafe cell
PASS: lab returns to menu and clears pause
Elevation smoke: 26 checks, 0 failures; target_kmh=64.8 outward={ "arrived": true, "grounded": true, "air_frames": 0, "max_height": 18.351655960083, "max_pitch": 0.14010494947433, "max_offset": 1.3521247024872, "end": (3.495227, 0.350117, -740.191) } return={ "arrived": true, "grounded": true, "air_frames": 0, "max_height": 18.3514442443848, "max_pitch": 0.14032045006752, "max_offset": 1.21744432585819, "end": (3.479374, 0.350117, -14.91512) } shoulder={ "arrived": true, "grounded": true, "air_frames": 0, "max_height": 18.3512763977051, "max_pitch": 0.14009775221348, "max_offset": 0.5031440084201, "end": (-2.083043, 2.057701, -460.1935) } left_shoulder={ "arrived": true, "grounded": true, "air_frames": 0, "max_height": 18.3512496948242, "max_pitch": 0.14023403823376, "max_offset": 0.4655783579771, "end": (-3.13676, 2.984236, -149.9312) }
Godot Engine v4.7.2.stable.official.ed1daf0bf - https://godotengine.org

PASS: lookout entrance is drivable through the open shoulder
PASS: lookout entrance preserves contact without a streaming hold
PASS: lookout exit is drivable through the open shoulder
PASS: lookout exit preserves contact without a streaming hold
PASS: shelter pillar has real obstacle collision outside the parking path
PASS: distant scenery cannot authorize driving beyond the support bounds
PASS: lookout exploration respects the existing residency cap
Elevation access: 7 checks, 0 failures
Godot Engine v4.7.2.stable.official.ed1daf0bf - https://godotengine.org

PASS: entering the lab starts a fresh optional trip
PASS: trip panel stays on screen without overlapping telemetry
PASS: real driving crosses the first two ordered route gates
PASS: passing the crest requests parking without awarding roadside arrival
PASS: entering the destination while moving does not complete the trip
PASS: standing in the parking area starts the arrival dwell
PASS: missing physical support cancels dwell without awarding arrival
PASS: restored support starts a fresh arrival dwell
PASS: pause freezes the arrival dwell
PASS: two seconds parked completes the trip and updates the HUD
PASS: the live trip holds only for the deliberately removed floor
PASS: exploration after arrival preserves the completed trip
PASS: R restarts both car and trip
PASS: jumping directly to the parking area cannot award a trip
PASS: pause-menu reset restarts the activity and resumes play
PASS: driving outside the road cannot skip the first route gate
PASS: returning to menu frees the activity and clears pause
PASS: a new visit begins a fresh session trip
Lookout trip: 18 checks, 0 failures
Godot Engine v4.7.2.stable.official.ed1daf0bf - https://godotengine.org

Neighborhood saved to user://neighborhood-generated.tscn
Serialized render transforms, visibility bounds and floor/buildings validated.
Godot Engine v4.7.2.stable.official.ed1daf0bf - https://godotengine.org

Circuit: 3241 m, 649 route samples; saved OK
Godot Engine v4.7.2.stable.official.ed1daf0bf - https://godotengine.org

Rally: 1516 m / 746 samples; saved OK
Godot Engine v4.7.2.stable.official.ed1daf0bf - https://godotengine.org

PASS: placements in separate spatial sectors produce separate batches
PASS: finishing twice cannot duplicate saved placements
PASS: new cell does not inherit old batches or colliders
PASS: new build does not mutate the previous cell palette
PASS: each cell assigns ownership to its own packed root
PASS: offline neighborhood artifacts are available
PASS: regenerated neighborhood preserves nodes, placements, collision shapes, materials and visibility: []
PASS: offline race artifacts are available
PASS: regenerated race preserves nodes, placements, collision shapes, materials and visibility: []
PASS: offline rally artifacts are available
PASS: regenerated rally preserves nodes, placements, collision shapes, materials and visibility: []
Offline assembly smoke test: 11 checks, 0 failures
All Wave checks passed. Test data: /tmp/wave-check.942Ij3
