Godot Engine v4.7.2.stable.official.ed1daf0bf - https://godotengine.org

PASS: full map caches all roads and authored lots without opening at spawn
PASS: M opens the full map, pauses driving and releases the cursor
PASS: map inspection freezes the car and world clock
PASS: centering places the actual car at the map cursor
PASS: analog map zoom works while the game is paused
PASS: marker projection agrees with the car's world position
PASS: square shortcut places and centers a marker
PASS: Escape closes the map and resumes driving
PASS: Share opens the map through the actual gamepad input path
PASS: Circle returns to driving without resetting the car
WARNING: An input event object is being parsed more than once in the same frame, which is unsafe.
If you are generating events in a script, you have to instantiate a new event instead of sending the same one more than once, unless the original one was sent on an earlier frame.
You can call duplicate() on the event to get a new instance with identical values.
     at: parse_input_event (core/input/input.cpp:1540)
     GDScript backtrace (most recent call first):
         [0] _run (res://tests/city_map_smoke.gd:74)
ERROR: FAIL: M toggles the map back to driving through focused GUI input
   at: push_error (core/variant/variant_utility.cpp:1023)
   GDScript backtrace (most recent call first):
       [0] _check (res://tests/city_map_smoke.gd:99)
       [1] _run (res://tests/city_map_smoke.gd:82)
PASS: map opened from pause returns to the existing pause menu
PASS: DualShock Share opens the city map
City map: 13 checks, 1 failures
