......
----------------------------------------------------------------------
Ran 6 tests in 0.399s

OK
....
----------------------------------------------------------------------
Ran 4 tests in 0.012s

OK
Godot Engine v4.7.2.stable.official.ed1daf0bf - https://godotengine.org

[   0% ] [90m[1mfirst_scan_filesystem[22m | Started Project initialization (5 steps)[39m[0m
[   0% ] [90m[1mfirst_scan_filesystem[22m | Scanning file structure...[39m[0m
[  16% ] [90m[1mfirst_scan_filesystem[22m | Loading global class names...[39m[0m
[  33% ] [90m[1mfirst_scan_filesystem[22m | Verifying GDExtensions...[39m[0m
[  50% ] [90m[1mfirst_scan_filesystem[22m | Creating autoload scripts...[39m[0m
[  66% ] [90m[1mfirst_scan_filesystem[22m | Initializing plugins...[39m[0m
[  83% ] [90m[1mfirst_scan_filesystem[22m | Starting file scan...[39m[0m
[92m[ DONE ][39m [1mfirst_scan_filesystem[22m
[0m
[   0% ] [90m[1mloading_editor_layout[22m | Started Loading editor (5 steps)[39m[0m
[   0% ] [90m[1mloading_editor_layout[22m | Loading editor layout...[39m[0m
[  16% ] [90m[1mloading_editor_layout[22m | Loading docks...[39m[0m
[  33% ] [90m[1mloading_editor_layout[22m | Reopening scenes...[39m[0m
[  50% ] [90m[1mloading_editor_layout[22m | Loading central editor layout...[39m[0m
[  66% ] [90m[1mloading_editor_layout[22m | Loading plugin window layout...[39m[0m
[  83% ] [90m[1mloading_editor_layout[22m | Editor layout ready.[39m[0m
[92m[ DONE ][39m [1mloading_editor_layout[22m
[0m
Godot Engine v4.7.2.stable.official.ed1daf0bf - https://godotengine.org

PASS: input setup is idempotent
PASS: analog throttle accepts a second controller
PASS: acceleration reaches the speed limit
PASS: straight driving remains straight
PASS: field of view expands slightly with speed
PASS: releasing the pedal coasts gradually
PASS: partial throttle applies torque above the old half-speed target
PASS: full throttle accelerates faster than partial throttle
PASS: partial reverse pedal adds torque above half reverse speed
PASS: brake stops the car before selecting reverse
PASS: holding brake engages limited reverse
PASS: right input turns right while driving forward
PASS: keyboard steering ramps up smoothly
PASS: steering angle decreases at high speed
PASS: steering reverses naturally when backing up
PASS: handbrake allows lateral sliding in a turn
PASS: tires recover grip after releasing handbrake
PASS: car does not pass through the test obstacle
PASS: collision removes forward speed
PASS: car climbs the practice ramp
PASS: car lands stably after leaving the ramp
PASS: camera arm retracts against a wall
PASS: camera stays in front of the wall
PASS: rear view switches to the front of the car
PASS: reset clears vehicle momentum
PASS: reset snaps the camera to the car
PASS: falling below the track resets the car
PASS: Escape opens the pause menu
PASS: pause freezes vehicle physics
PASS: Escape resumes driving
PASS: pause menu reset returns to driving
PASS: practice hill supports ascent, crest and continuous descent
PASS: practice bank is accessible from its low edge and aligns the car
Driving smoke test: 33 checks, 0 failures
Godot Engine v4.7.2.stable.official.ed1daf0bf - https://godotengine.org

PASS: four-wheel car ascends a continuous ramp
PASS: body and collider follow ramp pitch within two degrees
PASS: ascending car retains road contact
PASS: reverse descends the ramp along its plane
PASS: reverse preserves terrain alignment
PASS: cross slope tilts both the car and collider
PASS: suspension remains within travel limits
PASS: car crosses and descends a 12 cm curb
PASS: curb traversal raises the car without launching it
PASS: step traversal cannot climb a tall barrier
PASS: airborne car preserves horizontal launch momentum
PASS: airborne steering cannot rotate the car and gravity acts
PASS: reset clears terrain orientation and momentum
PASS: gravity reduces coasting speed uphill
PASS: gravity increases coasting speed downhill
PASS: speedometer reports speed along the slope
PASS: handbrake holds a stationary car on a hill
PASS: unbraked car rolls backward on a sufficiently steep hill
PASS: car crosses a curb in reverse
PASS: car crosses a curb diagonally with staggered wheel contact
PASS: diagonal curb crossing does not create an excessive roll
Terrain smoke test: 21 checks, 0 failures
Godot Engine v4.7.2.stable.official.ed1daf0bf - https://godotengine.org

PASS: 12 cm sidewalk at heading 0, simulation=false crosses every seam and exits at 1.2 m/s; end=(0.0, 0.350111, -19.01747)
PASS: sidewalk traversal does not launch the body
PASS: 12 cm sidewalk at heading -30, simulation=false crosses every seam and exits at 1.2 m/s; end=(12.03761, 0.350111, -19.00898)
PASS: sidewalk traversal does not launch the body
PASS: 12 cm sidewalk at heading 180, simulation=false crosses every seam and exits at 1.2 m/s; end=(0.0, 0.350114, -1.992375)
PASS: sidewalk traversal does not launch the body
PASS: 20 cm sidewalk at heading 0, simulation=false crosses every seam and exits at 1.2 m/s; end=(0.0, 0.350115, -19.01071)
PASS: sidewalk traversal does not launch the body
PASS: 20 cm sidewalk at heading -30, simulation=false crosses every seam and exits at 1.2 m/s; end=(12.6956, 0.350111, -19.01105)
PASS: sidewalk traversal does not launch the body
PASS: 20 cm sidewalk at heading 180, simulation=false crosses every seam and exits at 1.2 m/s; end=(0.0, 0.350127, -1.985005)
PASS: sidewalk traversal does not launch the body
PASS: 28 cm sidewalk at heading 0, simulation=false crosses every seam and exits at 1.2 m/s; end=(0.0, 0.350116, -19.00897)
PASS: sidewalk traversal does not launch the body
PASS: 28 cm sidewalk at heading -30, simulation=false crosses every seam and exits at 1.2 m/s; end=(14.46065, 0.35051, -19.01087)
PASS: sidewalk traversal does not launch the body
PASS: 28 cm sidewalk at heading 180, simulation=false crosses every seam and exits at 1.2 m/s; end=(0.0, 0.350211, -1.986231)
PASS: sidewalk traversal does not launch the body
PASS: 30 cm sidewalk at heading 0, simulation=false crosses every seam and exits at 1.2 m/s; end=(0.0, 0.350116, -19.04568)
PASS: sidewalk traversal does not launch the body
PASS: 30 cm sidewalk at heading -30, simulation=false crosses every seam and exits at 1.2 m/s; end=(15.56761, 0.350111, -19.01534)
PASS: sidewalk traversal does not launch the body
PASS: 30 cm sidewalk at heading 180, simulation=false crosses every seam and exits at 1.2 m/s; end=(0.0, 0.350196, -1.987062)
PASS: sidewalk traversal does not launch the body
PASS: 28 cm sidewalk at heading 0, simulation=true crosses every seam and exits at 1.2 m/s; end=(0.0, 0.35094, -19.02205)
PASS: sidewalk traversal does not launch the body
PASS: 28 cm sidewalk at heading 0, simulation=false crosses every seam and exits at 18.0 m/s; end=(0.0, 0.360659, -19.00371)
PASS: sidewalk traversal does not launch the body
PASS: sidewalk crossing preserves speed; minimum=17.73 m/s
PASS: 28 cm sidewalk at heading -30, simulation=false crosses every seam and exits at 18.0 m/s; end=(11.81171, 0.351939, -19.08922)
PASS: sidewalk traversal does not launch the body
PASS: sidewalk crossing preserves speed; minimum=17.83 m/s
PASS: coarse continuous hill climbs and descends without catching; end=(-0.002888, 0.350117, -600.0807) stalled=0
Ground navigation: 33 checks, 0 failures
Godot Engine v4.7.2.stable.official.ed1daf0bf - https://godotengine.org

PASS: actual avenue sidewalk from x=3.5 to x=7.9 traverses its 28 cm lip without stopping or a guard hold; end=(7.909113, 0.480111, -62.0)
PASS: sidewalk crossing remains grounded and aligned
PASS: actual avenue sidewalk from x=7.9 to x=3.5 traverses its 28 cm lip without stopping or a guard hold; end=(3.499114, 0.350841, -62.0)
PASS: sidewalk crossing remains grounded and aligned
PASS: actual avenue sidewalk from x=-3.5 to x=-7.9 traverses its 28 cm lip without stopping or a guard hold; end=(-7.909159, 0.480112, -62.0)
PASS: sidewalk crossing remains grounded and aligned
PASS: actual avenue sidewalk from x=-7.9 to x=-3.5 traverses its 28 cm lip without stopping or a guard hold; end=(-3.477868, 0.350942, -62.0)
PASS: sidewalk crossing remains grounded and aligned
Curb access: 8 checks, 0 failures
Godot Engine v4.7.2.stable.official.ed1daf0bf - https://godotengine.org

PASS: test_track.tscn crosses ground transition (-33.0, 0.36, 30.0) -> (-33.0, 0.36, -18.0); end=(-33.0, 0.350114, -18.01227)
PASS: crossing keeps physical ground contact without streaming holds
PASS: test_track.tscn crosses ground transition (-33.0, 0.36, -18.0) -> (-33.0, 0.36, 30.0); end=(-33.0, 0.350113, 30.0154)
PASS: crossing keeps physical ground contact without streaming holds
PASS: drive_neighborhood.tscn crosses ground transition (5.0, 0.36, -34.0) -> (10.0, 0.36, -34.0); end=(10.00683, 0.512725, -34.0)
PASS: crossing keeps physical ground contact without streaming holds
PASS: drive_neighborhood.tscn crosses ground transition (10.0, 0.36, -34.0) -> (5.0, 0.36, -34.0); end=(4.966776, 0.349268, -34.0)
PASS: crossing keeps physical ground contact without streaming holds
PASS: drive_neighborhood.tscn crosses ground transition (-5.0, 0.36, -34.0) -> (-10.0, 0.36, -34.0); end=(-10.00692, 0.51272, -34.0)
PASS: crossing keeps physical ground contact without streaming holds
PASS: drive_neighborhood.tscn crosses ground transition (-10.0, 0.36, -34.0) -> (-5.0, 0.36, -34.0); end=(-4.966896, 0.349272, -34.0)
PASS: crossing keeps physical ground contact without streaming holds
PASS: drive_corridor.tscn crosses ground transition (3.5, 0.36, -62.0) -> (7.9, 0.36, -62.0); end=(7.924124, 0.480442, -62.0)
PASS: crossing keeps physical ground contact without streaming holds
PASS: drive_corridor.tscn crosses ground transition (7.9, 0.36, -62.0) -> (3.5, 0.36, -62.0); end=(3.493955, 0.350303, -62.0)
PASS: crossing keeps physical ground contact without streaming holds
PASS: drive_corridor.tscn crosses ground transition (-3.5, 0.36, -62.0) -> (-7.9, 0.36, -62.0); end=(-7.924175, 0.480615, -62.0)
PASS: crossing keeps physical ground contact without streaming holds
PASS: drive_corridor.tscn crosses ground transition (-7.9, 0.36, -62.0) -> (-3.5, 0.36, -62.0); end=(-3.49344, 0.349272, -62.0)
PASS: crossing keeps physical ground contact without streaming holds
PASS: drive_streamed_corridor.tscn crosses ground transition (3.5, 0.36, -62.0) -> (7.9, 0.36, -62.0); end=(7.924278, 0.481065, -62.0)
PASS: crossing keeps physical ground contact without streaming holds
PASS: drive_streamed_corridor.tscn crosses ground transition (7.9, 0.36, -62.0) -> (3.5, 0.36, -62.0); end=(3.493771, 0.350632, -62.0)
PASS: crossing keeps physical ground contact without streaming holds
PASS: drive_streamed_corridor.tscn crosses ground transition (-3.5, 0.36, -62.0) -> (-7.9, 0.36, -62.0); end=(-7.924175, 0.480615, -62.0)
PASS: crossing keeps physical ground contact without streaming holds
PASS: drive_streamed_corridor.tscn crosses ground transition (-7.9, 0.36, -62.0) -> (-3.5, 0.36, -62.0); end=(-3.492693, 0.350934, -62.0)
PASS: crossing keeps physical ground contact without streaming holds
PASS: drive_intercity.tscn crosses ground transition (3.5, 0.36, -62.0) -> (7.9, 0.36, -62.0); end=(7.924278, 0.481065, -62.0)
PASS: crossing keeps physical ground contact without streaming holds
PASS: drive_intercity.tscn crosses ground transition (7.9, 0.36, -62.0) -> (3.5, 0.36, -62.0); end=(3.493771, 0.350632, -62.0)
PASS: crossing keeps physical ground contact without streaming holds
PASS: drive_intercity.tscn crosses ground transition (-3.5, 0.36, -62.0) -> (-7.9, 0.36, -62.0); end=(-7.924181, 0.481063, -62.0)
PASS: crossing keeps physical ground contact without streaming holds
PASS: drive_intercity.tscn crosses ground transition (-7.9, 0.36, -62.0) -> (-3.5, 0.36, -62.0); end=(-3.493822, 0.350758, -62.0)
PASS: crossing keeps physical ground contact without streaming holds
PASS: drive_intercity.tscn crosses ground transition (3.5, 0.36, -1130.0) -> (7.9, 0.36, -1130.0); end=(7.934742, 0.46027, -1130.0)
PASS: crossing keeps physical ground contact without streaming holds
PASS: drive_intercity.tscn crosses ground transition (7.9, 0.36, -1130.0) -> (3.5, 0.36, -1130.0); end=(3.495374, 0.350112, -1130.0)
PASS: crossing keeps physical ground contact without streaming holds
PASS: drive_intercity.tscn crosses ground transition (-3.5, 0.36, -1130.0) -> (-7.9, 0.36, -1130.0); end=(-7.934904, 0.460262, -1130.0)
PASS: crossing keeps physical ground contact without streaming holds
PASS: drive_intercity.tscn crosses ground transition (-7.9, 0.36, -1130.0) -> (-3.5, 0.36, -1130.0); end=(-3.494983, 0.350115, -1130.0)
PASS: crossing keeps physical ground contact without streaming holds
PASS: drive_intercity.tscn crosses ground transition (13.19909, 0.36, -480.0) -> (6.699088, 0.36, -480.0); end=(6.675152, 0.350113, -480.0)
PASS: crossing keeps physical ground contact without streaming holds
PASS: drive_intercity.tscn crosses ground transition (6.699088, 0.36, -480.0) -> (13.19909, 0.36, -480.0); end=(13.22301, 0.350113, -480.0)
PASS: crossing keeps physical ground contact without streaming holds
PASS: drive_intercity.tscn crosses ground transition (20.19909, 0.36, -480.0) -> (26.69909, 0.36, -480.0); end=(26.72302, 0.350842, -480.0)
PASS: crossing keeps physical ground contact without streaming holds
PASS: drive_intercity.tscn crosses ground transition (26.69909, 0.36, -480.0) -> (20.19909, 0.36, -480.0); end=(20.17515, 0.350113, -480.0)
PASS: crossing keeps physical ground contact without streaming holds
PASS: drive_intercity.tscn crosses ground transition (-10.91424, 0.36, -850.0) -> (-17.41424, 0.36, -850.0); end=(-17.43817, 0.350178, -850.0)
PASS: crossing keeps physical ground contact without streaming holds
PASS: drive_intercity.tscn crosses ground transition (-17.41424, 0.36, -850.0) -> (-10.91424, 0.36, -850.0); end=(-10.8903, 0.350113, -850.0)
PASS: crossing keeps physical ground contact without streaming holds
PASS: drive_intercity.tscn crosses ground transition (-3.91424, 0.36, -850.0) -> (2.58576, 0.36, -850.0); end=(2.609673, 0.350111, -850.0)
PASS: crossing keeps physical ground contact without streaming holds
PASS: drive_intercity.tscn crosses ground transition (2.58576, 0.36, -850.0) -> (-3.91424, 0.36, -850.0); end=(-3.938165, 0.350211, -850.0)
PASS: crossing keeps physical ground contact without streaming holds
PASS: drive_race.tscn crosses ground transition (40.03663, 0.36, 386.2051) -> (40.12057, 0.36, 377.2055); end=(40.12074, 0.350865, 377.1774)
PASS: crossing keeps physical ground contact without streaming holds
PASS: drive_race.tscn crosses ground transition (40.12057, 0.36, 377.2055) -> (40.03663, 0.36, 386.2051); end=(40.03648, 0.349274, 386.233)
PASS: crossing keeps physical ground contact without streaming holds
PASS: drive_race.tscn crosses ground transition (39.96202, 0.36, 394.2047) -> (39.87809, 0.36, 403.2043); end=(39.87792, 0.349274, 403.2322)
PASS: crossing keeps physical ground contact without streaming holds
PASS: drive_race.tscn crosses ground transition (39.87809, 0.36, 403.2043) -> (39.96202, 0.36, 394.2047); end=(39.96215, 0.34915, 394.1766)
PASS: crossing keeps physical ground contact without streaming holds
PASS: drive_race.tscn crosses ground transition (482.275, 0.36, -118.0719) -> (474.043, 0.36, -114.434); end=(474.0174, 0.350905, -114.4229)
PASS: crossing keeps physical ground contact without streaming holds
PASS: drive_race.tscn crosses ground transition (474.043, 0.36, -114.434) -> (482.275, 0.36, -118.0719); end=(482.3004, 0.350922, -118.0833)
PASS: crossing keeps physical ground contact without streaming holds
PASS: drive_race.tscn crosses ground transition (489.5923, 0.36, -121.3056) -> (497.8243, 0.36, -124.9436); end=(497.8495, 0.349268, -124.9548)
PASS: crossing keeps physical ground contact without streaming holds
PASS: drive_race.tscn crosses ground transition (497.8243, 0.36, -124.9436) -> (489.5923, 0.36, -121.3056); end=(489.5669, 0.35094, -121.2944)
PASS: crossing keeps physical ground contact without streaming holds
PASS: drive_race.tscn crosses ground transition (-188.5462, 0.36, -360.711) -> (-189.9236, 0.36, -351.817); end=(-189.9277, 0.350942, -351.7895)
PASS: crossing keeps physical ground contact without streaming holds
PASS: drive_race.tscn crosses ground transition (-189.9236, 0.36, -351.817) -> (-188.5462, 0.36, -360.711); end=(-188.5419, 0.35094, -360.7386)
PASS: crossing keeps physical ground contact without streaming holds
PASS: drive_race.tscn crosses ground transition (-187.322, 0.36, -368.6168) -> (-185.9446, 0.36, -377.5107); end=(-185.9403, 0.350941, -377.5387)
PASS: crossing keeps physical ground contact without streaming holds
PASS: drive_race.tscn crosses ground transition (-185.9446, 0.36, -377.5107) -> (-187.322, 0.36, -368.6168); end=(-187.3262, 0.35071, -368.5893)
PASS: crossing keeps physical ground contact without streaming holds
PASS: drive_elevation.tscn crosses ground transition (8.27506, 13.44591, -230.0) -> (1.77506, 13.44591, -230.0); end=(1.767112, 13.43109, -229.9387)
PASS: crossing keeps physical ground contact without streaming holds
PASS: drive_elevation.tscn crosses ground transition (1.77506, 13.44591, -230.0) -> (8.27506, 13.44591, -230.0); end=(8.283018, 13.43148, -229.9415)
PASS: crossing keeps physical ground contact without streaming holds
PASS: drive_elevation.tscn crosses ground transition (15.27506, 13.44591, -230.0) -> (21.77506, 13.44591, -230.0); end=(21.78303, 13.4315, -229.9411)
PASS: crossing keeps physical ground contact without streaming holds
PASS: drive_elevation.tscn crosses ground transition (21.77506, 13.44591, -230.0) -> (15.27506, 13.44591, -230.0); end=(15.26708, 13.43142, -229.9411)
PASS: crossing keeps physical ground contact without streaming holds
PASS: drive_elevation.tscn crosses ground transition (-7.050436, 5.915849, -425.0) -> (-13.55044, 5.915849, -425.0); end=(-13.56747, 5.901483, -425.0599)
PASS: crossing keeps physical ground contact without streaming holds
PASS: drive_elevation.tscn crosses ground transition (-13.55044, 5.915849, -425.0) -> (-7.050436, 5.915849, -425.0); end=(-7.033411, 5.901501, -425.0605)
PASS: crossing keeps physical ground contact without streaming holds
PASS: drive_elevation.tscn crosses ground transition (-0.050437, 5.915849, -425.0) -> (6.449564, 5.915849, -425.0); end=(6.466596, 5.901575, -425.0592)
PASS: crossing keeps physical ground contact without streaming holds
PASS: drive_elevation.tscn crosses ground transition (6.449564, 5.915849, -425.0) -> (-0.050437, 5.915849, -425.0); end=(-0.067473, 5.901678, -425.0589)
PASS: crossing keeps physical ground contact without streaming holds
Map ground access: 100 checks, 0 failures
Godot Engine v4.7.2.stable.official.ed1daf0bf - https://godotengine.org

PASS (arcade): 24 cm curb is traversable at walking speed
PASS (arcade): tall barriers still stop the vehicle
PASS (arcade): curb descent in reverse preserves support
PASS (arcade): 24 cm curb also works diagonally
PASS (arcade): parking brake holds a 17 degree hill
PASS (arcade): motor launches uphill despite a small rollback
PASS (arcade): half brake decelerates progressively without instant stopping
PASS (arcade): full brake is stronger and remains traction limited
PASS (arcade): handbrake develops a controllable sideways slide
PASS (arcade): sliding recovers smoothly after the handbrake is released
PASS (arcade): speed governor holds a low limit under sustained throttle
PASS (arcade): overspeed removes engine torque without abrupt automatic braking
PASS (arcade): low grip limits engine traction in both handling profiles
PASS (arcade): pressing both pedals respects the low-grip braking limit
PASS (simulation): 24 cm curb is traversable at walking speed
PASS (simulation): tall barriers still stop the vehicle
PASS (simulation): curb descent in reverse preserves support
PASS (simulation): 24 cm curb also works diagonally
PASS (simulation): parking brake holds a 17 degree hill
PASS (simulation): motor launches uphill despite a small rollback
PASS (simulation): half brake decelerates progressively without instant stopping
PASS (simulation): full brake is stronger and remains traction limited
PASS (simulation): handbrake develops a controllable sideways slide
PASS (simulation): sliding recovers smoothly after the handbrake is released
PASS (simulation): speed governor holds a low limit under sustained throttle
PASS (simulation): overspeed removes engine torque without abrupt automatic braking
PASS (simulation): low grip limits engine traction in both handling profiles
PASS (simulation): pressing both pedals respects the low-grip braking limit
Handling checks: 28 passed / 0 failed
Godot Engine v4.7.2.stable.official.ed1daf0bf - https://godotengine.org

PASS: default car allows 220 km/h
PASS: map footprint is five times the previous area
PASS: real 0–100 acceleration is slower while top speed remains available
Measured 0–100: 3.20 s
PASS: full throttle reaches 220 km/h on the real map
PASS: long outer avenue is continuous at maximum speed
PASS: actual travel speed agrees with the 220 km/h speedometer
PASS: high-speed coasting loses speed progressively
PASS: brakes stop the car from high speed within the available straight
PASS: 220 km/h collision does not tunnel through a thin barrier
PASS: high-speed steering respects the tire-force limit
PASS: full steering at 220 km/h produces a stable broad turn
PASS: tires cannot erase a large lateral slip in one physics frame
PASS: reset clears high-speed momentum and steering
High speed smoke test: 13 checks, 0 failures
Godot Engine v4.7.2.stable.official.ed1daf0bf - https://godotengine.org

PASS: neighborhood spawn is clear and grounded
PASS: HUD identifies the current world
PASS: serialized render geometry matches the floor and buildings: 
PASS: validation detects collision parent displaced from visible geometry
PASS: validation accepts a shared world transform for geometry and colliders
PASS: saving and reloading the map preserves all render placements
Map geometry: 2540 batches, 21514 primitive instances, 321824 triangles (excluding text, car, shadows)
PASS: north-south street -70.0 is continuous through intersections
PASS: east-west street -70.0 is continuous through intersections
PASS: north-south street 0.0 is continuous through intersections
PASS: east-west street 0.0 is continuous through intersections
PASS: north-south street 70.0 is continuous through intersections
PASS: east-west street 70.0 is continuous through intersections
PASS: expanded outer north-south street -210.0 spans 460 m
PASS: expanded outer east-west street -210.0 spans 460 m
PASS: expanded outer north-south street 210.0 spans 460 m
PASS: expanded outer east-west street 210.0 spans 460 m
PASS: driveway admits the car without a curb blocking access
PASS: garage facade blocks the car
PASS: road-end barrier prevents leaving the neighborhood
PASS: reset returns to the neighborhood spawn
PASS: F3 displays performance diagnostics
PASS: F3 hides performance diagnostics
PASS: pause menu changes from neighborhood to test track
PASS: pause menu returns to the neighborhood
PASS: world transitions restore active gameplay
PASS: world transitions do not duplicate input bindings
Neighborhood smoke test: 26 checks, 0 failures
Godot Engine v4.7.2.stable.official.ed1daf0bf - https://godotengine.org

PASS: race spawn is grounded behind the start line
PASS: closed circuit has at least 3 km of continuous driving
PASS: circuit closes with sixteen ordered checkpoints
PASS: spatial lookup preserves exact road distance on asphalt and off track
PASS: crossing finish in reverse cannot start or finish a lap
PASS: crossing beside the track cannot count as a checkpoint
PASS: a full lap driven with the real controller completes all checkpoints
PASS: full-lap test remains on asphalt without gaps or obstructing rails
PASS: lap timer stores the completed lap and best time
PASS: teleport cannot award a lap
PASS: leaving the asphalt invalidates the current lap
PASS: reset clears current run while preserving session best
PASS: pause freezes the race timer
PASS: race pause menu returns to the neighborhood
PASS: neighborhood pause menu opens the circuit
Race smoke test: 15 checks, 0 failures, max route error 1.82 m
Godot Engine v4.7.2.stable.official.ed1daf0bf - https://godotengine.org

PASS: braking and cornering share the friction circle
PASS: front-wheel traction limits acceleration more on gravel
PASS: acceleration transfers load away from the driven front axle
PASS: braking transfers load toward the front axle
PASS: steering develops tire force and angular acceleration
PASS: yaw inertia delays the turning response
PASS: reset clears tire and yaw state
PASS: stationary steering injects no movement
PASS: reverse steering reverses the yaw response
PASS: rear handbrake reduces lateral recovery on gravel
PASS: tire and yaw integration are stable across time steps
PASS: rally starts grounded with the new handling profile
PASS: 220 km/h limit and reduced motor torque remain configured
PASS: complete 1.5 km point-to-point stage has ordered controls
PASS: stage has substantial real elevation changes
PASS: wheel rays identify starting asphalt
PASS: traction-based launch is progressive, below 100 km/h after three seconds
PASS: physically crossing the start activates the stage clock
Rally route: waypoint=738/746 frames=8706 floor=1.000 max waypoint distance=6.43 surface=cascalho
PASS: car drives the complete asphalt/gravel stage through elevation and bends
PASS: suspension contact remains stable through the stage
PASS: ordered physical crossings finish the timed stage
PASS: clean physical stage records the best time
PASS: gravel contacts switch tire adhesion
PASS: car follows the actual terrain angle
PASS: tiny rollback on a hill cannot repeatedly lock the reverse delay
PASS: V selects the hood camera
PASS: reset restores the chase view and a fresh run
PASS: pausing stops the stage clock
PASS: quality preset selects 1080p with shadows and MSAA
PASS: quality preset enables ambient occlusion in the rally
PASS: economy preset disables additional rally effects
Rally checks: 31 passed / 0 failed
Godot Engine v4.7.2.stable.official.ed1daf0bf - https://godotengine.org

PASS: rally grass to road at sample 80 side -1; end=(-29.02035, 23.43974, 13.9322)
PASS: rally road to grass at sample 80 side -1; end=(-35.31284, 22.88796, 17.12242)
PASS: rally grass to road at sample 80 side 1; end=(-27.96101, 23.56839, 13.95525)
PASS: rally road to grass at sample 80 side 1; end=(-21.58963, 23.88094, 10.98222)
PASS: rally grass to road at sample 115 side -1; end=(-27.2101, 16.91512, -53.26525)
PASS: rally road to grass at sample 115 side -1; end=(-33.99224, 15.81872, -55.29174)
PASS: rally grass to road at sample 115 side 1; end=(-26.47543, 17.06953, -52.47687)
PASS: rally road to grass at sample 115 side 1; end=(-19.75495, 17.91427, -50.30909)
PASS: rally grass to road at sample 195 side -1; end=(102.3915, 25.68002, -132.6735)
PASS: rally road to grass at sample 195 side -1; end=(97.92474, 24.9305, -138.1115)
PASS: rally grass to road at sample 195 side 1; end=(103.198, 25.77396, -132.0827)
PASS: rally road to grass at sample 195 side 1; end=(107.7691, 26.26265, -126.7056)
PASS: rally grass to road at sample 245 side -1; end=(143.6498, 27.69711, -219.8099)
PASS: rally road to grass at sample 245 side -1; end=(136.7626, 27.14998, -218.2385)
PASS: rally grass to road at sample 245 side 1; end=(144.5543, 27.74859, -220.0489)
PASS: rally road to grass at sample 245 side 1; end=(151.4234, 27.97693, -221.6351)
PASS: rally grass to road at sample 315 side -1; end=(40.00574, 22.70278, -279.8755)
PASS: rally road to grass at sample 315 side -1; end=(43.22427, 22.4148, -273.585)
PASS: rally grass to road at sample 315 side 1; end=(39.71415, 22.74162, -280.7912)
PASS: rally road to grass at sample 315 side 1; end=(36.65396, 22.79009, -287.1051)
PASS: rally grass to road at sample 405 side -1; end=(-127.2517, 15.65943, -314.5191)
PASS: rally road to grass at sample 405 side -1; end=(-130.8174, 14.87771, -308.4323)
PASS: rally grass to road at sample 405 side 1; end=(-127.0257, 15.75847, -315.4755)
PASS: rally road to grass at sample 405 side 1; end=(-123.5781, 16.27061, -321.6044)
PASS: rally grass to road at sample 475 side -1; end=(-211.8604, 9.656262, -230.1227)
PASS: rally road to grass at sample 475 side -1; end=(-204.7903, 9.124056, -230.2889)
PASS: rally grass to road at sample 475 side 1; end=(-212.8177, 9.739124, -230.4157)
PASS: rally road to grass at sample 475 side 1; end=(-219.8606, 10.0513, -230.3802)
PASS: rally grass to road at sample 555 side -1; end=(-258.4962, 8.50896, -93.34913)
PASS: rally road to grass at sample 555 side -1; end=(-254.142, 8.161616, -87.8336)
PASS: rally grass to road at sample 555 side 1; end=(-259.2386, 8.555496, -94.01099)
PASS: rally road to grass at sample 555 side 1; end=(-263.6604, 9.042398, -99.44601)
PASS: rally grass to road at sample 635 side -1; end=(-245.8447, 16.8276, 55.35171)
PASS: rally road to grass at sample 635 side -1; end=(-239.1301, 16.56577, 57.46944)
PASS: rally grass to road at sample 635 side 1; end=(-246.8215, 16.85647, 55.16002)
PASS: rally road to grass at sample 635 side 1; end=(-253.5423, 16.89534, 53.14989)
PASS: rally grass to road at sample 695 side -1; end=(-326.7561, 26.18714, 141.5523)
PASS: rally road to grass at sample 695 side -1; end=(-326.3299, 26.75035, 148.5871)
PASS: rally grass to road at sample 695 side 1; end=(-326.6791, 26.16394, 140.5881)
PASS: rally road to grass at sample 695 side 1; end=(-327.1211, 25.9088, 133.5618)
Rally access: 40 checks, 0 failures
Godot Engine v4.7.2.stable.official.ed1daf0bf - https://godotengine.org

PASS: every tree retains both close volume and a distant representation
PASS: saved LOD dependencies pair the same sectors without missing crowns/trunks
PASS: distant trees use one silhouette card without alpha-shadow passes
PASS: grass fades before its sector cutoff rather than rendering hundreds of meters away
PASS: billboard rotation has conservative saved culling bounds
PASS: terrain uses authored UV density without three texture projections
PASS: road material receives continuous lateral coordinates for tracks and natural shoulders
PASS: visual LOD leaves road and terrain collision adhesion intact
PASS: cullable road chunks preserve all route bands without missing sections
PASS: all terrain tiles retain detailed near geometry and multiple distant LODs
PASS: 3D textures use mip chains and GPU compression across circuit and rally
PASS: a rotating billboard remains inside its bounds from every viewing direction
PASS: GPU frame timing uses actual time even when engine delta is capped
PASS: pause/resume excludes the paused gap from measured frames
PASS: stopped capture does not accumulate frames
Rally visual checks: 15 passed / 0 failed
Godot Engine v4.7.2.stable.official.ed1daf0bf - https://godotengine.org

PASS: Engine starts with real audio data
PASS: Engine loops with a valid sample range
PASS: Ambience starts with real audio data
PASS: Ambience loops with a valid sample range
PASS: Music starts with real audio data
PASS: Music loops with a valid sample range
PASS: engine pitch responds to driving
PASS: reset restores idle engine pitch
PASS: pause suspends every audio layer
PASS: pause opens the audio options
PASS: audio options focus the first slider for keyboard/controller
PASS: engine slider changes its separate bus
PASS: zero music volume mutes the music bus
PASS: music mute leaves the engine enabled
PASS: Escape returns from audio options to the pause menu
PASS: resuming restores audio playback
PASS: saved volume reloads from the configuration file
PASS: saved mute is reapplied to the bus
Audio smoke test: 18 checks, 0 failures
Godot Engine v4.7.2.stable.official.ed1daf0bf - https://godotengine.org

PASS: engine volume survives restarting the game
PASS: music mute survives restarting the game
Audio smoke test: 2 checks, 0 failures
Godot Engine v4.7.2.stable.official.ed1daf0bf - https://godotengine.org

PASS: project starts at the main menu
PASS: main menu focuses the pilot city for keyboard and controller
PASS: pilot city is the first driving option and visible without scrolling
PASS: main menu opens audio settings
PASS: Escape closes audio and restores focus
PASS: graphics settings open with focus
PASS: fullscreen preference disables window resolution selection
PASS: window resolution selection changes preferences
PASS: invalid graphic values are rejected
PASS: FPS limit selection updates the graphics preference
PASS: invalid FPS limits cannot replace a valid selection
PASS: Escape returns from graphics to main menu
PASS: Drive starts the neighborhood
PASS: antialiasing option updates saved graphics preferences
PASS: shadow option updates the current world while paused
PASS: Escape from graphics keeps the world paused
PASS: graphics reload reapplies saved values to the world
PASS: graphics settings carry over to the test track
PASS: return to main menu clears pause and driving audio
PASS: new driving session retains graphic preferences
PASS: headless mode refuses to report rendered performance
PASS: balanced mode keeps shadows and MSAA with lightweight rally effects
PASS: balanced mode synchronizes its effects control
PASS: high profile uses 1080p without requiring Forward+ effects
PASS: legacy profile targets native 720p and updates the paused world
PASS: legacy profile synchronizes visible resolution
PASS: presets retain the Compatibility renderer
PASS: economy mode applies the lightweight windowed profile
PASS: economy mode synchronizes the visible controls
Menu smoke test: 29 checks, 0 failures
Godot Engine v4.7.2.stable.official.ed1daf0bf - https://godotengine.org

PASS: graphics preferences survive restarting the process
Menu smoke test: 1 checks, 0 failures
Godot Engine v4.7.2.stable.official.ed1daf0bf - https://godotengine.org

PASS: one connected street network encloses six blocks
PASS: pilot generator saves into isolated user data
PASS: offline regeneration preserves terrain, streets, UVs, placements and all collision
PASS: pilot city is the default menu destination
PASS: menu enters the connected pilot city
PASS: saved first district has six blocks with fifteen as a future target
PASS: player spawns and resets on the authored sloping street
PASS: pilot uses the existing arcade vehicle without a new handling profile
PASS: all seventeen streets and their joins have real collision matching the terrain heights
PASS: street network offers measurable low town and hillside relief
Pilot route: arrived=true offset=0.69 support=1.0000 paved=0.9945 position=(-146.6746, 2.875251, 97.13045)
PASS: outer outward completes a closed drive with real inputs
PASS: closed drive maintains support and stays on paved streets through slopes and junctions
Pilot route: arrived=true offset=0.97 support=1.0000 paved=0.9933 position=(-145.1693, 2.8859, 97.72331)
PASS: outer return completes a closed drive with real inputs
PASS: closed drive maintains support and stays on paved streets through slopes and junctions
Pilot route: arrived=true offset=1.27 support=1.0000 paved=0.9916 position=(-145.1488, 2.886088, 97.71324)
PASS: centre outward completes a closed drive with real inputs
PASS: closed drive maintains support and stays on paved streets through slopes and junctions
Pilot route: arrived=true offset=0.85 support=1.0000 paved=0.9933 position=(-145.0988, 2.886438, 97.70242)
PASS: centre return completes a closed drive with real inputs
PASS: closed drive maintains support and stays on paved streets through slopes and junctions
Pilot route: arrived=true offset=1.04 support=1.0000 paved=0.9966 position=(-58.84322, 4.862095, -8.430695)
PASS: hill outward completes a closed drive with real inputs
PASS: closed drive maintains support and stays on paved streets through slopes and junctions
Pilot route: arrived=true offset=0.64 support=1.0000 paved=0.9933 position=(-60.74047, 4.796127, -8.971877)
PASS: hill return completes a closed drive with real inputs
PASS: closed drive maintains support and stays on paved streets through slopes and junctions
Pilot route: arrived=true offset=0.01 support=1.0000 paved=1.0000 position=(-98.97505, 3.453754, 45.96513)
PASS: square driveway is physically accessible from street
Pilot route: arrived=true offset=0.01 support=1.0000 paved=1.0000 position=(-98.44685, 3.253665, 107.293)
PASS: square driveway is physically accessible back to street
Pilot route: arrived=true offset=0.11 support=1.0000 paved=1.0000 position=(142.6629, 8.531494, 62.93066)
PASS: workshop driveway is physically accessible from street
Pilot route: arrived=true offset=0.07 support=1.0000 paved=1.0000 position=(166.3576, 8.335205, 59.76279)
PASS: workshop driveway is physically accessible back to street
PASS: one car, camera and HUD persist throughout every city route
PASS: reset returns to the original city spawn with support
PASS: existing hood camera works in the pilot city
PASS: pause freezes the pilot vehicle
PASS: pilot returns to menu and clears pause
Pilot city smoke: 31 checks, 0 failures; data /tmp/wave-check.ZhMXOI/pilot_city/godot/app_userdata/Wave
Godot Engine v4.7.2.stable.official.ed1daf0bf - https://godotengine.org

PASS: empty capture has no fabricated FPS
PASS: statistics preserve chronological frame order
PASS: average FPS uses frame count divided by actual duration
PASS: percentiles and worst frame expose different pacing properties
PASS: 1 percent low and hitch counts expose an isolated slow frame
PASS: 1 percent tail rounds up and averages the slowest intervals
PASS: short captures handle a one-frame percentile safely
PASS: normal capture avoids blocking GPU timestamp queries on legacy drivers
Performance capture: /tmp/wave-check.ZhMXOI/performance/godot/app_userdata/Wave/performance/2026-10-08T19-17-20-294
PASS: memory diagnostics inspect retained capture counts without altering saved intervals
PASS: capture writes all artifacts and stops recording
PASS: capture preserves unfocused intervals instead of silently discarding them
PASS: JSON preserves captured configuration and route identity
PASS: unavailable monitors remain null rather than zero cost
PASS: raw frame CSV retains hitch location and chronological intervals
PASS: finishing twice does not overwrite completed capture
Performance capture: /tmp/wave-check.ZhMXOI/performance/godot/app_userdata/Wave/performance/2026-10-08T19-17-20-295
PASS: manual resizing ends capture before mixing resolutions
PASS: old preferences survive with a safe default for new optional effects
PASS: graphics presets preserve the chosen FPS limit
PASS: unknown preset cannot change saved graphics
Performance smoke test: 19 checks, 0 failures
Godot Engine v4.7.2.stable.official.ed1daf0bf - https://godotengine.org

PASS: offline corridor preserves deterministic placements and colliders after saving
PASS: same seed and authored layout reproduce the corridor
PASS: corridor records 600 metres and seed
PASS: both authored landmarks persist in the generated scene
PASS: static corridor signs avoid the measured first-use cost of runtime 3D fonts
PASS: billboards keep conservative rotating visibility bounds
Corridor inventory: 515 nodes, 1729 batched instances, 851 box colliders
PASS: main menu opens the visual corridor
PASS: corridor spawn is clear and grounded
PASS: avenue is continuously driveable through both intersections
PASS: cheap Legacy contact shadow follows the car without altering physics
PASS: side street connects across the avenue without blocking curbs
PASS: workshop forecourt is accessible and the closed facade stops the car
PASS: reset retains the corridor spawn and camera contract
PASS: return to menu releases corridor audio and pause
Corridor smoke test: 14 checks, 0 failures
Godot Engine v4.7.2.stable.official.ed1daf0bf - https://godotengine.org

PASS: offline cell pipeline writes independent cells and shared resources into an isolated directory
PASS: cell ownership preserves every original batched prop, collider and landmark in world coordinates
PASS: offline regeneration reproduces all cell placements/collisions
PASS: clipping preserves the area of ground, road, patches, wires and vertex-occlusion surfaces without duplicating geometry
PASS: serialized generated surfaces preserve deterministic geometry areas
PASS: all standalone surfaces are clipped to their owning cell boundaries
Corridor cells smoke test: 6 checks, 0 failures
Godot Engine v4.7.2.stable.official.ed1daf0bf - https://godotengine.org

PASS: offline manifest contains exactly three independently stored cells
PASS: cell vale-0 owns a bounded floor and local colliders
PASS: cell vale-1 owns a bounded floor and local colliders
PASS: cell vale-2 owns a bounded floor and local colliders
PASS: partition preserves 850 props and replaces one global floor with three touching floors
PASS: cells share external materials rather than embedding complete independent palettes
PASS: startup observer retains chronological entry intervals and stops only after support is ready
PASS: stationary spawn activates only its supporting cell; preload expands with movement
PASS: 220 km/h outward traversal crosses both seams without missing support or a safety hold
PASS: far first cell releases nodes/resources while the ending cell remains supported
PASS: player camera and HUD identities survive cell transitions
PASS: return drive reloads the first cell and crosses both seams with continuous support
PASS: resident set respects the configured three-cell cap
PASS: serialized cell floor seams have real collision support on both sides
PASS: boundary reversal uses hysteresis without load/unload cycling
PASS: reset reactivates original support before driving resumes
PASS: injected slow I/O holds motion while no supporting cell exists
PASS: pause freezes activation and movement even if threaded I/O completes
PASS: obsolete first-cell result is drained without activation after teleport
PASS: delayed teleport resumes only after destination support is registered
ERROR: Cannot open file 'user://missing-cell.tscn'.
   at: load (scene/resources/resource_format_text.cpp:1442)
ERROR: Failed loading resource: user://missing-cell.tscn.
   at: _load (core/io/resource_loader.cpp:317)
WARNING: Streaming: Threaded load failed
     at: push_warning (core/variant/variant_utility.cpp:1033)
     GDScript backtrace (most recent call first):
         [0] _fail (res://scripts/world/world_streamer.gd:342)
         [1] _poll (res://scripts/world/world_streamer.gd:178)
         [2] _process (res://scripts/world/world_streamer.gd:129)
PASS: missing resource fails once and cannot drop the car or retry every frame
WARNING: Streaming: Cell root must be Node3D
     at: push_warning (core/variant/variant_utility.cpp:1033)
     GDScript backtrace (most recent call first):
         [0] _fail (res://scripts/world/world_streamer.gd:342)
         [1] _activate_one (res://scripts/world/world_streamer.gd:207)
         [2] _process (res://scripts/world/world_streamer.gd:132)
PASS: invalid root activation is rejected and released safely
WARNING: Streaming: Cell lacks the declared collision support
     at: push_warning (core/variant/variant_utility.cpp:1033)
     GDScript backtrace (most recent call first):
         [0] _fail (res://scripts/world/world_streamer.gd:342)
         [1] _activate_one (res://scripts/world/world_streamer.gd:212)
         [2] _process (res://scripts/world/world_streamer.gd:132)
PASS: a Node3D cell without the promised collision floor cannot authorize movement
WARNING: Streaming: Unknown neighboring cell
     at: push_warning (core/variant/variant_utility.cpp:1033)
     GDScript backtrace (most recent call first):
         [0] _fail (res://scripts/world/world_streamer.gd:342)
         [1] _read_manifest (res://scripts/world/world_streamer.gd:87)
         [2] _ready (res://scripts/world/world_streamer.gd:63)
         [3] _open (res://tests/streaming_smoke.gd:202)
         [4] _run (res://tests/streaming_smoke.gd:155)
         [5] _close (res://tests/streaming_smoke.gd:212)
         [6] _frames (res://tests/streaming_smoke.gd:232)
PASS: invalid manifest neighbors fail before any load request
PASS: outstanding loader result is consumed before shutdown
PASS: world destruction with a pending load frees streamer/audio and drains without a callback to freed nodes
ERROR: FAIL: Enter on the default menu action opens the city walk
   at: push_error (core/variant/variant_utility.cpp:1023)
   GDScript backtrace (most recent call first):
       [0] _check (res://tests/streaming_smoke.gd:270)
       [1] _run (res://tests/streaming_smoke.gd:182)
       [2] _frames (res://tests/streaming_smoke.gd:232)
ERROR: Node not found: "WorldStreamer" (relative to "/root/DrivePilotCity").
   at: get_node (scene/main/node.cpp:1975)
   GDScript backtrace (most recent call first):
       [0] _run (res://tests/streaming_smoke.gd:183)
       [1] _frames (res://tests/streaming_smoke.gd:232)
SCRIPT ERROR: Invalid access to property or key 'blocked' on a base object of type 'null instance'.
          at: _ready_motion (res://tests/streaming_smoke.gd:218)
          GDScript backtrace (most recent call first):
              [0] _ready_motion (res://tests/streaming_smoke.gd:218)
              [1] _frames (res://tests/streaming_smoke.gd:232)
PASS: HUD returns from streamed world to menu and releases audio even during loading
Streaming smoke test: 28 checks, 1 failures
