Godot Engine v4.7.2.stable.official.ed1daf0bf - https://godotengine.org

PASS: access validation uses the exported resource package
Godot Engine v4.7.2.stable.official.ed1daf0bf - https://godotengine.org

PASS: rally grass to road at sample 80 side -1; end=(-29.02035, 23.43974, 13.9322)
PASS: rally road to grass at sample 80 side -1; end=(-35.31284, 22.88796, 17.12242)
PASS: rally grass to road at sample 80 side 1; end=(-27.96101, 23.56839, 13.95525)
PASS: rally road to grass at sample 80 side 1; end=(-21.58963, 23.88094, 10.98222)
PASS: rally grass to road at sample 115 side -1; end=(-27.2101, 16.91512, -53.26525)
PASS: rally road to grass at sample 115 side -1; end=(-33.99224, 15.81872, -55.29174)
PASS: rally grass to road at sample 115 side 1; end=(-26.47543, 17.06953, -52.47687)
PASS: rally road to grass at sample 115 side 1; end=(-19.75495, 17.91427, -50.30909)
PASS: rally grass to road at sample 195 side -1; end=(102.3915, 25.68002, -132.6735)
PASS: rally road to grass at sample 195 side -1; end=(97.92474, 24.9305, -138.1115)
PASS: rally grass to road at sample 195 side 1; end=(103.198, 25.77396, -132.0827)
PASS: rally road to grass at sample 195 side 1; end=(107.7691, 26.26265, -126.7056)
PASS: rally grass to road at sample 245 side -1; end=(143.6498, 27.69711, -219.8099)
PASS: rally road to grass at sample 245 side -1; end=(136.7626, 27.14998, -218.2385)
PASS: rally grass to road at sample 245 side 1; end=(144.5543, 27.74859, -220.0489)
PASS: rally road to grass at sample 245 side 1; end=(151.4234, 27.97693, -221.6351)
PASS: rally grass to road at sample 315 side -1; end=(40.00574, 22.70278, -279.8755)
PASS: rally road to grass at sample 315 side -1; end=(43.22427, 22.4148, -273.585)
PASS: rally grass to road at sample 315 side 1; end=(39.71415, 22.74162, -280.7912)
PASS: rally road to grass at sample 315 side 1; end=(36.65396, 22.79009, -287.1051)
PASS: rally grass to road at sample 405 side -1; end=(-127.2517, 15.65943, -314.5191)
PASS: rally road to grass at sample 405 side -1; end=(-130.8174, 14.87771, -308.4323)
PASS: rally grass to road at sample 405 side 1; end=(-127.0257, 15.75847, -315.4755)
PASS: rally road to grass at sample 405 side 1; end=(-123.5781, 16.27061, -321.6044)
PASS: rally grass to road at sample 475 side -1; end=(-211.8604, 9.656262, -230.1227)
PASS: rally road to grass at sample 475 side -1; end=(-204.7903, 9.124056, -230.2889)
PASS: rally grass to road at sample 475 side 1; end=(-212.8177, 9.739124, -230.4157)
PASS: rally road to grass at sample 475 side 1; end=(-219.8606, 10.0513, -230.3802)
PASS: rally grass to road at sample 555 side -1; end=(-258.4962, 8.50896, -93.34913)
PASS: rally road to grass at sample 555 side -1; end=(-254.142, 8.161616, -87.8336)
PASS: rally grass to road at sample 555 side 1; end=(-259.2386, 8.555496, -94.01099)
PASS: rally road to grass at sample 555 side 1; end=(-263.6604, 9.042398, -99.44601)
PASS: rally grass to road at sample 635 side -1; end=(-245.8447, 16.8276, 55.35171)
PASS: rally road to grass at sample 635 side -1; end=(-239.1301, 16.56577, 57.46944)
PASS: rally grass to road at sample 635 side 1; end=(-246.8215, 16.85647, 55.16002)
PASS: rally road to grass at sample 635 side 1; end=(-253.5423, 16.89534, 53.14989)
PASS: rally grass to road at sample 695 side -1; end=(-326.7561, 26.18714, 141.5523)
PASS: rally road to grass at sample 695 side -1; end=(-326.3299, 26.75035, 148.5871)
PASS: rally grass to road at sample 695 side 1; end=(-326.6791, 26.16394, 140.5881)
PASS: rally road to grass at sample 695 side 1; end=(-327.1211, 25.9088, 133.5618)
Rally access: 40 checks, 0 failures
Godot Engine v4.7.2.stable.official.ed1daf0bf - https://godotengine.org

PASS: test_track.tscn crosses ground transition (-33.0, 0.36, 30.0) -> (-33.0, 0.36, -18.0); end=(-33.0, 0.350115, -18.01177)
PASS: crossing keeps physical ground contact without streaming holds
PASS: test_track.tscn crosses ground transition (-33.0, 0.36, -18.0) -> (-33.0, 0.36, 30.0); end=(-33.0, 0.350115, 30.00607)
PASS: crossing keeps physical ground contact without streaming holds
PASS: drive_neighborhood.tscn crosses ground transition (5.0, 0.36, -34.0) -> (10.0, 0.36, -34.0); end=(10.03834, 0.51138, -34.0)
PASS: crossing keeps physical ground contact without streaming holds
PASS: drive_neighborhood.tscn crosses ground transition (10.0, 0.36, -34.0) -> (5.0, 0.36, -34.0); end=(4.974425, 0.349273, -34.0)
PASS: crossing keeps physical ground contact without streaming holds
PASS: drive_neighborhood.tscn crosses ground transition (-5.0, 0.36, -34.0) -> (-10.0, 0.36, -34.0); end=(-10.03843, 0.511374, -34.0)
PASS: crossing keeps physical ground contact without streaming holds
PASS: drive_neighborhood.tscn crosses ground transition (-10.0, 0.36, -34.0) -> (-5.0, 0.36, -34.0); end=(-4.974607, 0.349274, -34.0)
PASS: crossing keeps physical ground contact without streaming holds
PASS: drive_corridor.tscn crosses ground transition (3.5, 0.36, -62.0) -> (7.9, 0.36, -62.0); end=(7.901607, 0.480375, -62.0)
PASS: crossing keeps physical ground contact without streaming holds
PASS: drive_corridor.tscn crosses ground transition (7.9, 0.36, -62.0) -> (3.5, 0.36, -62.0); end=(3.459725, 0.350367, -62.0)
PASS: crossing keeps physical ground contact without streaming holds
PASS: drive_corridor.tscn crosses ground transition (-3.5, 0.36, -62.0) -> (-7.9, 0.36, -62.0); end=(-7.901619, 0.48038, -62.0)
PASS: crossing keeps physical ground contact without streaming holds
PASS: drive_corridor.tscn crosses ground transition (-7.9, 0.36, -62.0) -> (-3.5, 0.36, -62.0); end=(-3.465722, 0.35094, -62.0)
PASS: crossing keeps physical ground contact without streaming holds
PASS: drive_streamed_corridor.tscn crosses ground transition (3.5, 0.36, -62.0) -> (7.9, 0.36, -62.0); end=(7.901631, 0.480413, -62.0)
PASS: crossing keeps physical ground contact without streaming holds
PASS: drive_streamed_corridor.tscn crosses ground transition (7.9, 0.36, -62.0) -> (3.5, 0.36, -62.0); end=(3.459728, 0.350435, -62.0)
PASS: crossing keeps physical ground contact without streaming holds
PASS: drive_streamed_corridor.tscn crosses ground transition (-3.5, 0.36, -62.0) -> (-7.9, 0.36, -62.0); end=(-7.901619, 0.48038, -62.0)
PASS: crossing keeps physical ground contact without streaming holds
PASS: drive_streamed_corridor.tscn crosses ground transition (-7.9, 0.36, -62.0) -> (-3.5, 0.36, -62.0); end=(-3.462489, 0.350282, -62.0)
PASS: crossing keeps physical ground contact without streaming holds
PASS: drive_intercity.tscn crosses ground transition (3.5, 0.36, -62.0) -> (7.9, 0.36, -62.0); end=(7.901631, 0.480413, -62.0)
PASS: crossing keeps physical ground contact without streaming holds
PASS: drive_intercity.tscn crosses ground transition (7.9, 0.36, -62.0) -> (3.5, 0.36, -62.0); end=(3.468549, 0.350584, -62.0)
PASS: crossing keeps physical ground contact without streaming holds
PASS: drive_intercity.tscn crosses ground transition (-3.5, 0.36, -62.0) -> (-7.9, 0.36, -62.0); end=(-7.901619, 0.48038, -62.0)
PASS: crossing keeps physical ground contact without streaming holds
PASS: drive_intercity.tscn crosses ground transition (-7.9, 0.36, -62.0) -> (-3.5, 0.36, -62.0); end=(-3.466251, 0.350857, -62.0)
PASS: crossing keeps physical ground contact without streaming holds
PASS: drive_intercity.tscn crosses ground transition (3.5, 0.36, -1130.0) -> (7.9, 0.36, -1130.0); end=(7.92762, 0.460115, -1130.0)
PASS: crossing keeps physical ground contact without streaming holds
PASS: drive_intercity.tscn crosses ground transition (7.9, 0.36, -1130.0) -> (3.5, 0.36, -1130.0); end=(3.468856, 0.350116, -1130.0)
PASS: crossing keeps physical ground contact without streaming holds
PASS: drive_intercity.tscn crosses ground transition (-3.5, 0.36, -1130.0) -> (-7.9, 0.36, -1130.0); end=(-7.91762, 0.460115, -1130.0)
PASS: crossing keeps physical ground contact without streaming holds
PASS: drive_intercity.tscn crosses ground transition (-7.9, 0.36, -1130.0) -> (-3.5, 0.36, -1130.0); end=(-3.468198, 0.350116, -1130.0)
PASS: crossing keeps physical ground contact without streaming holds
PASS: drive_intercity.tscn crosses ground transition (13.19909, 0.36, -480.0) -> (6.699088, 0.36, -480.0); end=(6.698289, 0.350115, -480.0)
PASS: crossing keeps physical ground contact without streaming holds
PASS: drive_intercity.tscn crosses ground transition (6.699088, 0.36, -480.0) -> (13.19909, 0.36, -480.0); end=(13.1999, 0.350941, -480.0)
PASS: crossing keeps physical ground contact without streaming holds
PASS: drive_intercity.tscn crosses ground transition (20.19909, 0.36, -480.0) -> (26.69909, 0.36, -480.0); end=(26.69989, 0.350113, -480.0)
PASS: crossing keeps physical ground contact without streaming holds
PASS: drive_intercity.tscn crosses ground transition (26.69909, 0.36, -480.0) -> (20.19909, 0.36, -480.0); end=(20.19831, 0.3501, -480.0)
PASS: crossing keeps physical ground contact without streaming holds
PASS: drive_intercity.tscn crosses ground transition (-10.91424, 0.36, -850.0) -> (-17.41424, 0.36, -850.0); end=(-17.41501, 0.350509, -850.0)
PASS: crossing keeps physical ground contact without streaming holds
PASS: drive_intercity.tscn crosses ground transition (-17.41424, 0.36, -850.0) -> (-10.91424, 0.36, -850.0); end=(-10.91345, 0.350114, -850.0)
PASS: crossing keeps physical ground contact without streaming holds
PASS: drive_intercity.tscn crosses ground transition (-3.91424, 0.36, -850.0) -> (2.58576, 0.36, -850.0); end=(2.586554, 0.350942, -850.0)
PASS: crossing keeps physical ground contact without streaming holds
PASS: drive_intercity.tscn crosses ground transition (2.58576, 0.36, -850.0) -> (-3.91424, 0.36, -850.0); end=(-3.915038, 0.350114, -850.0)
PASS: crossing keeps physical ground contact without streaming holds
PASS: drive_race.tscn crosses ground transition (40.03663, 0.36, 386.2051) -> (40.12057, 0.36, 377.2055); end=(40.12078, 0.349213, 377.1757)
PASS: crossing keeps physical ground contact without streaming holds
PASS: drive_race.tscn crosses ground transition (40.12057, 0.36, 377.2055) -> (40.03663, 0.36, 386.2051); end=(40.03646, 0.349274, 386.2352)
PASS: crossing keeps physical ground contact without streaming holds
PASS: drive_race.tscn crosses ground transition (39.96202, 0.36, 394.2047) -> (39.87809, 0.36, 403.2043); end=(39.87786, 0.350652, 403.2342)
PASS: crossing keeps physical ground contact without streaming holds
PASS: drive_race.tscn crosses ground transition (39.87809, 0.36, 403.2043) -> (39.96202, 0.36, 394.2047); end=(39.96221, 0.349274, 394.1749)
PASS: crossing keeps physical ground contact without streaming holds
PASS: drive_race.tscn crosses ground transition (482.275, 0.36, -118.0719) -> (474.043, 0.36, -114.434); end=(474.0159, 0.349275, -114.4219)
PASS: crossing keeps physical ground contact without streaming holds
PASS: drive_race.tscn crosses ground transition (474.043, 0.36, -114.434) -> (482.275, 0.36, -118.0719); end=(482.3029, 0.350584, -118.084)
PASS: crossing keeps physical ground contact without streaming holds
PASS: drive_race.tscn crosses ground transition (489.5923, 0.36, -121.3056) -> (497.8243, 0.36, -124.9436); end=(497.8519, 0.349253, -124.9556)
PASS: crossing keeps physical ground contact without streaming holds
PASS: drive_race.tscn crosses ground transition (497.8243, 0.36, -124.9436) -> (489.5923, 0.36, -121.3056); end=(489.5648, 0.350357, -121.2935)
PASS: crossing keeps physical ground contact without streaming holds
PASS: drive_race.tscn crosses ground transition (-188.5462, 0.36, -360.711) -> (-189.9236, 0.36, -351.817); end=(-189.9281, 0.350941, -351.7871)
PASS: crossing keeps physical ground contact without streaming holds
PASS: drive_race.tscn crosses ground transition (-189.9236, 0.36, -351.817) -> (-188.5462, 0.36, -360.711); end=(-188.5419, 0.350937, -360.7408)
PASS: crossing keeps physical ground contact without streaming holds
PASS: drive_race.tscn crosses ground transition (-187.322, 0.36, -368.6168) -> (-185.9446, 0.36, -377.5107); end=(-185.9402, 0.350306, -377.5403)
PASS: crossing keeps physical ground contact without streaming holds
PASS: drive_race.tscn crosses ground transition (-185.9446, 0.36, -377.5107) -> (-187.322, 0.36, -368.6168); end=(-187.3266, 0.35094, -368.5876)
PASS: crossing keeps physical ground contact without streaming holds
PASS: drive_elevation.tscn crosses ground transition (8.27506, 13.44591, -230.0) -> (1.77506, 13.44591, -230.0); end=(1.767419, 13.43081, -229.9365)
PASS: crossing keeps physical ground contact without streaming holds
PASS: drive_elevation.tscn crosses ground transition (1.77506, 13.44591, -230.0) -> (8.27506, 13.44591, -230.0); end=(8.282708, 13.43127, -229.9395)
PASS: crossing keeps physical ground contact without streaming holds
PASS: drive_elevation.tscn crosses ground transition (15.27506, 13.44591, -230.0) -> (21.77506, 13.44591, -230.0); end=(21.78273, 13.43118, -229.9387)
PASS: crossing keeps physical ground contact without streaming holds
PASS: drive_elevation.tscn crosses ground transition (21.77506, 13.44591, -230.0) -> (15.27506, 13.44591, -230.0); end=(15.26739, 13.43122, -229.9391)
PASS: crossing keeps physical ground contact without streaming holds
PASS: drive_elevation.tscn crosses ground transition (-7.050436, 5.915849, -425.0) -> (-13.55044, 5.915849, -425.0); end=(-13.55105, 5.901098, -425.063)
PASS: crossing keeps physical ground contact without streaming holds
PASS: drive_elevation.tscn crosses ground transition (-13.55044, 5.915849, -425.0) -> (-7.050436, 5.915849, -425.0); end=(-7.049836, 5.901114, -425.0633)
PASS: crossing keeps physical ground contact without streaming holds
PASS: drive_elevation.tscn crosses ground transition (-0.050437, 5.915849, -425.0) -> (6.449564, 5.915849, -425.0); end=(6.450172, 5.901186, -425.0625)
PASS: crossing keeps physical ground contact without streaming holds
PASS: drive_elevation.tscn crosses ground transition (6.449564, 5.915849, -425.0) -> (-0.050437, 5.915849, -425.0); end=(-0.051031, 5.901276, -425.0617)
PASS: crossing keeps physical ground contact without streaming holds
Map ground access: 100 checks, 0 failures
Godot Engine v4.7.2.stable.official.ed1daf0bf - https://godotengine.org

Access avenue to square through the open curb: arrived=true deviation=0.000 end=(-27.02975, 0.350535, -1240.0)
PASS: avenue to square through the open curb is physically drivable
PASS: avenue to square through the open curb maintains support without streaming holds
Access square back to avenue: arrived=true deviation=0.000 end=(3.529695, 0.350942, -1240.0)
PASS: square back to avenue is physically drivable
PASS: square back to avenue maintains support without streaming holds
Access crossroad to the eastern side street: arrived=true deviation=0.000 end=(45.02317, 0.350117, -1180.0)
PASS: crossroad to the eastern side street is physically drivable
PASS: crossroad to the eastern side street maintains support without streaming holds
Access road to rural stop through its fence opening: arrived=true deviation=0.000 end=(-21.05912, 0.350117, -300.0)
PASS: road to rural stop through its fence opening is physically drivable
PASS: road to rural stop through its fence opening maintains support without streaming holds
Access rural stop back to road: arrived=true deviation=0.000 end=(6.251516, 0.350117, -300.0)
PASS: rural stop back to road is physically drivable
PASS: rural stop back to road maintains support without streaming holds
Access highway to roadside refuge through its fence opening: arrived=true deviation=0.000 end=(20.03942, 0.350941, -810.0)
PASS: highway to roadside refuge through its fence opening is physically drivable
PASS: highway to roadside refuge through its fence opening maintains support without streaming holds
Access roadside refuge back to highway: arrived=true deviation=0.000 end=(-8.482551, 0.350941, -810.0)
PASS: roadside refuge back to highway is physically drivable
PASS: roadside refuge back to highway maintains support without streaming holds
PASS: town exploration preserves the bounded resident set
Town access smoke test: 15 checks, 0 failures
Godot Engine v4.7.2.stable.official.ed1daf0bf - https://godotengine.org

PASS: rural stop outward brakes from 80 km/h, turns into the entrance and stops
PASS: rural stop outward maintains ground support throughout the approach and turn
Maneuver rural stop outward: turn entry 15.0 km/h, stopped at (-23.28574, 0.350941, -300.0002), exit (8.60874, 0.350116, -329.1524)
PASS: rural stop outward returns to its travel lane using vehicle inputs
PASS: rural stop returning brakes from 80 km/h, turns into the entrance and stops
PASS: rural stop returning maintains ground support throughout the approach and turn
Maneuver rural stop returning: turn entry 13.9 km/h, stopped at (-22.53772, 0.350941, -299.9997), exit (-2.465859, 0.350116, -270.8731)
PASS: rural stop returning returns to its travel lane using vehicle inputs
PASS: highway refuge outward brakes from 80 km/h, turns into the entrance and stops
PASS: highway refuge outward maintains ground support throughout the approach and turn
Maneuver highway refuge outward: turn entry 13.9 km/h, stopped at (19.952, 0.350218, -810.0006), exit (-5.161229, 0.350211, -839.1265)
PASS: highway refuge outward returns to its travel lane using vehicle inputs
PASS: highway refuge returning brakes from 80 km/h, turns into the entrance and stops
PASS: highway refuge returning maintains ground support throughout the approach and turn
Maneuver highway refuge returning: turn entry 14.1 km/h, stopped at (19.34656, 0.349277, -809.9994), exit (-18.14791, 0.350909, -780.848)
PASS: highway refuge returning returns to its travel lane using vehicle inputs
PASS: town square outward brakes from 80 km/h, turns into the entrance and stops
PASS: town square outward maintains ground support throughout the approach and turn
Maneuver town square outward: turn entry 19.1 km/h, stopped at (-26.34871, 0.350941, -1239.999), exit (3.443676, 0.350114, -1269.106)
PASS: town square outward returns to its travel lane using vehicle inputs
PASS: town square returning brakes from 80 km/h, turns into the entrance and stops
PASS: town square returning maintains ground support throughout the approach and turn
Maneuver town square returning: turn entry 19.1 km/h, stopped at (-27.06458, 0.349957, -1240.001), exit (-3.561155, 0.350942, -1210.88)
PASS: town square returning returns to its travel lane using vehicle inputs
PASS: six stop maneuvers preserve bounded streaming without load failures
Stop maneuver smoke test: 19 checks, 0 failures
Godot Engine v4.7.2.stable.official.ed1daf0bf - https://godotengine.org

PASS: one connected street network encloses six blocks
PASS: pilot city is the default menu destination
PASS: menu enters the connected pilot city
PASS: saved first district has six blocks with fifteen as a future target
PASS: district fills both street frontages with homes and parked vehicles
PASS: all authored streets offer at least eleven and a half metres of paved width
PASS: player spawns and resets on the authored sloping street
PASS: pilot uses the existing arcade vehicle without a new handling profile
PASS: all seventeen streets and their joins have real collision matching the terrain heights
PASS: street centre and both lanes remain clear of building footprints, walls and balconies
PASS: street network offers measurable low town and hillside relief
Pilot route: arrived=true offset=0.97 support=1.0000 paved=0.9935 position=(-146.7272, 2.875146, 97.10187)
PASS: outer outward completes a closed drive with real inputs
PASS: closed drive maintains support and stays on paved streets through slopes and junctions
Pilot route: arrived=true offset=1.21 support=1.0000 paved=0.9956 position=(-145.1349, 2.886447, 97.6398)
PASS: outer return completes a closed drive with real inputs
PASS: closed drive maintains support and stays on paved streets through slopes and junctions
Pilot route: arrived=true offset=2.08 support=1.0000 paved=1.0000 position=(-145.1714, 2.886205, 97.62991)
PASS: centre outward completes a closed drive with real inputs
PASS: closed drive maintains support and stays on paved streets through slopes and junctions
Pilot route: arrived=true offset=1.00 support=1.0000 paved=1.0000 position=(-145.141, 2.886434, 97.59961)
PASS: centre return completes a closed drive with real inputs
PASS: closed drive maintains support and stays on paved streets through slopes and junctions
Pilot route: arrived=true offset=1.37 support=1.0000 paved=0.9949 position=(-58.91919, 4.865571, -8.52211)
PASS: hill outward completes a closed drive with real inputs
PASS: closed drive maintains support and stays on paved streets through slopes and junctions
Pilot route: arrived=true offset=0.87 support=1.0000 paved=1.0000 position=(-60.82949, 4.797687, -8.926816)
PASS: hill return completes a closed drive with real inputs
PASS: closed drive maintains support and stays on paved streets through slopes and junctions
Pilot route: arrived=true offset=0.01 support=1.0000 paved=1.0000 position=(-98.97717, 3.453763, 45.94788)
PASS: square driveway is physically accessible from street
Pilot route: arrived=true offset=0.01 support=1.0000 paved=1.0000 position=(-98.44453, 3.254246, 107.2656)
PASS: square driveway is physically accessible back to street
Pilot route: arrived=true offset=0.11 support=1.0000 paved=1.0000 position=(142.6521, 8.531349, 62.93458)
PASS: workshop driveway is physically accessible from street
Pilot route: arrived=true offset=0.07 support=1.0000 paved=1.0000 position=(166.3582, 8.335711, 59.75724)
PASS: workshop driveway is physically accessible back to street
PASS: one car, camera and HUD persist throughout every city route
PASS: reset returns to the original city spawn with support
PASS: existing hood camera works in the pilot city
PASS: pause freezes the pilot vehicle
PASS: pilot returns to menu and clears pause
Pilot city smoke: 32 checks, 0 failures; data /tmp/wave-pack-access.iJhxG8/data/godot/app_userdata/Wave
WARNING: 6 ObjectDB instances were leaked at exit (run with `--verbose` for details).
   at: cleanup (core/object/object.cpp:2536)
Godot Engine v4.7.2.stable.official.ed1daf0bf - https://godotengine.org

Curb result: { "edge": "0-1", "side": -1.0, "returning": false, "reverse": false, "speed": 1.2, "arrived": true, "stalled_frames": 0, "air_frames": 0, "max_clearance": 0.50933388752179, "max_height_jump": 0.00703127911639, "minimum_speed": 1.18990278244019, "end": "(-135.5813, 3.116102, -117.7926)" }
PASS: actual curved hillside sidewalk traverses without catching: 0-1 side -1.0 reverse false speed 1.2
PASS: sidewalk transition preserves support without launching the vehicle
PASS: sidewalk contact changes height progressively rather than stepping the body upward
Curb result: { "edge": "0-1", "side": -1.0, "returning": true, "reverse": true, "speed": 2.5, "arrived": true, "stalled_frames": 0, "air_frames": 0, "max_clearance": 0.51796128714752, "max_height_jump": 0.01664311558108, "minimum_speed": 2.49000835418701, "end": "(-134.3542, 3.164524, -109.8251)" }
PASS: actual curved hillside sidewalk traverses without catching: 0-1 side -1.0 reverse true speed 2.5
PASS: sidewalk transition preserves support without launching the vehicle
PASS: sidewalk contact changes height progressively rather than stepping the body upward
Curb result: { "edge": "0-1", "side": 1.0, "returning": false, "reverse": false, "speed": 1.2, "arrived": true, "stalled_frames": 0, "air_frames": 0, "max_clearance": 0.50917583386544, "max_height_jump": 0.0070355391008, "minimum_speed": 1.19019043445587, "end": "(-138.6333, 3.089667, -94.96639)" }
PASS: actual curved hillside sidewalk traverses without catching: 0-1 side 1.0 reverse false speed 1.2
PASS: sidewalk transition preserves support without launching the vehicle
PASS: sidewalk contact changes height progressively rather than stepping the body upward
Curb result: { "edge": "0-1", "side": 1.0, "returning": true, "reverse": true, "speed": 2.5, "arrived": true, "stalled_frames": 0, "air_frames": 0, "max_clearance": 0.51799806895743, "max_height_jump": 0.01665293153515, "minimum_speed": 2.48982906341553, "end": "(-135.369, 3.155392, -102.3168)" }
PASS: actual curved hillside sidewalk traverses without catching: 0-1 side 1.0 reverse true speed 2.5
PASS: sidewalk transition preserves support without launching the vehicle
PASS: sidewalk contact changes height progressively rather than stepping the body upward
Curb result: { "edge": "5-6", "side": -1.0, "returning": false, "reverse": false, "speed": 1.2, "arrived": true, "stalled_frames": 0, "air_frames": 0, "max_clearance": 0.51492194005852, "max_height_jump": 0.00569487199456, "minimum_speed": 1.18986022472382, "end": "(-23.02294, 6.542785, -8.750404)" }
PASS: actual curved hillside sidewalk traverses without catching: 5-6 side -1.0 reverse false speed 1.2
PASS: sidewalk transition preserves support without launching the vehicle
PASS: sidewalk contact changes height progressively rather than stepping the body upward
Curb result: { "edge": "5-6", "side": -1.0, "returning": true, "reverse": true, "speed": 2.5, "arrived": true, "stalled_frames": 0, "air_frames": 0, "max_clearance": 0.51730783900221, "max_height_jump": 0.01297127448167, "minimum_speed": 2.48919439315796, "end": "(-22.58014, 6.407972, -0.223439)" }
PASS: actual curved hillside sidewalk traverses without catching: 5-6 side -1.0 reverse true speed 2.5
PASS: sidewalk transition preserves support without launching the vehicle
PASS: sidewalk contact changes height progressively rather than stepping the body upward
Curb result: { "edge": "5-6", "side": 1.0, "returning": false, "reverse": false, "speed": 1.2, "arrived": true, "stalled_frames": 0, "air_frames": 0, "max_clearance": 0.51221404180016, "max_height_jump": 0.00834920995646, "minimum_speed": 1.19041538238525, "end": "(-31.2283, 5.623463, 14.94986)" }
PASS: actual curved hillside sidewalk traverses without catching: 5-6 side 1.0 reverse false speed 1.2
PASS: sidewalk transition preserves support without launching the vehicle
PASS: sidewalk contact changes height progressively rather than stepping the body upward
Curb result: { "edge": "5-6", "side": 1.0, "returning": true, "reverse": true, "speed": 2.5, "arrived": true, "stalled_frames": 0, "air_frames": 0, "max_clearance": 0.51901894023504, "max_height_jump": 0.01407205484928, "minimum_speed": 2.48816728591919, "end": "(-26.95654, 5.993557, 8.290925)" }
PASS: actual curved hillside sidewalk traverses without catching: 5-6 side 1.0 reverse true speed 2.5
PASS: sidewalk transition preserves support without launching the vehicle
PASS: sidewalk contact changes height progressively rather than stepping the body upward
Curb result: { "edge": "2-3", "side": -1.0, "returning": false, "reverse": false, "speed": 1.2, "arrived": true, "stalled_frames": 0, "air_frames": 0, "max_clearance": 0.51375990411384, "max_height_jump": 0.006372392916, "minimum_speed": 1.19018387794495, "end": "(62.61007, 14.28518, -98.26563)" }
PASS: actual curved hillside sidewalk traverses without catching: 2-3 side -1.0 reverse false speed 1.2
PASS: sidewalk transition preserves support without launching the vehicle
PASS: sidewalk contact changes height progressively rather than stepping the body upward
Curb result: { "edge": "2-3", "side": -1.0, "returning": true, "reverse": true, "speed": 2.5, "arrived": true, "stalled_frames": 0, "air_frames": 0, "max_clearance": 0.51929347737825, "max_height_jump": 0.01394137740802, "minimum_speed": 2.4898157119751, "end": "(61.70791, 14.36089, -89.96001)" }
PASS: actual curved hillside sidewalk traverses without catching: 2-3 side -1.0 reverse true speed 2.5
PASS: sidewalk transition preserves support without launching the vehicle
PASS: sidewalk contact changes height progressively rather than stepping the body upward
Curb result: { "edge": "2-3", "side": 1.0, "returning": false, "reverse": false, "speed": 1.2, "arrived": true, "stalled_frames": 0, "air_frames": 0, "max_clearance": 0.50972342399127, "max_height_jump": 0.00703128295189, "minimum_speed": 1.18979251384735, "end": "(53.50577, 13.79208, -77.04692)" }
PASS: actual curved hillside sidewalk traverses without catching: 2-3 side 1.0 reverse false speed 1.2
PASS: sidewalk transition preserves support without launching the vehicle
PASS: sidewalk contact changes height progressively rather than stepping the body upward
Curb result: { "edge": "2-3", "side": 1.0, "returning": true, "reverse": true, "speed": 2.5, "arrived": true, "stalled_frames": 0, "air_frames": 0, "max_clearance": 0.51819988039307, "max_height_jump": 0.01505596291935, "minimum_speed": 2.48675394058228, "end": "(57.63483, 14.11143, -83.97114)" }
PASS: actual curved hillside sidewalk traverses without catching: 2-3 side 1.0 reverse true speed 2.5
PASS: sidewalk transition preserves support without launching the vehicle
PASS: sidewalk contact changes height progressively rather than stepping the body upward
Curb result: { "edge": "10-11", "side": -1.0, "returning": false, "reverse": false, "speed": 1.2, "arrived": true, "stalled_frames": 0, "air_frames": 0, "max_clearance": 0.50911776094143, "max_height_jump": 0.00567627880963, "minimum_speed": 1.19006276130676, "end": "(96.44254, 5.813661, 120.0458)" }
PASS: actual curved hillside sidewalk traverses without catching: 10-11 side -1.0 reverse false speed 1.2
PASS: sidewalk transition preserves support without launching the vehicle
PASS: sidewalk contact changes height progressively rather than stepping the body upward
Curb result: { "edge": "10-11", "side": -1.0, "returning": true, "reverse": true, "speed": 2.5, "arrived": true, "stalled_frames": 0, "air_frames": 0, "max_clearance": 0.51744774553019, "max_height_jump": 0.01576646767918, "minimum_speed": 2.48983287811279, "end": "(95.02412, 5.598172, 127.917)" }
PASS: actual curved hillside sidewalk traverses without catching: 10-11 side -1.0 reverse true speed 2.5
PASS: sidewalk transition preserves support without launching the vehicle
PASS: sidewalk contact changes height progressively rather than stepping the body upward
Curb result: { "edge": "10-11", "side": 1.0, "returning": false, "reverse": false, "speed": 1.2, "arrived": true, "stalled_frames": 0, "air_frames": 0, "max_clearance": 0.50864884659553, "max_height_jump": 0.00697135999422, "minimum_speed": 1.18987643718719, "end": "(86.3555, 5.17719, 140.7403)" }
PASS: actual curved hillside sidewalk traverses without catching: 10-11 side 1.0 reverse false speed 1.2
PASS: sidewalk transition preserves support without launching the vehicle
PASS: sidewalk contact changes height progressively rather than stepping the body upward
Curb result: { "edge": "10-11", "side": 1.0, "returning": true, "reverse": true, "speed": 2.5, "arrived": true, "stalled_frames": 0, "air_frames": 0, "max_clearance": 0.51769911871825, "max_height_jump": 0.01574597537502, "minimum_speed": 2.48978662490845, "end": "(91.8417, 5.389756, 134.8667)" }
PASS: actual curved hillside sidewalk traverses without catching: 10-11 side 1.0 reverse true speed 2.5
PASS: sidewalk transition preserves support without launching the vehicle
PASS: sidewalk contact changes height progressively rather than stepping the body upward
Curb result: { "edge": "2-3", "side": 1.0, "returning": false, "reverse": false, "speed": 10.0, "arrived": true, "stalled_frames": 0, "air_frames": 0, "max_clearance": 0.50603722917502, "max_height_jump": 0.02534750704469, "minimum_speed": 9.97972297668457, "end": "(52.95166, 13.75126, -77.15987)" }
PASS: actual curved hillside sidewalk traverses without catching: 2-3 side 1.0 reverse false speed 10.0
PASS: sidewalk transition preserves support without launching the vehicle
PASS: sidewalk contact changes height progressively rather than stepping the body upward
PASS: urban-speed crossing retains at least seventy percent of approach speed
Curb result: { "edge": "10-11", "side": 1.0, "returning": false, "reverse": false, "speed": 10.0, "arrived": true, "stalled_frames": 0, "air_frames": 0, "max_clearance": 0.50489382622392, "max_height_jump": 0.02468205044863, "minimum_speed": 9.9821605682373, "end": "(86.30714, 5.175303, 140.8788)" }
PASS: actual curved hillside sidewalk traverses without catching: 10-11 side 1.0 reverse false speed 10.0
PASS: sidewalk transition preserves support without launching the vehicle
PASS: sidewalk contact changes height progressively rather than stepping the body upward
PASS: urban-speed crossing retains at least seventy percent of approach speed
Pilot curb: 56 checks, 0 failures; /tmp/wave-pack-access.iJhxG8/data/godot/app_userdata/Wave
WARNING: 6 ObjectDB instances were leaked at exit (run with `--verbose` for details).
   at: cleanup (core/object/object.cpp:2536)
All exported access checks passed. Test data: /tmp/wave-pack-access.iJhxG8
