Godot Engine v4.7.2.stable.official.ed1daf0bf - https://godotengine.org

PASS: 12 cm sidewalk at heading 0, simulation=false crosses every seam and exits at crawling speed; end=(0.0, 0.349273, -19.00516)
PASS: sidewalk traversal does not launch the body
PASS: 12 cm sidewalk at heading -30, simulation=false crosses every seam and exits at crawling speed; end=(12.07287, 0.350448, -19.01665)
PASS: sidewalk traversal does not launch the body
PASS: 12 cm sidewalk at heading 180, simulation=false crosses every seam and exits at crawling speed; end=(0.0, 0.350114, -1.999688)
PASS: sidewalk traversal does not launch the body
PASS: 20 cm sidewalk at heading 0, simulation=false crosses every seam and exits at crawling speed; end=(0.0, 0.350942, -19.00516)
PASS: sidewalk traversal does not launch the body
PASS: 20 cm sidewalk at heading -30, simulation=false crosses every seam and exits at crawling speed; end=(12.67119, 0.350224, -19.00003)
PASS: sidewalk traversal does not launch the body
PASS: 20 cm sidewalk at heading 180, simulation=false crosses every seam and exits at crawling speed; end=(0.0, 0.350131, -1.98781)
PASS: sidewalk traversal does not launch the body
PASS: 28 cm sidewalk at heading 0, simulation=false crosses every seam and exits at crawling speed; end=(0.0, 0.350904, -19.0178)
PASS: sidewalk traversal does not launch the body
PASS: 28 cm sidewalk at heading -30, simulation=false crosses every seam and exits at crawling speed; end=(14.55658, 0.350273, -19.01336)
PASS: sidewalk traversal does not launch the body
PASS: 28 cm sidewalk at heading 180, simulation=false crosses every seam and exits at crawling speed; end=(0.0, 0.350234, -1.953923)
PASS: sidewalk traversal does not launch the body
PASS: 30 cm sidewalk at heading 0, simulation=false crosses every seam and exits at crawling speed; end=(0.0, 0.349274, -19.02496)
PASS: sidewalk traversal does not launch the body
PASS: 30 cm sidewalk at heading -30, simulation=false crosses every seam and exits at crawling speed; end=(15.94485, 0.35059, -19.01493)
PASS: sidewalk traversal does not launch the body
PASS: 30 cm sidewalk at heading 180, simulation=false crosses every seam and exits at crawling speed; end=(0.0, 0.350322, -1.968963)
PASS: sidewalk traversal does not launch the body
PASS: 28 cm sidewalk at heading 0, simulation=true crosses every seam and exits at crawling speed; end=(0.0, 0.350939, -19.01976)
PASS: sidewalk traversal does not launch the body
PASS: coarse continuous hill climbs and descends without catching; end=(-0.004248, 0.350117, -600.1974) stalled=4
Ground navigation: 27 checks, 0 failures
